08-12 14:32:59.989  2404  2729 E BatteryStatsService: no controller energy info supplied
08-12 14:34:00.825   388  2669 E NetlinkEvent: NetlinkEvent::FindParam(): Parameter 'UID' not found
08-12 14:34:00.839  2404  2729 E BatteryStatsService: no controller energy info supplied
08-12 14:38:01.859  2404  3308 E NetdConnector: NDC Command {8713 firewall enable_chain dozable} took too long (235793ms)
08-12 14:48:11.892   388  2669 E NetlinkEvent: NetlinkEvent::FindParam(): Parameter 'UID' not found
08-12 14:48:11.908  2404  2729 E BatteryStatsService: no controller energy info supplied
08-12 14:52:09.822   388  2669 E NetlinkEvent: NetlinkEvent::FindParam(): Parameter 'UID' not found
08-12 14:52:09.828  2404  2729 E BatteryStatsService: no controller energy info supplied
08-12 14:52:13.088   388  2669 E NetlinkEvent: NetlinkEvent::FindParam(): Parameter 'UID' not found
08-12 14:52:13.092  2404  2729 E BatteryStatsService: no controller energy info supplied
08-12 14:52:34.369  2404  2708 W ProcessCpuTracker: Skipping unknown process pid 5720
08-12 14:52:39.352   388  2669 E NetlinkEvent: NetlinkEvent::FindParam(): Parameter 'UID' not found
08-12 14:52:39.366  2404  2729 E BatteryStatsService: no controller energy info supplied
08-12 14:52:42.952   388  2669 E NetlinkEvent: NetlinkEvent::FindParam(): Parameter 'UID' not found
08-12 14:52:42.966  2404  2729 E BatteryStatsService: no controller energy info supplied
08-12 14:52:57.992   388  2669 E NetlinkEvent: NetlinkEvent::FindParam(): Parameter 'UID' not found
08-12 14:52:58.008  2404  2729 E BatteryStatsService: no controller energy info supplied
08-12 14:53:23.840   388  2669 E NetlinkEvent: NetlinkEvent::FindParam(): Parameter 'UID' not found
08-12 14:53:23.850  2404  2729 E BatteryStatsService: no controller energy info supplied
08-12 14:54:02.810   388  2669 E NetlinkEvent: NetlinkEvent::FindParam(): Parameter 'UID' not found
08-12 14:54:02.822  2404  2729 E BatteryStatsService: no controller energy info supplied
08-12 14:54:02.831  2404  2703 I UsageStatsService: User[0] Rolling over usage stats
08-12 14:54:02.832  2404  2703 I UsageStatsService: User[0] Flushing usage stats to disk
08-12 14:54:02.898  2404  2703 I UsageStatsService: User[0] Rollover scheduled @ 2018-08-13 14:54:02(1534139642820)
08-12 14:54:02.898  2404  2703 I UsageStatsService: User[0] Flushing usage stats to disk
08-12 14:54:02.934  2404  2703 I UsageStatsService: User[0] Rolling over usage stats complete. Took 103 milliseconds
08-12 14:54:36.855  2404  2708 E NetdConnector: NDC Command {8719 firewall set_uid_rule dozable 10080 allow} took too long (18964ms)
08-12 14:56:22.656   388  2669 E NetlinkEvent: NetlinkEvent::FindParam(): Parameter 'UID' not found
08-12 14:56:22.673   388  2669 E NetlinkEvent: NetlinkEvent::FindParam(): Parameter 'UID' not found
08-12 14:56:22.685  2404  2729 E BatteryStatsService: no controller energy info supplied
08-12 14:56:22.692   388  2669 E NetlinkEvent: NetlinkEvent::FindParam(): Parameter 'UID' not found
08-12 14:56:22.718  2404  2729 E BatteryStatsService: no controller energy info supplied
08-12 14:56:22.742  2404  2729 E BatteryStatsService: no controller energy info supplied
08-12 14:58:02.816   388  2669 E NetlinkEvent: NetlinkEvent::FindParam(): Parameter 'UID' not found
08-12 14:58:02.827  2404  2729 E BatteryStatsService: no controller energy info supplied
08-12 15:18:33.897  2404  2708 W ProcessCpuTracker: Skipping unknown process pid 5772
08-12 15:19:00.877  2404  3308 E NetdConnector: NDC Command {8724 firewall enable_chain dozable} took too long (26856ms)
08-12 15:22:25.864   388  2669 E NetlinkEvent: NetlinkEvent::FindParam(): Parameter 'UID' not found
08-12 15:22:25.870  2404  2729 E BatteryStatsService: no controller energy info supplied
08-12 15:22:25.918  2404  2729 E BatteryStatsService: no controller energy info supplied
08-12 15:22:25.920  2404  2729 E BatteryStatsService: no controller energy info supplied
08-12 15:22:26.643  2404  2729 E BatteryStatsService: modem info is invalid: ModemActivityInfo{ mTimestamp=2594073115 mSleepTimeMs=-1725726382 mIdleTimeMs=1730515956 mTxTimeMs[]=[0, 0, 0, 0, 0] mRxTimeMs=17138 mEnergyUsed=0}
08-12 15:28:02.838   388  2669 E NetlinkEvent: NetlinkEvent::FindParam(): Parameter 'UID' not found
08-12 15:28:02.848  2404  2729 E BatteryStatsService: no controller energy info supplied
08-12 15:35:49.514   388  2669 E NetlinkEvent: NetlinkEvent::FindParam(): Parameter 'UID' not found
08-12 15:35:49.519  2404  2729 E BatteryStatsService: no controller energy info supplied
08-12 15:38:01.828   388  2669 E NetlinkEvent: NetlinkEvent::FindParam(): Parameter 'UID' not found
08-12 15:38:01.842  2404  2729 E BatteryStatsService: no controller energy info supplied
08-12 15:38:01.911  2404  3308 E NetdConnector: NDC Command {8726 firewall enable_chain dozable} took too long (127847ms)
08-12 15:39:50.531   388  2669 E NetlinkEvent: NetlinkEvent::FindParam(): Parameter 'UID' not found
08-12 15:39:50.532   388  2669 E NetlinkEvent: NetlinkEvent::FindParam(): Parameter 'UID' not found
08-12 15:39:50.542  2404  2729 E BatteryStatsService: no controller energy info supplied
08-12 15:39:50.571  2404  2729 E BatteryStatsService: no controller energy info supplied
08-12 15:39:50.791   388  2669 E NetlinkEvent: NetlinkEvent::FindParam(): Parameter 'UID' not found
08-12 15:39:50.805  2404  2729 E BatteryStatsService: no controller energy info supplied
08-12 15:48:02.828   388  2669 E NetlinkEvent: NetlinkEvent::FindParam(): Parameter 'UID' not found
08-12 15:48:02.840  2404  2729 E BatteryStatsService: no controller energy info supplied
08-12 15:51:27.850   388  2669 E NetlinkEvent: NetlinkEvent::FindParam(): Parameter 'UID' not found
08-12 15:51:27.867  2404  2729 E BatteryStatsService: no controller energy info supplied
08-12 15:51:27.938  2404  3308 E NetdConnector: NDC Command {8730 firewall enable_chain dozable} took too long (27876ms)
08-12 15:58:02.849   388  2669 E NetlinkEvent: NetlinkEvent::FindParam(): Parameter 'UID' not found
08-12 15:58:02.856  2404  2729 E BatteryStatsService: no controller energy info supplied
08-12 16:06:01.312  2404  2477 E BatteryStatsService: no controller energy info supplied
08-12 16:06:01.312  2404  2477 E BatteryStatsService: no controller energy info supplied
08-12 16:06:01.344  2404  2477 E BatteryStatsService: modem info is invalid: ModemActivityInfo{ mTimestamp=2596688502 mSleepTimeMs=-1723121959 mIdleTimeMs=1725728110 mTxTimeMs[]=[0, 0, 0, 0, 0] mRxTimeMs=9233 mEnergyUsed=0}
08-12 16:20:29.909   388  2669 E NetlinkEvent: NetlinkEvent::FindParam(): Parameter 'UID' not found
08-12 16:20:29.914  2404  2729 E BatteryStatsService: no controller energy info supplied
08-12 16:21:30.847   388  2669 E NetlinkEvent: NetlinkEvent::FindParam(): Parameter 'UID' not found
08-12 16:21:30.851  2404  2729 E BatteryStatsService: no controller energy info supplied
08-12 16:28:01.938  2404  3308 E NetdConnector: NDC Command {8736 firewall enable_chain dozable} took too long (385852ms)
08-12 16:33:00.978   388  2669 E NetlinkEvent: NetlinkEvent::FindParam(): Parameter 'UID' not found
08-12 16:33:00.989  2404  2729 E BatteryStatsService: no controller energy info supplied
08-12 16:33:17.855   388  2669 E NetlinkEvent: NetlinkEvent::FindParam(): Parameter 'UID' not found
08-12 16:33:17.869  2404  2729 E BatteryStatsService: no controller energy info supplied
08-12 16:40:24.454   388  2669 E NetlinkEvent: NetlinkEvent::FindParam(): Parameter 'UID' not found
08-12 16:40:24.459  2404  2729 E BatteryStatsService: no controller energy info supplied
08-12 16:44:26.220   388  2669 E NetlinkEvent: NetlinkEvent::FindParam(): Parameter 'UID' not found
08-12 16:44:26.227  2404  2729 E BatteryStatsService: no controller energy info supplied
08-12 16:44:26.257   388  2669 E NetlinkEvent: NetlinkEvent::FindParam(): Parameter 'UID' not found
08-12 16:44:26.262  2404  3308 E NetdConnector: NDC Command {8738 firewall enable_chain dozable} took too long (237200ms)
08-12 16:44:26.262  2404  2729 E BatteryStatsService: no controller energy info supplied
08-12 16:48:01.858   388  2669 E NetlinkEvent: NetlinkEvent::FindParam(): Parameter 'UID' not found
08-12 16:48:01.869  2404  2729 E BatteryStatsService: no controller energy info supplied
08-12 16:48:01.902   388  2669 E NetlinkEvent: NetlinkEvent::FindParam(): Parameter 'UID' not found
08-12 16:48:01.907  2404  2729 E BatteryStatsService: no controller energy info supplied
08-12 16:48:18.865   388  2669 E NetlinkEvent: NetlinkEvent::FindParam(): Parameter 'UID' not found
08-12 16:48:18.879  2404  2729 E BatteryStatsService: no controller energy info supplied
08-12 16:49:31.905   388  2669 E NetlinkEvent: NetlinkEvent::FindParam(): Parameter 'UID' not found
08-12 16:49:31.909  2404  2729 E BatteryStatsService: no controller energy info supplied
08-12 16:49:33.130  2404  2708 W ProcessCpuTracker: Skipping unknown process pid 5946
08-12 16:55:29.872   388  2669 E NetlinkEvent: NetlinkEvent::FindParam(): Parameter 'UID' not found
08-12 16:55:29.878  2404  2729 E BatteryStatsService: no controller energy info supplied
08-12 16:58:01.932  2404  3308 E NetdConnector: NDC Command {8742 firewall enable_chain dozable} took too long (146795ms)
08-12 17:18:34.918   388  2669 E NetlinkEvent: NetlinkEvent::FindParam(): Parameter 'UID' not found
08-12 17:18:34.923  2404  2729 E BatteryStatsService: no controller energy info supplied
08-12 17:19:38.870   388  2669 E NetlinkEvent: NetlinkEvent::FindParam(): Parameter 'UID' not found
08-12 17:19:38.880  2404  2729 E BatteryStatsService: no controller energy info supplied
08-12 17:19:39.086  2404  2708 W ProcessCpuTracker: Skipping unknown process pid 5981
08-12 17:19:39.565   388  2669 E NetlinkEvent: NetlinkEvent::FindParam(): Parameter 'UID' not found
08-12 17:19:39.570  2404  2729 E BatteryStatsService: no controller energy info supplied
08-12 17:23:40.630   388  2669 E NetlinkEvent: NetlinkEvent::FindParam(): Parameter 'UID' not found
08-12 17:23:40.640  2404  2729 E BatteryStatsService: no controller energy info supplied
08-12 17:23:40.714  2404  3308 E NetdConnector: NDC Command {8746 firewall enable_chain dozable} took too long (236539ms)
08-12 17:23:41.018   388  2669 E NetlinkEvent: NetlinkEvent::FindParam(): Parameter 'UID' not found
08-12 17:23:41.028  2404  2729 E BatteryStatsService: no controller energy info supplied
08-12 17:28:01.877   388  2669 E NetlinkEvent: NetlinkEvent::FindParam(): Parameter 'UID' not found
08-12 17:28:01.888  2404  2729 E BatteryStatsService: no controller energy info supplied
08-12 17:28:01.917   388  2669 E NetlinkEvent: NetlinkEvent::FindParam(): Parameter 'UID' not found
08-12 17:28:01.923  2404  2729 E BatteryStatsService: no controller energy info supplied
08-12 17:33:21.877   388  2669 E NetlinkEvent: NetlinkEvent::FindParam(): Parameter 'UID' not found
08-12 17:33:21.886  2404  2729 E BatteryStatsService: no controller energy info supplied
08-12 17:38:01.919  2404  3308 E NetdConnector: NDC Command {8748 firewall enable_chain dozable} took too long (31823ms)
08-12 17:47:37.939   388  2669 E NetlinkEvent: NetlinkEvent::FindParam(): Parameter 'UID' not found
08-12 17:47:37.948  2404  2729 E BatteryStatsService: no controller energy info supplied
08-12 17:48:01.880   388  2669 E NetlinkEvent: NetlinkEvent::FindParam(): Parameter 'UID' not found
08-12 17:48:01.899  2404  2729 E BatteryStatsService: no controller energy info supplied
08-12 17:58:01.930  2404  3308 E NetdConnector: NDC Command {8752 firewall enable_chain dozable} took too long (325830ms)
08-12 17:58:01.975  2404  2729 E BatteryStatsService: no controller energy info supplied
08-12 17:58:01.975  2404  2729 E BatteryStatsService: no controller energy info supplied
08-12 17:58:26.878  2404  2729 E BatteryStatsService: modem info is invalid: ModemActivityInfo{ mTimestamp=2603409230 mSleepTimeMs=-1716428105 mIdleTimeMs=1723126510 mTxTimeMs[]=[0, 0, 0, 0, 0] mRxTimeMs=22323 mEnergyUsed=0}
08-12 18:16:40.946   388  2669 E NetlinkEvent: NetlinkEvent::FindParam(): Parameter 'UID' not found
08-12 18:16:40.952  2404  2729 E BatteryStatsService: no controller energy info supplied
08-12 18:17:41.900   388  2669 E NetlinkEvent: NetlinkEvent::FindParam(): Parameter 'UID' not found
08-12 18:17:41.911  2404  2729 E BatteryStatsService: no controller energy info supplied
08-12 18:17:42.303  2404  4328 E BatteryStatsService: no controller energy info supplied
08-12 18:17:42.303  2404  4328 E BatteryStatsService: no controller energy info supplied
08-12 18:17:42.328  2404  4328 E BatteryStatsService: modem info is invalid: ModemActivityInfo{ mTimestamp=2604589489 mSleepTimeMs=-1715252242 mIdleTimeMs=1716428923 mTxTimeMs[]=[0, 0, 0, 0, 0] mRxTimeMs=3580 mEnergyUsed=0}
08-12 18:17:43.259   388  2669 E NetlinkEvent: NetlinkEvent::FindParam(): Parameter 'UID' not found
08-12 18:17:43.265  2404  2729 E BatteryStatsService: no controller energy info supplied
08-12 18:18:01.889   388  2669 E NetlinkEvent: NetlinkEvent::FindParam(): Parameter 'UID' not found
08-12 18:18:01.902  2404  2729 E BatteryStatsService: no controller energy info supplied
08-12 18:18:01.956  2404  3308 E NetdConnector: NDC Command {8754 firewall enable_chain dozable} took too long (14822ms)
08-12 18:18:25.708   388  2669 E NetlinkEvent: NetlinkEvent::FindParam(): Parameter 'UID' not found
08-12 18:18:25.717  2404  2729 E BatteryStatsService: no controller energy info supplied
08-12 18:21:44.660   388  2669 E NetlinkEvent: NetlinkEvent::FindParam(): Parameter 'UID' not found
08-12 18:21:44.672  2404  2729 E BatteryStatsService: no controller energy info supplied
08-12 18:21:44.954   388  2669 E NetlinkEvent: NetlinkEvent::FindParam(): Parameter 'UID' not found
08-12 18:21:44.980  2404  2729 E BatteryStatsService: no controller energy info supplied
08-12 18:28:02.901   388  2669 E NetlinkEvent: NetlinkEvent::FindParam(): Parameter 'UID' not found
08-12 18:28:02.910  2404  2729 E BatteryStatsService: no controller energy info supplied
08-12 18:32:48.066  2404  2708 W ProcessCpuTracker: Skipping unknown process pid 6133
08-12 18:33:01.879  2404  2708 W ProcessCpuTracker: Skipping unknown process pid 6157
08-12 18:33:02.134   388  2669 E NetlinkEvent: NetlinkEvent::FindParam(): Parameter 'UID' not found
08-12 18:33:02.148  2404  2729 E BatteryStatsService: no controller energy info supplied
08-12 18:33:25.899   388  2669 E NetlinkEvent: NetlinkEvent::FindParam(): Parameter 'UID' not found
08-12 18:33:25.916  2404  2729 E BatteryStatsService: no controller energy info supplied
08-12 18:45:43.948   388  2669 E NetlinkEvent: NetlinkEvent::FindParam(): Parameter 'UID' not found
08-12 18:45:43.956  2404  2729 E BatteryStatsService: no controller energy info supplied
08-12 18:46:44.898   388  2669 E NetlinkEvent: NetlinkEvent::FindParam(): Parameter 'UID' not found
08-12 18:46:44.904  2404  2729 E BatteryStatsService: no controller energy info supplied
08-12 18:55:11.959  2404  3308 E NetdConnector: NDC Command {8762 firewall enable_chain dozable} took too long (371780ms)
08-12 19:14:47.960   388  2669 E NetlinkEvent: NetlinkEvent::FindParam(): Parameter 'UID' not found
08-12 19:14:47.970  2404  2729 E BatteryStatsService: no controller energy info supplied
08-12 19:14:50.710  2404  3308 E NetdConnector: NDC Command {8764 firewall enable_chain dozable} took too long (2755ms)
08-12 19:18:02.922   388  2669 E NetlinkEvent: NetlinkEvent::FindParam(): Parameter 'UID' not found
08-12 19:18:02.930  2404  2729 E BatteryStatsService: no controller energy info supplied
08-12 19:28:02.012  2404  3308 E NetdConnector: NDC Command {8768 firewall enable_chain dozable} took too long (210867ms)
08-12 19:43:51.968   388  2669 E NetlinkEvent: NetlinkEvent::FindParam(): Parameter 'UID' not found
08-12 19:43:51.972  2404  2729 E BatteryStatsService: no controller energy info supplied
08-12 19:44:52.924   388  2669 E NetlinkEvent: NetlinkEvent::FindParam(): Parameter 'UID' not found
08-12 19:44:52.937  2404  2729 E BatteryStatsService: no controller energy info supplied
08-12 19:44:53.606   388  2669 E NetlinkEvent: NetlinkEvent::FindParam(): Parameter 'UID' not found
08-12 19:44:53.613  2404  2729 E BatteryStatsService: no controller energy info supplied
08-12 19:48:01.924   388  2669 E NetlinkEvent: NetlinkEvent::FindParam(): Parameter 'UID' not found
08-12 19:48:01.932  2404  2729 E BatteryStatsService: no controller energy info supplied
08-12 19:48:01.971  2404  3308 E NetdConnector: NDC Command {8770 firewall enable_chain dozable} took too long (183827ms)
08-12 19:48:31.068   388  2669 E NetlinkEvent: NetlinkEvent::FindParam(): Parameter 'UID' not found
08-12 19:48:31.075  2404  2729 E BatteryStatsService: no controller energy info supplied
08-12 19:48:54.824   388  2669 E NetlinkEvent: NetlinkEvent::FindParam(): Parameter 'UID' not found
08-12 19:48:54.837  2404  2729 E BatteryStatsService: no controller energy info supplied
08-12 19:48:54.847   388  2669 E NetlinkEvent: NetlinkEvent::FindParam(): Parameter 'UID' not found
08-12 19:48:54.870  2404  2729 E BatteryStatsService: no controller energy info supplied
08-12 19:58:01.921   388  2669 E NetlinkEvent: NetlinkEvent::FindParam(): Parameter 'UID' not found
08-12 19:58:01.927  2404  2729 E BatteryStatsService: no controller energy info supplied
08-12 20:10:15.264  2404  3785 E BatteryStatsService: no controller energy info supplied
08-12 20:10:15.264  2404  3785 E BatteryStatsService: no controller energy info supplied
08-12 20:10:15.300  2404  3785 E BatteryStatsService: modem info is invalid: ModemActivityInfo{ mTimestamp=2611342454 mSleepTimeMs=-1708527323 mIdleTimeMs=1715256846 mTxTimeMs[]=[0, 0, 0, 0, 0] mRxTimeMs=23441 mEnergyUsed=0}
08-12 20:12:55.962  2404  3308 E NetdConnector: NDC Command {8775 firewall enable_chain dozable} took too long (156812ms)
08-12 20:12:55.968   388  2669 E NetlinkEvent: NetlinkEvent::FindParam(): Parameter 'UID' not found
08-12 20:12:55.977  2404  2729 E BatteryStatsService: no controller energy info supplied
08-12 20:18:01.935   388  2669 E NetlinkEvent: NetlinkEvent::FindParam(): Parameter 'UID' not found
08-12 20:18:01.953  2404  2729 E BatteryStatsService: no controller energy info supplied
08-12 20:28:01.996  2404  3308 E NetdConnector: NDC Command {8779 firewall enable_chain dozable} took too long (156800ms)
08-12 20:33:03.217   388  2669 E NetlinkEvent: NetlinkEvent::FindParam(): Parameter 'UID' not found
08-12 20:33:03.227  2404  2729 E BatteryStatsService: no controller energy info supplied
08-12 20:33:03.227  2404  2729 E BatteryStatsService: no controller energy info supplied
08-12 20:33:03.311  2404  2729 E BatteryStatsService: modem info is invalid: ModemActivityInfo{ mTimestamp=2612710468 mSleepTimeMs=-1707165240 mIdleTimeMs=1708528266 mTxTimeMs[]=[0, 0, 0, 0, 0] mRxTimeMs=4989 mEnergyUsed=0}
08-12 20:33:03.313  2404  2729 E BatteryStatsService: no controller energy info supplied
08-12 20:33:33.929   388  2669 E NetlinkEvent: NetlinkEvent::FindParam(): Parameter 'UID' not found
08-12 20:33:33.941  2404  2729 E BatteryStatsService: no controller energy info supplied
08-12 20:42:00.955   388  2669 E NetlinkEvent: NetlinkEvent::FindParam(): Parameter 'UID' not found
08-12 20:42:00.963  2404  2729 E BatteryStatsService: no controller energy info supplied
08-12 20:42:00.996  2404  2710 E NetdConnector: NDC Command {8780 firewall set_uid_rule dozable 10002 allow} took too long (54951ms)
08-12 20:42:04.840  2404  2710 E NetdConnector: NDC Command {8781 firewall set_uid_rule dozable 10002 deny} took too long (3819ms)
08-12 20:48:01.946   388  2669 E NetlinkEvent: NetlinkEvent::FindParam(): Parameter 'UID' not found
08-12 20:48:01.955  2404  2729 E BatteryStatsService: no controller energy info supplied
08-12 20:48:01.997  2404  3308 E NetdConnector: NDC Command {8783 firewall enable_chain dozable} took too long (350798ms)
08-12 21:08:09.682   388  2669 E NetlinkEvent: NetlinkEvent::FindParam(): Parameter 'UID' not found
08-12 21:08:09.689  2404  2729 E BatteryStatsService: no controller energy info supplied
08-12 21:10:35.951   388  2669 E NetlinkEvent: NetlinkEvent::FindParam(): Parameter 'UID' not found
08-12 21:10:35.962  2404  2729 E BatteryStatsService: no controller energy info supplied
08-12 21:10:36.015  2404  3308 E NetdConnector: NDC Command {8787 firewall enable_chain dozable} took too long (141825ms)
08-12 21:11:05.972   388  2669 E NetlinkEvent: NetlinkEvent::FindParam(): Parameter 'UID' not found
08-12 21:11:05.979  2404  2729 E BatteryStatsService: no controller energy info supplied
08-12 21:12:10.893   388  2669 E NetlinkEvent: NetlinkEvent::FindParam(): Parameter 'UID' not found
08-12 21:12:10.902  2404  2729 E BatteryStatsService: no controller energy info supplied
08-12 21:12:10.915   388  2669 E NetlinkEvent: NetlinkEvent::FindParam(): Parameter 'UID' not found
08-12 21:12:10.933  2404  2729 E BatteryStatsService: no controller energy info supplied
08-12 21:18:02.954   388  2669 E NetlinkEvent: NetlinkEvent::FindParam(): Parameter 'UID' not found
08-12 21:18:02.965  2404  2729 E BatteryStatsService: no controller energy info supplied
08-12 21:30:06.532   388  2669 E NetlinkEvent: NetlinkEvent::FindParam(): Parameter 'UID' not found
08-12 21:30:06.539  2404  2729 E BatteryStatsService: no controller energy info supplied
08-12 21:33:37.958   388  2669 E NetlinkEvent: NetlinkEvent::FindParam(): Parameter 'UID' not found
08-12 21:33:37.967  2404  2729 E BatteryStatsService: no controller energy info supplied
08-12 21:33:38.012  2404  3308 E NetdConnector: NDC Command {8791 firewall enable_chain dozable} took too long (206824ms)
08-12 21:34:07.875   388  2669 E NetlinkEvent: NetlinkEvent::FindParam(): Parameter 'UID' not found
08-12 21:34:07.880   388  2669 E NetlinkEvent: NetlinkEvent::FindParam(): Parameter 'UID' not found
08-12 21:34:07.886  2404  2729 E BatteryStatsService: no controller energy info supplied
08-12 21:34:07.900   388  2669 E NetlinkEvent: NetlinkEvent::FindParam(): Parameter 'UID' not found
08-12 21:34:07.922  2404  2729 E BatteryStatsService: no controller energy info supplied
08-12 21:34:07.947  2404  2729 E BatteryStatsService: no controller energy info supplied
08-12 21:35:48.956   388  2669 E NetlinkEvent: NetlinkEvent::FindParam(): Parameter 'UID' not found
08-12 21:35:48.977  2404  2729 E BatteryStatsService: no controller energy info supplied
08-12 21:40:12.004   388  2669 E NetlinkEvent: NetlinkEvent::FindParam(): Parameter 'UID' not found
08-12 21:40:12.015  2404  2729 E BatteryStatsService: no controller energy info supplied
08-12 21:48:01.962   388  2669 E NetlinkEvent: NetlinkEvent::FindParam(): Parameter 'UID' not found
08-12 21:48:01.973  2404  2729 E BatteryStatsService: no controller energy info supplied
08-12 21:48:54.972   388  2669 E NetlinkEvent: NetlinkEvent::FindParam(): Parameter 'UID' not found
08-12 21:48:54.978  2404  2729 E BatteryStatsService: no controller energy info supplied
08-12 21:48:55.097  2404  2708 W ProcessCpuTracker: Skipping unknown process pid 6451
08-12 21:58:01.963   388  2669 E NetlinkEvent: NetlinkEvent::FindParam(): Parameter 'UID' not found
08-12 21:58:01.975  2404  2729 E BatteryStatsService: no controller energy info supplied
08-12 22:00:01.031  2404  2404 D ConditionProviders.SCP: onReceive ScheduleConditionProvider.EVALUATE
08-12 22:00:01.033  2404  2404 D ConditionProviders.SCP: notifyCondition condition://android/schedule?days=6.7&start=23.30&end=10.0&exitAtAlarm=false STATE_FALSE reason=!meetsSchedule
08-12 22:00:01.033  2404  2404 D ConditionProviders.SCP: notifyCondition condition://android/schedule?days=1.2.3.4.5&start=22.0&end=7.0&exitAtAlarm=false STATE_TRUE reason=meetsSchedule
08-12 22:00:01.034  2404  2404 D ConditionProviders.SCP: Scheduling evaluate for Sun Aug 12 23:30:00 GMT+09:00 2018 (1534084200000), in +1h29m58s969ms, now=Sun Aug 12 22:00:01 GMT+09:00 2018 (1534078801031)
08-12 22:08:02.030  2404  3308 E NetdConnector: NDC Command {8797 firewall enable_chain dozable} took too long (234827ms)
08-12 22:09:19.016   388  2669 E NetlinkEvent: NetlinkEvent::FindParam(): Parameter 'UID' not found
08-12 22:09:19.028  2404  2729 E BatteryStatsService: no controller energy info supplied
08-12 22:18:02.985   388  2669 E NetlinkEvent: NetlinkEvent::FindParam(): Parameter 'UID' not found
08-12 22:18:02.995  2404  2729 E BatteryStatsService: no controller energy info supplied
08-12 22:19:08.471  2404 21101 E BatteryStatsService: no controller energy info supplied
08-12 22:19:08.471  2404 21101 E BatteryStatsService: no controller energy info supplied
08-12 22:19:08.504  2404 21101 E BatteryStatsService: modem info is invalid: ModemActivityInfo{ mTimestamp=2619075658 mSleepTimeMs=-1700824267 mIdleTimeMs=1707169517 mTxTimeMs[]=[0, 0, 0, 0, 0] mRxTimeMs=19940 mEnergyUsed=0}
08-12 22:19:09.347   388  2669 E NetlinkEvent: NetlinkEvent::FindParam(): Parameter 'UID' not found
08-12 22:19:09.357  2404  2729 E BatteryStatsService: no controller energy info supplied
08-12 22:23:10.599   388  2669 E NetlinkEvent: NetlinkEvent::FindParam(): Parameter 'UID' not found
08-12 22:23:10.626  2404  2729 E BatteryStatsService: no controller energy info supplied
08-12 22:23:10.630   388  2669 E NetlinkEvent: NetlinkEvent::FindParam(): Parameter 'UID' not found
08-12 22:23:10.646  2404  3308 E NetdConnector: NDC Command {8801 firewall enable_chain dozable} took too long (237450ms)
08-12 22:23:10.653  2404  2729 E BatteryStatsService: no controller energy info supplied
08-12 22:28:01.988   388  2669 E NetlinkEvent: NetlinkEvent::FindParam(): Parameter 'UID' not found
08-12 22:28:01.995  2404  2729 E BatteryStatsService: no controller energy info supplied
08-12 22:33:04.110   388  2669 E NetlinkEvent: NetlinkEvent::FindParam(): Parameter 'UID' not found
08-12 22:33:04.121  2404  2729 E BatteryStatsService: no controller energy info supplied
08-12 22:33:41.995   388  2669 E NetlinkEvent: NetlinkEvent::FindParam(): Parameter 'UID' not found
08-12 22:33:42.005  2404  2729 E BatteryStatsService: no controller energy info supplied
08-12 22:38:02.035  2404  3308 E NetdConnector: NDC Command {8803 firewall enable_chain dozable} took too long (222829ms)
08-12 22:38:26.027   388  2669 E NetlinkEvent: NetlinkEvent::FindParam(): Parameter 'UID' not found
08-12 22:38:26.031  2404  2729 E BatteryStatsService: no controller energy info supplied
08-12 22:48:02.978   388  2669 E NetlinkEvent: NetlinkEvent::FindParam(): Parameter 'UID' not found
08-12 22:48:02.988  2404  2729 E BatteryStatsService: no controller energy info supplied
08-12 23:00:03.242   388  2669 E NetlinkEvent: NetlinkEvent::FindParam(): Parameter 'UID' not found
08-12 23:00:03.255  2404  2729 E BatteryStatsService: no controller energy info supplied
08-12 23:03:43.988   388  2669 E NetlinkEvent: NetlinkEvent::FindParam(): Parameter 'UID' not found
08-12 23:03:43.994  2404  2729 E BatteryStatsService: no controller energy info supplied
08-12 23:03:44.046  2404  3308 E NetdConnector: NDC Command {8807 firewall enable_chain dozable} took too long (217820ms)
08-12 23:07:34.051   388  2669 E NetlinkEvent: NetlinkEvent::FindParam(): Parameter 'UID' not found
08-12 23:07:34.056  2404  2729 E BatteryStatsService: no controller energy info supplied
08-12 23:07:34.084  2404  2729 E BatteryStatsService: no controller energy info supplied
08-12 23:07:34.087  2404  2729 E BatteryStatsService: no controller energy info supplied
08-12 23:07:34.133  2404  2729 E BatteryStatsService: modem info is invalid: ModemActivityInfo{ mTimestamp=2621981279 mSleepTimeMs=-1697929626 mIdleTimeMs=1700826234 mTxTimeMs[]=[0, 0, 0, 0, 0] mRxTimeMs=9013 mEnergyUsed=0}
08-12 23:08:02.005   388  2669 E NetlinkEvent: NetlinkEvent::FindParam(): Parameter 'UID' not found
08-12 23:08:02.014  2404  2729 E BatteryStatsService: no controller energy info supplied
08-12 23:28:02.057  2404  3308 E NetdConnector: NDC Command {8811 firewall enable_chain dozable} took too long (541834ms)
08-12 23:30:01.092  2404  2404 D ConditionProviders.SCP: onReceive ScheduleConditionProvider.EVALUATE
08-12 23:30:01.092  2404  2404 D ConditionProviders.SCP: notifyCondition condition://android/schedule?days=6.7&start=23.30&end=10.0&exitAtAlarm=false STATE_FALSE reason=!meetsSchedule
08-12 23:30:01.092  2404  2404 D ConditionProviders.SCP: notifyCondition condition://android/schedule?days=1.2.3.4.5&start=22.0&end=7.0&exitAtAlarm=false STATE_TRUE reason=meetsSchedule
08-12 23:30:01.093  2404  2404 D ConditionProviders.SCP: Scheduling evaluate for Mon Aug 13 10:00:00 GMT+09:00 2018 (1534122000000), in +10h29m58s908ms, now=Sun Aug 12 23:30:01 GMT+09:00 2018 (1534084201092)
08-12 23:34:02.676   388  2669 E NetlinkEvent: NetlinkEvent::FindParam(): Parameter 'UID' not found
08-12 23:34:02.681  2404  2729 E BatteryStatsService: no controller energy info supplied
08-12 23:36:43.018   388  2669 E NetlinkEvent: NetlinkEvent::FindParam(): Parameter 'UID' not found
08-12 23:36:43.025  2404  2729 E BatteryStatsService: no controller energy info supplied
08-12 23:36:43.036  2404  3308 E NetdConnector: NDC Command {8813 firewall enable_chain dozable} took too long (155798ms)
08-12 23:36:43.056   388  2669 E NetlinkEvent: NetlinkEvent::FindParam(): Parameter 'UID' not found
08-12 23:36:43.061  2404  2729 E BatteryStatsService: no controller energy info supplied
08-12 23:38:02.012   388  2669 E NetlinkEvent: NetlinkEvent::FindParam(): Parameter 'UID' not found
08-12 23:38:02.016   388  2669 E NetlinkEvent: NetlinkEvent::FindParam(): Parameter 'UID' not found
08-12 23:38:02.021  2404  2729 E BatteryStatsService: no controller energy info supplied
08-12 23:38:02.049  2404  2729 E BatteryStatsService: no controller energy info supplied
08-12 23:48:02.011   388  2669 E NetlinkEvent: NetlinkEvent::FindParam(): Parameter 'UID' not found
08-12 23:48:02.024  2404  2729 E BatteryStatsService: no controller energy info supplied
08-13 00:00:01.015   388  2669 E NetlinkEvent: NetlinkEvent::FindParam(): Parameter 'UID' not found
08-13 00:00:01.019  2404  2729 E BatteryStatsService: no controller energy info supplied
08-13 00:00:01.266  2404  4331 W ActivityManager: Permission Denial: opening provider com.android.providers.calendar.CalendarProvider2 from ProcessRecord{406840b 30975:com.qualcomm.qti.calendarwidget/u0a40} (pid=30975, uid=10040) requires android.permission.READ_CALENDAR or android.permission.WRITE_CALENDAR
08-13 00:00:01.269  2404  4283 W ActivityManager: Permission Denial: opening provider com.android.providers.calendar.CalendarProvider2 from ProcessRecord{406840b 30975:com.qualcomm.qti.calendarwidget/u0a40} (pid=30975, uid=10040) requires android.permission.READ_CALENDAR or android.permission.WRITE_CALENDAR
08-13 00:03:48.003   388  2669 E NetlinkEvent: NetlinkEvent::FindParam(): Parameter 'UID' not found
08-13 00:03:48.028  2404  2729 E BatteryStatsService: no controller energy info supplied
08-13 00:03:48.077  2404  3308 E NetdConnector: NDC Command {8817 firewall enable_chain dozable} took too long (221793ms)
08-13 00:04:04.059   388  2669 E NetlinkEvent: NetlinkEvent::FindParam(): Parameter 'UID' not found
08-13 00:04:04.068  2404  2729 E BatteryStatsService: no controller energy info supplied
08-13 00:04:04.083   388  2669 E NetlinkEvent: NetlinkEvent::FindParam(): Parameter 'UID' not found
08-13 00:04:04.098  2404  2729 E BatteryStatsService: no controller energy info supplied
08-13 00:05:53.058   388  2669 E NetlinkEvent: NetlinkEvent::FindParam(): Parameter 'UID' not found
08-13 00:05:53.063  2404  2729 E BatteryStatsService: no controller energy info supplied
08-13 00:08:02.024   388  2669 E NetlinkEvent: NetlinkEvent::FindParam(): Parameter 'UID' not found
08-13 00:08:02.041  2404  2729 E BatteryStatsService: no controller energy info supplied
08-13 00:28:02.080  2404  3308 E NetdConnector: NDC Command {8821 firewall enable_chain dozable} took too long (541839ms)
08-13 00:33:05.276   388  2669 E NetlinkEvent: NetlinkEvent::FindParam(): Parameter 'UID' not found
08-13 00:33:05.285  2404  2729 E BatteryStatsService: no controller energy info supplied
08-13 00:33:50.035   388  2669 E NetlinkEvent: NetlinkEvent::FindParam(): Parameter 'UID' not found
08-13 00:33:50.052  2404  2729 E BatteryStatsService: no controller energy info supplied
08-13 00:34:06.446  2404 21100 E BatteryStatsService: no controller energy info supplied
08-13 00:34:06.447  2404 21100 E BatteryStatsService: no controller energy info supplied
08-13 00:34:06.477  2404 21100 E BatteryStatsService: modem info is invalid: ModemActivityInfo{ mTimestamp=2627173635 mSleepTimeMs=-1692757723 mIdleTimeMs=1697933868 mTxTimeMs[]=[0, 0, 0, 0, 0] mRxTimeMs=16895 mEnergyUsed=0}
08-13 00:34:07.197   388  2669 E NetlinkEvent: NetlinkEvent::FindParam(): Parameter 'UID' not found
08-13 00:34:07.210  2404  2729 E BatteryStatsService: no controller energy info supplied
08-13 00:35:04.021   388  2669 E NetlinkEvent: NetlinkEvent::FindParam(): Parameter 'UID' not found
08-13 00:35:04.027  2404  2729 E BatteryStatsService: no controller energy info supplied
08-13 00:35:04.059   388  2669 E NetlinkEvent: NetlinkEvent::FindParam(): Parameter 'UID' not found
08-13 00:35:04.063  2404  2729 E BatteryStatsService: no controller energy info supplied
08-13 00:38:03.028   388  2669 E NetlinkEvent: NetlinkEvent::FindParam(): Parameter 'UID' not found
08-13 00:38:03.038  2404  2729 E BatteryStatsService: no controller energy info supplied
08-13 00:38:03.208   388  2669 E NetlinkEvent: NetlinkEvent::FindParam(): Parameter 'UID' not found
08-13 00:38:03.227  2404  2729 E BatteryStatsService: no controller energy info supplied
08-13 00:48:03.035   388  2669 E NetlinkEvent: NetlinkEvent::FindParam(): Parameter 'UID' not found
08-13 00:48:03.044  2404  2729 E BatteryStatsService: no controller energy info supplied
08-13 00:58:02.077  2404  3308 E NetdConnector: NDC Command {8827 firewall enable_chain dozable} took too long (524811ms)
08-13 01:04:16.069   388  2669 E NetlinkEvent: NetlinkEvent::FindParam(): Parameter 'UID' not found
08-13 01:04:16.075  2404  2729 E BatteryStatsService: no controller energy info supplied
08-13 01:04:53.042   388  2669 E NetlinkEvent: NetlinkEvent::FindParam(): Parameter 'UID' not found
08-13 01:04:53.056  2404  2729 E BatteryStatsService: no controller energy info supplied
08-13 01:08:02.130  2404  3308 E NetdConnector: NDC Command {8829 firewall enable_chain dozable} took too long (183830ms)
08-13 01:28:02.092  2404  3308 E NetdConnector: NDC Command {8833 firewall enable_chain dozable} took too long (477838ms)
08-13 01:33:30.107   388  2669 E NetlinkEvent: NetlinkEvent::FindParam(): Parameter 'UID' not found
08-13 01:33:30.112  2404  2729 E BatteryStatsService: no controller energy info supplied
08-13 01:33:54.060   388  2669 E NetlinkEvent: NetlinkEvent::FindParam(): Parameter 'UID' not found
08-13 01:33:54.074  2404  2729 E BatteryStatsService: no controller energy info supplied
08-13 01:35:05.699   388  2669 E NetlinkEvent: NetlinkEvent::FindParam(): Parameter 'UID' not found
08-13 01:35:05.707  2404  2729 E BatteryStatsService: no controller energy info supplied
08-13 01:35:08.755  2404  2729 E BatteryStatsService: no controller energy info supplied
08-13 01:35:08.756  2404  2729 E BatteryStatsService: no controller energy info supplied
08-13 01:35:08.795  2404  2729 E BatteryStatsService: modem info is invalid: ModemActivityInfo{ mTimestamp=2630835944 mSleepTimeMs=-1689109189 mIdleTimeMs=1692760223 mTxTimeMs[]=[0, 0, 0, 0, 0] mRxTimeMs=11272 mEnergyUsed=0}
08-13 01:38:02.042   388  2669 E NetlinkEvent: NetlinkEvent::FindParam(): Parameter 'UID' not found
08-13 01:38:02.059  2404  2729 E BatteryStatsService: no controller energy info supplied
08-13 01:38:02.117  2404  3308 E NetdConnector: NDC Command {8835 firewall enable_chain dozable} took too long (171848ms)
08-13 01:39:06.997   388  2669 E NetlinkEvent: NetlinkEvent::FindParam(): Parameter 'UID' not found
08-13 01:39:07.001   388  2669 E NetlinkEvent: NetlinkEvent::FindParam(): Parameter 'UID' not found
08-13 01:39:07.008  2404  2729 E BatteryStatsService: no controller energy info supplied
08-13 01:39:07.035  2404  2729 E BatteryStatsService: no controller energy info supplied
08-13 01:39:07.078   388  2669 E NetlinkEvent: NetlinkEvent::FindParam(): Parameter 'UID' not found
08-13 01:39:07.085  2404  2729 E BatteryStatsService: no controller energy info supplied
08-13 01:48:02.043   388  2669 E NetlinkEvent: NetlinkEvent::FindParam(): Parameter 'UID' not found
08-13 01:48:02.051  2404  2729 E BatteryStatsService: no controller energy info supplied
08-13 01:52:07.185  2404  2708 W ProcessCpuTracker: Skipping unknown process pid 6847
08-13 01:58:02.097  2404  3308 E NetdConnector: NDC Command {8839 firewall enable_chain dozable} took too long (354824ms)
08-13 01:58:02.132  2404  2729 E BatteryStatsService: no controller energy info supplied
08-13 01:58:02.132  2404  2729 E BatteryStatsService: no controller energy info supplied
08-13 01:58:35.060  2404  2729 E BatteryStatsService: modem info is invalid: ModemActivityInfo{ mTimestamp=2632209394 mSleepTimeMs=-1687740951 mIdleTimeMs=1689110098 mTxTimeMs[]=[0, 0, 0, 0, 0] mRxTimeMs=4306 mEnergyUsed=0}
08-13 02:02:45.076   388  2669 E NetlinkEvent: NetlinkEvent::FindParam(): Parameter 'UID' not found
08-13 02:02:45.080  2404  2729 E BatteryStatsService: no controller energy info supplied
08-13 02:03:00.723   388  2669 E NetlinkEvent: NetlinkEvent::FindParam(): Parameter 'UID' not found
08-13 02:03:00.728  2404  2729 E BatteryStatsService: no controller energy info supplied
08-13 02:08:02.104  2404  3308 E NetdConnector: NDC Command {8841 firewall enable_chain dozable} took too long (48804ms)
08-13 02:18:57.899   388  2669 E NetlinkEvent: NetlinkEvent::FindParam(): Parameter 'UID' not found
08-13 02:18:57.913  2404  2729 E BatteryStatsService: no controller energy info supplied
08-13 02:22:14.065   388  2669 E NetlinkEvent: NetlinkEvent::FindParam(): Parameter 'UID' not found
08-13 02:22:14.089  2404  2729 E BatteryStatsService: no controller energy info supplied
08-13 02:22:14.503   388  2669 E NetlinkEvent: NetlinkEvent::FindParam(): Parameter 'UID' not found
08-13 02:22:14.516  2404  2729 E BatteryStatsService: no controller energy info supplied
08-13 02:28:02.073   388  2669 E NetlinkEvent: NetlinkEvent::FindParam(): Parameter 'UID' not found
08-13 02:28:02.079  2404  2729 E BatteryStatsService: no controller energy info supplied
08-13 02:28:02.145  2404  3308 E NetdConnector: NDC Command {8845 firewall enable_chain dozable} took too long (342823ms)
08-13 02:32:02.112   388  2669 E NetlinkEvent: NetlinkEvent::FindParam(): Parameter 'UID' not found
08-13 02:32:02.118  2404  2729 E BatteryStatsService: no controller energy info supplied
08-13 02:32:19.765   388  2669 E NetlinkEvent: NetlinkEvent::FindParam(): Parameter 'UID' not found
08-13 02:32:19.773  2404  2729 E BatteryStatsService: no controller energy info supplied
08-13 02:33:06.331   388  2669 E NetlinkEvent: NetlinkEvent::FindParam(): Parameter 'UID' not found
08-13 02:33:06.336  2404  2729 E BatteryStatsService: no controller energy info supplied
08-13 02:33:58.074   388  2669 E NetlinkEvent: NetlinkEvent::FindParam(): Parameter 'UID' not found
08-13 02:33:58.084  2404  2729 E BatteryStatsService: no controller energy info supplied
08-13 02:48:29.462  2404  4327 E BatteryStatsService: no controller energy info supplied
08-13 02:48:29.463  2404  4327 E BatteryStatsService: no controller energy info supplied
08-13 02:48:29.498  2404  4327 E BatteryStatsService: modem info is invalid: ModemActivityInfo{ mTimestamp=2635236653 mSleepTimeMs=-1684725887 mIdleTimeMs=1687743034 mTxTimeMs[]=[0, 0, 0, 0, 0] mRxTimeMs=10111 mEnergyUsed=0}
08-13 02:48:30.072   388  2669 E NetlinkEvent: NetlinkEvent::FindParam(): Parameter 'UID' not found
08-13 02:48:30.076  2404  2729 E BatteryStatsService: no controller energy info supplied
08-13 02:48:59.068   388  2669 E NetlinkEvent: NetlinkEvent::FindParam(): Parameter 'UID' not found
08-13 02:48:59.076  2404  2729 E BatteryStatsService: no controller energy info supplied
08-13 02:48:59.139  2404  3308 E NetdConnector: NDC Command {8849 firewall enable_chain dozable} took too long (24843ms)
08-13 02:48:59.880   388  2669 E NetlinkEvent: NetlinkEvent::FindParam(): Parameter 'UID' not found
08-13 02:48:59.893  2404  2729 E BatteryStatsService: no controller energy info supplied
08-13 02:52:31.082   388  2669 E NetlinkEvent: NetlinkEvent::FindParam(): Parameter 'UID' not found
08-13 02:52:31.095  2404  2729 E BatteryStatsService: no controller energy info supplied
08-13 02:52:31.705   388  2669 E NetlinkEvent: NetlinkEvent::FindParam(): Parameter 'UID' not found
08-13 02:52:31.715  2404  2729 E BatteryStatsService: no controller energy info supplied
08-13 02:55:14.070   388  2669 E NetlinkEvent: NetlinkEvent::FindParam(): Parameter 'UID' not found
08-13 02:55:14.086  2404  2729 E BatteryStatsService: no controller energy info supplied
08-13 03:01:21.088   388  2669 E NetlinkEvent: NetlinkEvent::FindParam(): Parameter 'UID' not found
08-13 03:01:21.099  2404  2729 E BatteryStatsService: no controller energy info supplied
08-13 03:01:40.978   388  2669 E NetlinkEvent: NetlinkEvent::FindParam(): Parameter 'UID' not found
08-13 03:01:40.982  2404  2729 E BatteryStatsService: no controller energy info supplied
08-13 03:04:00.161  2404  3308 E NetdConnector: NDC Command {8851 firewall enable_chain dozable} took too long (19792ms)
08-13 03:18:56.148  2404  4284 D ConnectivityService: Returning blocked NetworkInfo to uid=10029
08-13 03:18:56.271  2404  2404 V BackupManagerService: Scheduling immediate backup pass
08-13 03:18:56.278  2404  2404 W BackupManagerService: Backup pass but e=false p=true
08-13 03:18:56.912   388  2669 E NetlinkEvent: NetlinkEvent::FindParam(): Parameter 'UID' not found
08-13 03:18:56.917  2404  2729 E BatteryStatsService: no controller energy info supplied
08-13 03:18:59.198  2404  9273 D ConnectivityService: Returning unblocked NetworkInfo to uid=10029
08-13 03:19:27.081   388  2669 E NetlinkEvent: NetlinkEvent::FindParam(): Parameter 'UID' not found
08-13 03:19:27.093  2404  2729 E BatteryStatsService: no controller energy info supplied
08-13 03:19:27.187  2404  3308 E NetdConnector: NDC Command {8855 firewall enable_chain dozable} took too long (25787ms)
08-13 03:22:58.034   388  2669 E NetlinkEvent: NetlinkEvent::FindParam(): Parameter 'UID' not found
08-13 03:22:58.035   388  2669 E NetlinkEvent: NetlinkEvent::FindParam(): Parameter 'UID' not found
08-13 03:22:58.042  2404  2729 E BatteryStatsService: no controller energy info supplied
08-13 03:22:58.074  2404  2729 E BatteryStatsService: no controller energy info supplied
08-13 03:22:58.341   388  2669 E NetlinkEvent: NetlinkEvent::FindParam(): Parameter 'UID' not found
08-13 03:22:58.350  2404  2729 E BatteryStatsService: no controller energy info supplied
08-13 03:28:02.085   388  2669 E NetlinkEvent: NetlinkEvent::FindParam(): Parameter 'UID' not found
08-13 03:28:02.095  2404  2729 E BatteryStatsService: no controller energy info supplied
08-13 03:30:42.143   388  2669 E NetlinkEvent: NetlinkEvent::FindParam(): Parameter 'UID' not found
08-13 03:30:42.148  2404  2729 E BatteryStatsService: no controller energy info supplied
08-13 03:31:04.636   388  2669 E NetlinkEvent: NetlinkEvent::FindParam(): Parameter 'UID' not found
08-13 03:31:04.654  2404  2729 E BatteryStatsService: no controller energy info supplied
08-13 03:38:02.123  2404  3308 E NetdConnector: NDC Command {8857 firewall enable_chain dozable} took too long (127783ms)
08-13 03:58:02.142  2404  3308 E NetdConnector: NDC Command {8861 firewall enable_chain dozable} took too long (63824ms)
08-13 04:00:06.144   388  2669 E NetlinkEvent: NetlinkEvent::FindParam(): Parameter 'UID' not found
08-13 04:00:06.151  2404  2729 E BatteryStatsService: no controller energy info supplied
08-13 04:00:31.376   388  2669 E NetlinkEvent: NetlinkEvent::FindParam(): Parameter 'UID' not found
08-13 04:00:31.390  2404  2729 E BatteryStatsService: no controller energy info supplied
08-13 04:18:55.913   388  2669 E NetlinkEvent: NetlinkEvent::FindParam(): Parameter 'UID' not found
08-13 04:18:55.923  2404  2729 E BatteryStatsService: no controller energy info supplied
08-13 04:19:04.140  2404  3308 E NetdConnector: NDC Command {8865 firewall enable_chain dozable} took too long (3807ms)
08-13 04:22:57.252   388  2669 E NetlinkEvent: NetlinkEvent::FindParam(): Parameter 'UID' not found
08-13 04:22:57.264  2404  2729 E BatteryStatsService: no controller energy info supplied
08-13 04:22:57.272   388  2669 E NetlinkEvent: NetlinkEvent::FindParam(): Parameter 'UID' not found
08-13 04:22:57.292  2404  2729 E BatteryStatsService: no controller energy info supplied
08-13 04:28:02.111   388  2669 E NetlinkEvent: NetlinkEvent::FindParam(): Parameter 'UID' not found
08-13 04:28:02.126  2404  2729 E BatteryStatsService: no controller energy info supplied
08-13 04:28:02.195  2404  2729 E BatteryStatsService: no controller energy info supplied
08-13 04:28:02.199  2404  2729 E BatteryStatsService: no controller energy info supplied
08-13 04:29:33.116  2404  2729 E BatteryStatsService: modem info is invalid: ModemActivityInfo{ mTimestamp=2641209456 mSleepTimeMs=-1678775456 mIdleTimeMs=1684729910 mTxTimeMs[]=[0, 0, 0, 0, 0] mRxTimeMs=18347 mEnergyUsed=0}
08-13 04:29:33.171   388  2669 E NetlinkEvent: NetlinkEvent::FindParam(): Parameter 'UID' not found
08-13 04:29:33.175  2404  2729 E BatteryStatsService: no controller energy info supplied
08-13 04:30:01.805   388  2669 E NetlinkEvent: NetlinkEvent::FindParam(): Parameter 'UID' not found
08-13 04:30:01.813  2404  2729 E BatteryStatsService: no controller energy info supplied
08-13 04:33:07.228   388  2669 E NetlinkEvent: NetlinkEvent::FindParam(): Parameter 'UID' not found
08-13 04:33:07.283  2404  2729 E BatteryStatsService: no controller energy info supplied
08-13 04:34:05.115   388  2669 E NetlinkEvent: NetlinkEvent::FindParam(): Parameter 'UID' not found
08-13 04:34:05.122  2404  2729 E BatteryStatsService: no controller energy info supplied
08-13 04:35:17.214  2404  3308 E NetdConnector: NDC Command {8867 firewall enable_chain dozable} took too long (64804ms)
08-13 04:49:14.548  2404  4333 E BatteryStatsService: no controller energy info supplied
08-13 04:49:14.548  2404  4333 E BatteryStatsService: no controller energy info supplied
08-13 04:49:14.575  2404  4333 E BatteryStatsService: modem info is invalid: ModemActivityInfo{ mTimestamp=2642481734 mSleepTimeMs=-1677507929 mIdleTimeMs=1678776304 mTxTimeMs[]=[0, 0, 0, 0, 0] mRxTimeMs=3907 mEnergyUsed=0}
08-13 04:58:02.184  2404  3308 E NetdConnector: NDC Command {8871 firewall enable_chain dozable} took too long (522837ms)
08-13 04:59:03.136   388  2669 E NetlinkEvent: NetlinkEvent::FindParam(): Parameter 'UID' not found
08-13 04:59:03.140  2404  2729 E BatteryStatsService: no controller energy info supplied
08-13 04:59:33.441   388  2669 E NetlinkEvent: NetlinkEvent::FindParam(): Parameter 'UID' not found
08-13 04:59:33.449  2404  2729 E BatteryStatsService: no controller energy info supplied
08-13 05:08:02.185  2404  3308 E NetdConnector: NDC Command {8873 firewall enable_chain dozable} took too long (216844ms)
08-13 05:19:26.653   388  2669 E NetlinkEvent: NetlinkEvent::FindParam(): Parameter 'UID' not found
08-13 05:19:26.658  2404  2729 E BatteryStatsService: no controller energy info supplied
08-13 05:23:27.782   388  2669 E NetlinkEvent: NetlinkEvent::FindParam(): Parameter 'UID' not found
08-13 05:23:27.796  2404  2729 E BatteryStatsService: no controller energy info supplied
08-13 05:23:27.857  2404  3308 E NetdConnector: NDC Command {8877 firewall enable_chain dozable} took too long (236488ms)
08-13 05:23:28.392   388  2669 E NetlinkEvent: NetlinkEvent::FindParam(): Parameter 'UID' not found
08-13 05:23:28.420  2404  2729 E BatteryStatsService: no controller energy info supplied
08-13 05:28:02.145   388  2669 E NetlinkEvent: NetlinkEvent::FindParam(): Parameter 'UID' not found
08-13 05:28:02.154  2404  2729 E BatteryStatsService: no controller energy info supplied
08-13 05:28:33.764   388  2669 E NetlinkEvent: NetlinkEvent::FindParam(): Parameter 'UID' not found
08-13 05:28:33.781   388  2669 E NetlinkEvent: NetlinkEvent::FindParam(): Parameter 'UID' not found
08-13 05:28:33.782   388  2669 E NetlinkEvent: NetlinkEvent::FindParam(): Parameter 'UID' not found
08-13 05:28:33.792  2404  2729 E BatteryStatsService: no controller energy info supplied
08-13 05:28:33.823  2404  2729 E BatteryStatsService: no controller energy info supplied
08-13 05:28:33.849  2404  2729 E BatteryStatsService: no controller energy info supplied
08-13 05:34:09.131   388  2669 E NetlinkEvent: NetlinkEvent::FindParam(): Parameter 'UID' not found
08-13 05:34:09.151  2404  2729 E BatteryStatsService: no controller energy info supplied
08-13 05:57:35.189   388  2669 E NetlinkEvent: NetlinkEvent::FindParam(): Parameter 'UID' not found
08-13 05:57:35.194  2404  2729 E BatteryStatsService: no controller energy info supplied
08-13 05:57:35.223  2404  3308 E NetdConnector: NDC Command {8883 firewall enable_chain dozable} took too long (392841ms)
08-13 05:58:02.132   388  2669 E NetlinkEvent: NetlinkEvent::FindParam(): Parameter 'UID' not found
08-13 05:58:02.140  2404  2729 E BatteryStatsService: no controller energy info supplied
08-13 06:08:02.221  2404  3308 E NetdConnector: NDC Command {8885 firewall enable_chain dozable} took too long (113837ms)
08-13 06:25:07.755   388  2669 E NetlinkEvent: NetlinkEvent::FindParam(): Parameter 'UID' not found
08-13 06:25:07.760  2404  2729 E BatteryStatsService: no controller energy info supplied
08-13 06:26:37.153   388  2669 E NetlinkEvent: NetlinkEvent::FindParam(): Parameter 'UID' not found
08-13 06:26:37.160  2404  2729 E BatteryStatsService: no controller energy info supplied
