10-16 21:23:48.656   392  3002 E NetlinkEvent: NetlinkEvent::FindParam(): Parameter 'UID' not found
10-16 21:23:53.779   392  3002 E NetlinkEvent: NetlinkEvent::FindParam(): Parameter 'UID' not found
10-16 21:25:00.030  2264  2391 I ProcessStatsService: Prepared write state in 5ms
10-16 21:25:10.656   392  3002 E NetlinkEvent: NetlinkEvent::FindParam(): Parameter 'UID' not found
10-16 21:25:11.619   392  3002 E NetlinkEvent: NetlinkEvent::FindParam(): Parameter 'UID' not found
10-16 21:26:14.338   392  3002 E NetlinkEvent: NetlinkEvent::FindParam(): Parameter 'UID' not found
10-16 21:26:17.964   392  3002 E NetlinkEvent: NetlinkEvent::FindParam(): Parameter 'UID' not found
10-16 21:28:11.497   392  3002 E NetlinkEvent: NetlinkEvent::FindParam(): Parameter 'UID' not found
10-16 21:28:26.478   392  3002 E NetlinkEvent: NetlinkEvent::FindParam(): Parameter 'UID' not found
10-16 21:28:56.056   392  3002 E NetlinkEvent: NetlinkEvent::FindParam(): Parameter 'UID' not found
10-16 21:28:56.577   392  3002 E NetlinkEvent: NetlinkEvent::FindParam(): Parameter 'UID' not found
10-16 21:30:11.937   392  3002 E NetlinkEvent: NetlinkEvent::FindParam(): Parameter 'UID' not found
10-16 21:30:24.442   392  3002 E NetlinkEvent: NetlinkEvent::FindParam(): Parameter 'UID' not found
10-16 21:33:17.069  2264  2395 E BatteryStatsService: no controller energy info supplied
10-16 21:33:17.069  2264  2395 E BatteryStatsService: no controller energy info supplied
10-16 21:33:17.102  2264  2395 E BatteryStatsService: modem info is invalid: ModemActivityInfo{ mTimestamp=24008654 mSleepTimeMs=23529394 mIdleTimeMs=-22951014 mTxTimeMs[]=[0, 0, 0, 0, 0] mRxTimeMs=1926 mEnergyUsed=0}
10-16 21:33:24.016   392  3002 E NetlinkEvent: NetlinkEvent::FindParam(): Parameter 'UID' not found
10-16 21:33:28.256   392  3002 E NetlinkEvent: NetlinkEvent::FindParam(): Parameter 'UID' not found
10-16 21:34:13.380   392  3002 E NetlinkEvent: NetlinkEvent::FindParam(): Parameter 'UID' not found
10-16 21:34:18.842   392  3002 E NetlinkEvent: NetlinkEvent::FindParam(): Parameter 'UID' not found
10-16 21:35:13.500  2264  2390 I UsageStatsService: User[0] Flushing usage stats to disk
10-16 21:35:21.577   392  3002 E NetlinkEvent: NetlinkEvent::FindParam(): Parameter 'UID' not found
10-16 21:35:27.324   392  3002 E NetlinkEvent: NetlinkEvent::FindParam(): Parameter 'UID' not found
10-16 21:37:53.337   392  3002 E NetlinkEvent: NetlinkEvent::FindParam(): Parameter 'UID' not found
10-16 21:37:58.792   392  3002 E NetlinkEvent: NetlinkEvent::FindParam(): Parameter 'UID' not found
10-16 21:38:43.937   392  3002 E NetlinkEvent: NetlinkEvent::FindParam(): Parameter 'UID' not found
10-16 21:38:47.742   392  3002 E NetlinkEvent: NetlinkEvent::FindParam(): Parameter 'UID' not found
10-16 21:39:20.977   392  3002 E NetlinkEvent: NetlinkEvent::FindParam(): Parameter 'UID' not found
10-16 21:39:26.850   392  3002 E NetlinkEvent: NetlinkEvent::FindParam(): Parameter 'UID' not found
10-16 21:39:41.841  2264  2395 E BatteryStatsService: no controller energy info supplied
10-16 21:39:41.841  2264  2395 E BatteryStatsService: no controller energy info supplied
10-16 21:39:41.877  2264  2395 E BatteryStatsService: modem info is invalid: ModemActivityInfo{ mTimestamp=24393427 mSleepTimeMs=23912296 mIdleTimeMs=-23528812 mTxTimeMs[]=[0, 0, 0, 0, 0] mRxTimeMs=1285 mEnergyUsed=0}
10-16 21:39:50.177   392  3002 E NetlinkEvent: NetlinkEvent::FindParam(): Parameter 'UID' not found
10-16 21:39:54.711   392  3002 E NetlinkEvent: NetlinkEvent::FindParam(): Parameter 'UID' not found
10-16 21:40:24.697   392  3002 E NetlinkEvent: NetlinkEvent::FindParam(): Parameter 'UID' not found
10-16 21:40:28.664   392  3002 E NetlinkEvent: NetlinkEvent::FindParam(): Parameter 'UID' not found
10-16 21:41:57.177   392  3002 E NetlinkEvent: NetlinkEvent::FindParam(): Parameter 'UID' not found
10-16 21:41:58.514   392  3002 E NetlinkEvent: NetlinkEvent::FindParam(): Parameter 'UID' not found
10-16 21:42:20.817   392  3002 E NetlinkEvent: NetlinkEvent::FindParam(): Parameter 'UID' not found
10-16 21:42:29.746   392  3002 E NetlinkEvent: NetlinkEvent::FindParam(): Parameter 'UID' not found
10-16 21:44:25.017   392  3002 E NetlinkEvent: NetlinkEvent::FindParam(): Parameter 'UID' not found
10-16 21:44:30.070   392  3002 E NetlinkEvent: NetlinkEvent::FindParam(): Parameter 'UID' not found
10-16 21:44:58.098   392  3002 E NetlinkEvent: NetlinkEvent::FindParam(): Parameter 'UID' not found
10-16 21:45:00.491   392  3002 E NetlinkEvent: NetlinkEvent::FindParam(): Parameter 'UID' not found
10-16 21:45:33.146  2264  3806 I ActivityManager: Start proc 15825:com.google.android.gms.ui/u0a11 for service com.google.android.gms/.chimera.UiIntentOperationService
10-16 21:45:44.436  2264  2305 I ActivityManager: Killing 23059:com.google.android.gms.unstable/u0a11 (adj 906): empty for 9355s
10-16 21:45:44.510  2264  4413 D ActivityManager: cleanUpApplicationRecord -- 23059
10-16 21:46:00.006  2264  2264 I ActivityManager: Killing 26235:com.google.android.apps.photos/u0a92 (adj 906): empty for 8160s
10-16 21:46:00.123  2264  3812 D ActivityManager: cleanUpApplicationRecord -- 26235
10-16 21:48:16.337   392  3002 E NetlinkEvent: NetlinkEvent::FindParam(): Parameter 'UID' not found
10-16 21:48:22.519   392  3002 E NetlinkEvent: NetlinkEvent::FindParam(): Parameter 'UID' not found
10-16 21:48:52.497   392  3002 E NetlinkEvent: NetlinkEvent::FindParam(): Parameter 'UID' not found
10-16 21:49:01.544   392  3002 E NetlinkEvent: NetlinkEvent::FindParam(): Parameter 'UID' not found
10-16 21:50:18.098   392  3002 E NetlinkEvent: NetlinkEvent::FindParam(): Parameter 'UID' not found
10-16 21:50:26.426   392  3002 E NetlinkEvent: NetlinkEvent::FindParam(): Parameter 'UID' not found
10-16 21:52:17.298   392  3002 E NetlinkEvent: NetlinkEvent::FindParam(): Parameter 'UID' not found
10-16 21:52:23.577   392  3002 E NetlinkEvent: NetlinkEvent::FindParam(): Parameter 'UID' not found
10-16 21:52:47.417   392  3002 E NetlinkEvent: NetlinkEvent::FindParam(): Parameter 'UID' not found
10-16 21:53:02.588   392  3002 E NetlinkEvent: NetlinkEvent::FindParam(): Parameter 'UID' not found
10-16 21:53:08.626  2264  2395 E BatteryStatsService: no controller energy info supplied
10-16 21:53:08.626  2264  2395 E BatteryStatsService: no controller energy info supplied
10-16 21:53:08.659  2264  2395 E BatteryStatsService: modem info is invalid: ModemActivityInfo{ mTimestamp=25200211 mSleepTimeMs=24715340 mIdleTimeMs=-23911095 mTxTimeMs[]=[0, 0, 0, 0, 0] mRxTimeMs=2541 mEnergyUsed=0}
10-16 21:53:26.017   392  3002 E NetlinkEvent: NetlinkEvent::FindParam(): Parameter 'UID' not found
10-16 21:53:30.651   392  3002 E NetlinkEvent: NetlinkEvent::FindParam(): Parameter 'UID' not found
10-16 21:54:17.817   392  3002 E NetlinkEvent: NetlinkEvent::FindParam(): Parameter 'UID' not found
10-16 21:54:20.823   392  3002 E NetlinkEvent: NetlinkEvent::FindParam(): Parameter 'UID' not found
10-16 21:54:47.857   392  3002 E NetlinkEvent: NetlinkEvent::FindParam(): Parameter 'UID' not found
10-16 21:54:59.838   392  3002 E NetlinkEvent: NetlinkEvent::FindParam(): Parameter 'UID' not found
10-16 21:55:00.044  2264  2391 I ProcessStatsService: Prepared write state in 4ms
10-16 21:56:02.338   392  3002 E NetlinkEvent: NetlinkEvent::FindParam(): Parameter 'UID' not found
10-16 21:56:02.697   392  3002 E NetlinkEvent: NetlinkEvent::FindParam(): Parameter 'UID' not found
10-16 21:56:48.578   392  3002 E NetlinkEvent: NetlinkEvent::FindParam(): Parameter 'UID' not found
10-16 21:56:49.194   392  3002 E NetlinkEvent: NetlinkEvent::FindParam(): Parameter 'UID' not found
10-16 22:00:00.007  2264  2264 D ConditionProviders.SCP: onReceive ScheduleConditionProvider.EVALUATE
10-16 22:00:00.010  2264  2264 D ConditionProviders.SCP: notifyCondition condition://android/schedule?days=6.7&start=23.30&end=10.0&exitAtAlarm=false STATE_FALSE reason=!meetsSchedule
10-16 22:00:00.016  2264  2264 D ConditionProviders.SCP: notifyCondition condition://android/schedule?days=1.2.3.4.5&start=22.0&end=7.0&exitAtAlarm=false STATE_TRUE reason=meetsSchedule
10-16 22:00:00.017  2264  2264 D ConditionProviders.SCP: Scheduling evaluate for Tue Oct 16 23:30:00 GMT+09:00 2018 (1539700200000), in +1h29m59s993ms, now=Tue Oct 16 22:00:00 GMT+09:00 2018 (1539694800007)
10-16 22:00:29.041  2264  2390 I UsageStatsService: User[0] Flushing usage stats to disk
10-16 22:01:21.577   392  3002 E NetlinkEvent: NetlinkEvent::FindParam(): Parameter 'UID' not found
10-16 22:01:25.891   392  3002 E NetlinkEvent: NetlinkEvent::FindParam(): Parameter 'UID' not found
10-16 22:01:51.857   392  3002 E NetlinkEvent: NetlinkEvent::FindParam(): Parameter 'UID' not found
10-16 22:01:51.904   392  3002 E NetlinkEvent: NetlinkEvent::FindParam(): Parameter 'UID' not found
10-16 22:02:28.337   392  3002 E NetlinkEvent: NetlinkEvent::FindParam(): Parameter 'UID' not found
10-16 22:02:36.762   392  3002 E NetlinkEvent: NetlinkEvent::FindParam(): Parameter 'UID' not found
10-16 22:03:21.777   392  3002 E NetlinkEvent: NetlinkEvent::FindParam(): Parameter 'UID' not found
10-16 22:03:23.150   392  3002 E NetlinkEvent: NetlinkEvent::FindParam(): Parameter 'UID' not found
10-16 22:03:51.898   392  3002 E NetlinkEvent: NetlinkEvent::FindParam(): Parameter 'UID' not found
10-16 22:03:56.835   392  3002 E NetlinkEvent: NetlinkEvent::FindParam(): Parameter 'UID' not found
10-16 22:04:25.577   392  3002 E NetlinkEvent: NetlinkEvent::FindParam(): Parameter 'UID' not found
10-16 22:04:34.824   392  3002 E NetlinkEvent: NetlinkEvent::FindParam(): Parameter 'UID' not found
10-16 22:05:04.577   392  3002 E NetlinkEvent: NetlinkEvent::FindParam(): Parameter 'UID' not found
10-16 22:05:06.984   392  3002 E NetlinkEvent: NetlinkEvent::FindParam(): Parameter 'UID' not found
10-16 22:06:10.312  2264  2395 E BatteryStatsService: no controller energy info supplied
10-16 22:06:10.312  2264  2395 E BatteryStatsService: no controller energy info supplied
10-16 22:06:10.337  2264  2391 I ActivityManager: Start proc 19157:com.google.android.apps.photos/u0a92 for broadcast com.google.android.apps.photos/.scheduler.PowerReceiver
10-16 22:06:10.512  2264  2395 E BatteryStatsService: modem info is invalid: ModemActivityInfo{ mTimestamp=25982068 mSleepTimeMs=25493124 mIdleTimeMs=-24713894 mTxTimeMs[]=[0, 0, 0, 0, 0] mRxTimeMs=2629 mEnergyUsed=0}
10-16 22:06:10.516  2264  2395 I BatteryStatsImpl: Resetting battery stats: level=100 status=2 dischargeLevel=100 lowAmount=42 highAmount=46
10-16 22:06:10.589  2264  4394 I ActivityManager: Killing 2764:com.android.providers.calendar/u0a2 (adj 906): empty for 6051s
10-16 22:06:10.669  2264  4445 D ActivityManager: cleanUpApplicationRecord -- 2764
10-16 22:06:36.979   392  3002 E NetlinkEvent: NetlinkEvent::FindParam(): Parameter 'UID' not found
10-16 22:06:36.991  2264  2395 E BatteryStatsService: no controller energy info supplied
10-16 22:06:37.202   392  3002 E NetlinkEvent: NetlinkEvent::FindParam(): Parameter 'UID' not found
10-16 22:06:37.218  2264  2395 E BatteryStatsService: no controller energy info supplied
10-16 22:07:48.739   392  3002 E NetlinkEvent: NetlinkEvent::FindParam(): Parameter 'UID' not found
10-16 22:07:48.757  2264  2395 E BatteryStatsService: no controller energy info supplied
10-16 22:07:52.061   392  3002 E NetlinkEvent: NetlinkEvent::FindParam(): Parameter 'UID' not found
10-16 22:07:52.084  2264  2395 E BatteryStatsService: no controller energy info supplied
10-16 22:08:54.500   392  3002 E NetlinkEvent: NetlinkEvent::FindParam(): Parameter 'UID' not found
10-16 22:08:54.514  2264  2395 E BatteryStatsService: no controller energy info supplied
10-16 22:09:07.532   392  3002 E NetlinkEvent: NetlinkEvent::FindParam(): Parameter 'UID' not found
10-16 22:09:07.545  2264  2395 E BatteryStatsService: no controller energy info supplied
10-16 22:10:09.667  2264  4407 I ActivityManager: Start proc 19365:com.google.android.gms.unstable/u0a11 for service com.google.android.gms/.droidguard.DroidGuardService
10-16 22:10:36.295  2264  4407 I ActivityManager: Killing 30113:com.google.android.videos/u0a89 (adj 906): empty for 4526s
10-16 22:10:36.393  2264  4445 D ActivityManager: cleanUpApplicationRecord -- 30113
10-16 22:12:53.419   392  3002 E NetlinkEvent: NetlinkEvent::FindParam(): Parameter 'UID' not found
10-16 22:12:53.432  2264  2395 E BatteryStatsService: no controller energy info supplied
10-16 22:13:04.589   392  3002 E NetlinkEvent: NetlinkEvent::FindParam(): Parameter 'UID' not found
10-16 22:13:04.616  2264  2395 E BatteryStatsService: no controller energy info supplied
10-16 22:13:17.079  2264  2395 E BatteryStatsService: no controller energy info supplied
10-16 22:13:17.079  2264  2395 E BatteryStatsService: no controller energy info supplied
10-16 22:13:17.121  2264  2395 E BatteryStatsService: modem info is invalid: ModemActivityInfo{ mTimestamp=26408670 mSleepTimeMs=25917825 mIdleTimeMs=-25492610 mTxTimeMs[]=[0, 0, 0, 0, 0] mRxTimeMs=1387 mEnergyUsed=0}
10-16 22:13:27.177   392  3002 E NetlinkEvent: NetlinkEvent::FindParam(): Parameter 'UID' not found
10-16 22:13:27.198  2264  2395 E BatteryStatsService: no controller energy info supplied
10-16 22:13:30.704   392  3002 E NetlinkEvent: NetlinkEvent::FindParam(): Parameter 'UID' not found
10-16 22:13:30.721  2264  2395 E BatteryStatsService: no controller energy info supplied
10-16 22:14:07.019   392  3002 E NetlinkEvent: NetlinkEvent::FindParam(): Parameter 'UID' not found
10-16 22:14:07.033  2264  2395 E BatteryStatsService: no controller energy info supplied
10-16 22:14:21.904   392  3002 E NetlinkEvent: NetlinkEvent::FindParam(): Parameter 'UID' not found
10-16 22:14:21.919  2264  2395 E BatteryStatsService: no controller energy info supplied
10-16 22:15:00.499   392  3002 E NetlinkEvent: NetlinkEvent::FindParam(): Parameter 'UID' not found
10-16 22:15:00.510  2264  2395 E BatteryStatsService: no controller energy info supplied
10-16 22:15:01.842   392  3002 E NetlinkEvent: NetlinkEvent::FindParam(): Parameter 'UID' not found
10-16 22:15:01.856  2264  2395 E BatteryStatsService: no controller energy info supplied
10-16 22:15:26.179   392  3002 E NetlinkEvent: NetlinkEvent::FindParam(): Parameter 'UID' not found
10-16 22:15:26.191  2264  2395 E BatteryStatsService: no controller energy info supplied
10-16 22:15:36.994   392  3002 E NetlinkEvent: NetlinkEvent::FindParam(): Parameter 'UID' not found
10-16 22:15:37.012  2264  2395 E BatteryStatsService: no controller energy info supplied
10-16 22:16:07.420   392  3002 E NetlinkEvent: NetlinkEvent::FindParam(): Parameter 'UID' not found
10-16 22:16:07.434  2264  2395 E BatteryStatsService: no controller energy info supplied
10-16 22:16:07.778   392  3002 E NetlinkEvent: NetlinkEvent::FindParam(): Parameter 'UID' not found
10-16 22:16:07.787  2264  2395 E BatteryStatsService: no controller energy info supplied
10-16 22:17:56.818   392  3002 E NetlinkEvent: NetlinkEvent::FindParam(): Parameter 'UID' not found
10-16 22:17:56.833  2264  2395 E BatteryStatsService: no controller energy info supplied
10-16 22:17:58.587   392  3002 E NetlinkEvent: NetlinkEvent::FindParam(): Parameter 'UID' not found
10-16 22:17:58.600  2264  2395 E BatteryStatsService: no controller energy info supplied
10-16 22:18:13.618   392  3002 E NetlinkEvent: NetlinkEvent::FindParam(): Parameter 'UID' not found
10-16 22:18:13.632  2264  2395 E BatteryStatsService: no controller energy info supplied
10-16 22:18:14.151   392  3002 E NetlinkEvent: NetlinkEvent::FindParam(): Parameter 'UID' not found
10-16 22:18:14.163  2264  2395 E BatteryStatsService: no controller energy info supplied
10-16 22:19:27.059   392  3002 E NetlinkEvent: NetlinkEvent::FindParam(): Parameter 'UID' not found
10-16 22:19:27.070  2264  2395 E BatteryStatsService: no controller energy info supplied
10-16 22:19:30.644   392  3002 E NetlinkEvent: NetlinkEvent::FindParam(): Parameter 'UID' not found
10-16 22:19:30.657  2264  2395 E BatteryStatsService: no controller energy info supplied
10-16 22:19:58.058   392  3002 E NetlinkEvent: NetlinkEvent::FindParam(): Parameter 'UID' not found
10-16 22:19:58.068  2264  2395 E BatteryStatsService: no controller energy info supplied
10-16 22:20:09.748   392  3002 E NetlinkEvent: NetlinkEvent::FindParam(): Parameter 'UID' not found
10-16 22:20:09.753  2264  2395 E BatteryStatsService: no controller energy info supplied
10-16 22:21:57.460   392  3002 E NetlinkEvent: NetlinkEvent::FindParam(): Parameter 'UID' not found
10-16 22:21:57.477  2264  2395 E BatteryStatsService: no controller energy info supplied
10-16 22:22:07.421   392  3002 E NetlinkEvent: NetlinkEvent::FindParam(): Parameter 'UID' not found
10-16 22:22:07.432  2264  2395 E BatteryStatsService: no controller energy info supplied
10-16 22:23:08.617   392  3002 E NetlinkEvent: NetlinkEvent::FindParam(): Parameter 'UID' not found
10-16 22:23:08.630  2264  2395 E BatteryStatsService: no controller energy info supplied
10-16 22:23:08.663  2264  2395 E BatteryStatsService: no controller energy info supplied
10-16 22:23:08.663  2264  2395 E BatteryStatsService: no controller energy info supplied
10-16 22:23:08.695  2264  2395 E BatteryStatsService: modem info is invalid: ModemActivityInfo{ mTimestamp=27000247 mSleepTimeMs=26506749 mIdleTimeMs=-25917095 mTxTimeMs[]=[0, 0, 0, 0, 0] mRxTimeMs=1920 mEnergyUsed=0}
10-16 22:23:13.471   392  3002 E NetlinkEvent: NetlinkEvent::FindParam(): Parameter 'UID' not found
10-16 22:23:13.489  2264  2395 E BatteryStatsService: no controller energy info supplied
10-16 22:23:17.092  2264  2395 E BatteryStatsService: no controller energy info supplied
10-16 22:23:17.092  2264  2395 E BatteryStatsService: no controller energy info supplied
10-16 22:23:17.126  2264  2395 E BatteryStatsService: modem info is invalid: ModemActivityInfo{ mTimestamp=27008679 mSleepTimeMs=26515130 mIdleTimeMs=-26506727 mTxTimeMs[]=[0, 0, 0, 0, 0] mRxTimeMs=32 mEnergyUsed=0}
10-16 22:23:36.773  2264  4403 E BatteryStatsService: no controller energy info supplied
10-16 22:23:36.773  2264  4403 E BatteryStatsService: no controller energy info supplied
10-16 22:23:36.809  2264  4403 E BatteryStatsService: modem info is invalid: ModemActivityInfo{ mTimestamp=27028362 mSleepTimeMs=26534708 mIdleTimeMs=-26515105 mTxTimeMs[]=[0, 0, 0, 0, 0] mRxTimeMs=78 mEnergyUsed=0}
10-16 22:23:58.498   392  3002 E NetlinkEvent: NetlinkEvent::FindParam(): Parameter 'UID' not found
10-16 22:23:58.522  2264  2395 E BatteryStatsService: no controller energy info supplied
10-16 22:24:04.160   392  3002 E NetlinkEvent: NetlinkEvent::FindParam(): Parameter 'UID' not found
10-16 22:24:04.173  2264  2395 E BatteryStatsService: no controller energy info supplied
10-16 22:24:27.458   392  3002 E NetlinkEvent: NetlinkEvent::FindParam(): Parameter 'UID' not found
10-16 22:24:27.469  2264  2395 E BatteryStatsService: no controller energy info supplied
10-16 22:24:38.878   392  3002 E NetlinkEvent: NetlinkEvent::FindParam(): Parameter 'UID' not found
10-16 22:24:38.891  2264  2395 E BatteryStatsService: no controller energy info supplied
10-16 22:25:00.053  2264  2391 I ProcessStatsService: Prepared write state in 5ms
10-16 22:25:00.068  2264  2391 I ProcessStatsService: Prepared write state in 15ms
10-16 22:26:28.819   392  3002 E NetlinkEvent: NetlinkEvent::FindParam(): Parameter 'UID' not found
10-16 22:26:28.839  2264  2395 E BatteryStatsService: no controller energy info supplied
10-16 22:26:40.580   392  3002 E NetlinkEvent: NetlinkEvent::FindParam(): Parameter 'UID' not found
10-16 22:26:40.598  2264  2395 E BatteryStatsService: no controller energy info supplied
10-16 22:28:29.379   392  3002 E NetlinkEvent: NetlinkEvent::FindParam(): Parameter 'UID' not found
10-16 22:28:29.389  2264  2395 E BatteryStatsService: no controller energy info supplied
10-16 22:28:33.067   392  3002 E NetlinkEvent: NetlinkEvent::FindParam(): Parameter 'UID' not found
10-16 22:28:33.116  2264  2395 E BatteryStatsService: no controller energy info supplied
10-16 22:28:55.660   392  3002 E NetlinkEvent: NetlinkEvent::FindParam(): Parameter 'UID' not found
10-16 22:28:55.672  2264  2395 E BatteryStatsService: no controller energy info supplied
10-16 22:28:58.151   392  3002 E NetlinkEvent: NetlinkEvent::FindParam(): Parameter 'UID' not found
10-16 22:28:58.164  2264  2395 E BatteryStatsService: no controller energy info supplied
10-16 22:30:14.499   392  3002 E NetlinkEvent: NetlinkEvent::FindParam(): Parameter 'UID' not found
10-16 22:30:14.515  2264  2395 E BatteryStatsService: no controller energy info supplied
10-16 22:30:16.594   392  3002 E NetlinkEvent: NetlinkEvent::FindParam(): Parameter 'UID' not found
10-16 22:30:16.606  2264  2395 E BatteryStatsService: no controller energy info supplied
10-16 22:31:27.419   392  3002 E NetlinkEvent: NetlinkEvent::FindParam(): Parameter 'UID' not found
10-16 22:31:27.433  2264  2395 E BatteryStatsService: no controller energy info supplied
10-16 22:31:31.961   392  3002 E NetlinkEvent: NetlinkEvent::FindParam(): Parameter 'UID' not found
10-16 22:31:31.977  2264  2395 E BatteryStatsService: no controller energy info supplied
10-16 22:33:17.073  2264  2395 E BatteryStatsService: no controller energy info supplied
10-16 22:33:17.074  2264  2395 E BatteryStatsService: no controller energy info supplied
10-16 22:33:17.109  2264  2395 E BatteryStatsService: modem info is invalid: ModemActivityInfo{ mTimestamp=27608663 mSleepTimeMs=27112349 mIdleTimeMs=-26534008 mTxTimeMs[]=[0, 0, 0, 0, 0] mRxTimeMs=1959 mEnergyUsed=0}
10-16 22:33:28.459   392  3002 E NetlinkEvent: NetlinkEvent::FindParam(): Parameter 'UID' not found
10-16 22:33:28.470  2264  2395 E BatteryStatsService: no controller energy info supplied
10-16 22:33:41.496   392  3002 E NetlinkEvent: NetlinkEvent::FindParam(): Parameter 'UID' not found
10-16 22:33:41.509  2264  2395 E BatteryStatsService: no controller energy info supplied
10-16 22:34:06.978   392  3002 E NetlinkEvent: NetlinkEvent::FindParam(): Parameter 'UID' not found
10-16 22:34:06.991  2264  2395 E BatteryStatsService: no controller energy info supplied
10-16 22:34:09.763   392  3002 E NetlinkEvent: NetlinkEvent::FindParam(): Parameter 'UID' not found
10-16 22:34:09.779  2264  2395 E BatteryStatsService: no controller energy info supplied
10-16 22:35:34.939   392  3002 E NetlinkEvent: NetlinkEvent::FindParam(): Parameter 'UID' not found
10-16 22:35:34.966  2264  2395 E BatteryStatsService: no controller energy info supplied
10-16 22:35:38.340   392  3002 E NetlinkEvent: NetlinkEvent::FindParam(): Parameter 'UID' not found
10-16 22:35:38.352  2264  2395 E BatteryStatsService: no controller energy info supplied
10-16 22:36:10.303  2264  2740 I PowerManagerService: Going to sleep due to screen timeout (uid 1000)...
10-16 22:36:10.896  2264  2391 I VrManagerService: VR mode is disallowed
10-16 22:36:10.953  2264  2719 I DisplayManagerService: Display device changed state: "", OFF
10-16 22:36:11.145  2264  2740 I DreamManagerService: Entering dreamland.
10-16 22:36:11.146  2264  2740 I PowerManagerService: Dozing...
10-16 22:36:11.151  2264  2714 I DreamController: Starting dream: name=ComponentInfo{com.android.systemui/com.android.systemui.doze.DozeService}, isTest=false, canDoze=true, userId=0
10-16 22:36:11.727   392  3002 E NetlinkEvent: NetlinkEvent::FindParam(): Parameter 'UID' not found
10-16 22:36:11.733  2264  2395 E BatteryStatsService: no controller energy info supplied
10-16 22:36:12.098   392  3002 E NetlinkEvent: NetlinkEvent::FindParam(): Parameter 'UID' not found
10-16 22:36:12.112  2264  2395 E BatteryStatsService: no controller energy info supplied
10-16 22:36:15.373  2264  4395 I ActivityManager: Setting hasTopUi=true for pid=3372
10-16 22:36:15.449  3372  3372 V KeyguardStatusView: refresh statusview showing:true
10-16 22:36:15.468  3372  3372 V KeyguardDisplayManager: show
10-16 22:39:15.999   392  3002 E NetlinkEvent: NetlinkEvent::FindParam(): Parameter 'UID' not found
10-16 22:39:16.016  2264  2395 E BatteryStatsService: no controller energy info supplied
10-16 22:39:16.105  2264  2395 E BatteryStatsService: no controller energy info supplied
10-16 22:39:16.105  2264  2395 E BatteryStatsService: no controller energy info supplied
10-16 22:39:16.140  2264  2395 E BatteryStatsService: modem info is invalid: ModemActivityInfo{ mTimestamp=27967693 mSleepTimeMs=27469118 mIdleTimeMs=-27111963 mTxTimeMs[]=[0, 0, 0, 0, 0] mRxTimeMs=1187 mEnergyUsed=0}
10-16 22:39:43.355   392  3002 E NetlinkEvent: NetlinkEvent::FindParam(): Parameter 'UID' not found
10-16 22:39:43.364   392  3002 E NetlinkEvent: NetlinkEvent::FindParam(): Parameter 'UID' not found
10-16 22:39:43.372  2264  2395 E BatteryStatsService: no controller energy info supplied
10-16 22:39:43.393  2264  2395 E BatteryStatsService: no controller energy info supplied
10-16 22:43:47.055   392  3002 E NetlinkEvent: NetlinkEvent::FindParam(): Parameter 'UID' not found
10-16 22:43:47.061  2264  2395 E BatteryStatsService: no controller energy info supplied
10-16 22:45:19.007   392  3002 E NetlinkEvent: NetlinkEvent::FindParam(): Parameter 'UID' not found
10-16 22:45:19.013  2264  2395 E BatteryStatsService: no controller energy info supplied
10-16 22:48:21.085  2264  3311 E NetdConnector: NDC Command {602 firewall enable_chain dozable} took too long (176871ms)
10-16 22:53:56.135   392  3002 E NetlinkEvent: NetlinkEvent::FindParam(): Parameter 'UID' not found
10-16 22:53:56.143  2264  2395 E BatteryStatsService: no controller energy info supplied
10-16 22:54:57.024   392  3002 E NetlinkEvent: NetlinkEvent::FindParam(): Parameter 'UID' not found
10-16 22:54:57.031  2264  2395 E BatteryStatsService: no controller energy info supplied
10-16 23:00:59.133  2264  4403 D ConnectivityService: Returning blocked NetworkInfo to uid=10090
10-16 23:00:59.772  2264  4413 E BatteryStatsService: no controller energy info supplied
10-16 23:00:59.773  2264  4413 E BatteryStatsService: no controller energy info supplied
10-16 23:00:59.810  2264  4413 E BatteryStatsService: modem info is invalid: ModemActivityInfo{ mTimestamp=29271355 mSleepTimeMs=28767444 mIdleTimeMs=-27468258 mTxTimeMs[]=[0, 0, 0, 0, 0] mRxTimeMs=4477 mEnergyUsed=0}
10-16 23:00:59.942   392  3002 E NetlinkEvent: NetlinkEvent::FindParam(): Parameter 'UID' not found
10-16 23:00:59.946  2264  2395 E BatteryStatsService: no controller energy info supplied
10-16 23:03:18.024   392  3002 E NetlinkEvent: NetlinkEvent::FindParam(): Parameter 'UID' not found
10-16 23:03:18.029  2264  2395 E BatteryStatsService: no controller energy info supplied
10-16 23:03:18.096  2264  3311 E NetdConnector: NDC Command {606 firewall enable_chain dozable} took too long (133858ms)
10-16 23:05:01.559   392  3002 E NetlinkEvent: NetlinkEvent::FindParam(): Parameter 'UID' not found
10-16 23:05:01.576  2264  2395 E BatteryStatsService: no controller energy info supplied
10-16 23:05:01.576   392  3002 E NetlinkEvent: NetlinkEvent::FindParam(): Parameter 'UID' not found
10-16 23:05:01.604  2264  2395 E BatteryStatsService: no controller energy info supplied
10-16 23:05:02.192   392  3002 E NetlinkEvent: NetlinkEvent::FindParam(): Parameter 'UID' not found
10-16 23:05:02.202  2264  2395 E BatteryStatsService: no controller energy info supplied
10-16 23:05:55.010   392  3002 E NetlinkEvent: NetlinkEvent::FindParam(): Parameter 'UID' not found
10-16 23:05:55.022  2264  2395 E BatteryStatsService: no controller energy info supplied
10-16 23:12:48.014  2264  2391 W ProcessCpuTracker: Skipping unknown process pid 20695
10-16 23:12:48.059   392  3002 E NetlinkEvent: NetlinkEvent::FindParam(): Parameter 'UID' not found
10-16 23:12:48.064  2264  2395 E BatteryStatsService: no controller energy info supplied
10-16 23:13:19.013   392  3002 E NetlinkEvent: NetlinkEvent::FindParam(): Parameter 'UID' not found
10-16 23:13:19.020  2264  2395 E BatteryStatsService: no controller energy info supplied
10-16 23:23:07.096  2264  2395 E BatteryStatsService: no controller energy info supplied
10-16 23:23:07.096  2264  2395 E BatteryStatsService: no controller energy info supplied
10-16 23:23:07.138  2264  2395 E BatteryStatsService: modem info is invalid: ModemActivityInfo{ mTimestamp=30598684 mSleepTimeMs=30089678 mIdleTimeMs=-28766572 mTxTimeMs[]=[0, 0, 0, 0, 0] mRxTimeMs=4222 mEnergyUsed=0}
10-16 23:23:09.206   392  3002 E NetlinkEvent: NetlinkEvent::FindParam(): Parameter 'UID' not found
10-16 23:23:09.218  2264  2395 E BatteryStatsService: no controller energy info supplied
10-16 23:23:12.152  2264  2391 W ProcessCpuTracker: Skipping unknown process pid 20724
10-16 23:23:18.076  2264  3311 E NetdConnector: NDC Command {608 firewall enable_chain dozable} took too long (5790ms)
10-16 23:27:07.026   392  3002 E NetlinkEvent: NetlinkEvent::FindParam(): Parameter 'UID' not found
10-16 23:27:07.041  2264  2395 E BatteryStatsService: no controller energy info supplied
10-16 23:30:01.108  2264  2264 D ConditionProviders.SCP: onReceive ScheduleConditionProvider.EVALUATE
10-16 23:30:01.110  2264  2264 D ConditionProviders.SCP: notifyCondition condition://android/schedule?days=6.7&start=23.30&end=10.0&exitAtAlarm=false STATE_FALSE reason=!meetsSchedule
10-16 23:30:01.110  2264  2264 D ConditionProviders.SCP: notifyCondition condition://android/schedule?days=1.2.3.4.5&start=22.0&end=7.0&exitAtAlarm=false STATE_TRUE reason=meetsSchedule
10-16 23:30:01.111  2264  2264 D ConditionProviders.SCP: Scheduling evaluate for Wed Oct 17 10:00:00 GMT+09:00 2018 (1539738000000), in +10h29m58s892ms, now=Tue Oct 16 23:30:01 GMT+09:00 2018 (1539700201108)
10-16 23:41:50.063   392  3002 E NetlinkEvent: NetlinkEvent::FindParam(): Parameter 'UID' not found
10-16 23:41:50.066  2264  2395 E BatteryStatsService: no controller energy info supplied
10-16 23:43:07.033   392  3002 E NetlinkEvent: NetlinkEvent::FindParam(): Parameter 'UID' not found
10-16 23:43:07.046  2264  2395 E BatteryStatsService: no controller energy info supplied
10-16 23:43:07.066  2264  2391 W ProcessCpuTracker: Skipping unknown process pid 20752
10-16 23:43:18.048  2264  3311 E NetdConnector: NDC Command {612 firewall enable_chain dozable} took too long (5707ms)
10-17 00:00:01.218  2264  3327 D ConnectivityService: Returning unblocked NetworkInfo to uid=10090
10-17 00:00:01.260  2264  3812 I ActivityManager: Start proc 20806:com.qualcomm.qti.calendarwidget/u0a40 for broadcast com.qualcomm.qti.calendarwidget/.CalendarWidget
10-17 00:00:01.434  2264  4394 W ActivityManager: Permission Denial: opening provider com.android.providers.calendar.CalendarProvider2 from ProcessRecord{734b111 20806:com.qualcomm.qti.calendarwidget/u0a40} (pid=20806, uid=10040) requires android.permission.READ_CALENDAR or android.permission.WRITE_CALENDAR
10-17 00:00:01.444  2264  3812 W ActivityManager: Permission Denial: opening provider com.android.providers.calendar.CalendarProvider2 from ProcessRecord{734b111 20806:com.qualcomm.qti.calendarwidget/u0a40} (pid=20806, uid=10040) requires android.permission.READ_CALENDAR or android.permission.WRITE_CALENDAR
10-17 00:00:01.557  2264  3806 I ActivityManager: Start proc 20836:com.qualcomm.timeservice/1000 for broadcast com.qualcomm.timeservice/.TimeServiceBroadcastReceiver
10-17 00:00:01.949  2264  4400 I ActivityManager: Start proc 20859:com.google.android.keep/u0a63 for broadcast com.google.android.keep/.notification.ReminderNotificationReceiver
10-17 00:00:02.554  2264  4394 I ActivityManager: Killing 23847:com.google.android.inputmethod.japanese/u0a60 (adj 906): empty for 5822s
10-17 00:00:02.627  2264  4403 D ActivityManager: cleanUpApplicationRecord -- 23847
10-17 00:00:17.053  2264  3327 I ActivityManager: Start proc 20899:com.android.providers.calendar/u0a2 for content provider com.android.providers.calendar/.CalendarProvider2
10-17 00:00:17.054  2264  3311 E NetdConnector: NDC Command {618 firewall enable_chain dozable} took too long (10710ms)
10-17 00:10:52.084   392  3002 E NetlinkEvent: NetlinkEvent::FindParam(): Parameter 'UID' not found
10-17 00:10:52.091  2264  2395 E BatteryStatsService: no controller energy info supplied
10-17 00:12:02.047   392  3002 E NetlinkEvent: NetlinkEvent::FindParam(): Parameter 'UID' not found
10-17 00:12:02.056  2264  2395 E BatteryStatsService: no controller energy info supplied
10-17 00:20:02.963   392  3002 E NetlinkEvent: NetlinkEvent::FindParam(): Parameter 'UID' not found
10-17 00:20:02.966  2264  2395 E BatteryStatsService: no controller energy info supplied
10-17 00:23:18.041   392  3002 E NetlinkEvent: NetlinkEvent::FindParam(): Parameter 'UID' not found
10-17 00:23:18.052  2264  2395 E BatteryStatsService: no controller energy info supplied
10-17 00:23:18.106  2264  3311 E NetdConnector: NDC Command {621 firewall enable_chain dozable} took too long (190870ms)
10-17 00:24:02.474   392  3002 E NetlinkEvent: NetlinkEvent::FindParam(): Parameter 'UID' not found
10-17 00:24:02.484  2264  2395 E BatteryStatsService: no controller energy info supplied
10-17 00:28:02.038   392  3002 E NetlinkEvent: NetlinkEvent::FindParam(): Parameter 'UID' not found
10-17 00:28:02.051  2264  2395 E BatteryStatsService: no controller energy info supplied
10-17 00:37:03.099  2264  3311 E NetdConnector: NDC Command {625 firewall enable_chain dozable} took too long (55776ms)
10-17 00:39:53.082   392  3002 E NetlinkEvent: NetlinkEvent::FindParam(): Parameter 'UID' not found
10-17 00:39:53.090  2264  2395 E BatteryStatsService: no controller energy info supplied
10-17 00:40:54.046   392  3002 E NetlinkEvent: NetlinkEvent::FindParam(): Parameter 'UID' not found
10-17 00:40:54.058  2264  2395 E BatteryStatsService: no controller energy info supplied
10-17 00:44:54.076  2264  2264 I ActivityManager: Killing 15825:com.google.android.gms.ui/u0a11 (adj 906): empty for 3114s
10-17 00:44:54.160  2264  3327 D ActivityManager: cleanUpApplicationRecord -- 15825
10-17 00:53:57.170   392  3002 E NetlinkEvent: NetlinkEvent::FindParam(): Parameter 'UID' not found
10-17 00:53:57.175  2264  2395 E BatteryStatsService: no controller energy info supplied
10-17 00:54:02.051  2264  2264 I ActivityManager: Killing 19157:com.google.android.apps.photos/u0a92 (adj 906): empty for 1872s
10-17 00:54:58.059   392  3002 E NetlinkEvent: NetlinkEvent::FindParam(): Parameter 'UID' not found
10-17 00:54:58.063  2264  2305 D ActivityManager: cleanUpApplicationRecord -- 19157
10-17 00:54:58.068  2264  2395 E BatteryStatsService: no controller energy info supplied
10-17 00:54:58.687  2264  4394 E BatteryStatsService: no controller energy info supplied
10-17 00:54:58.687  2264  4394 E BatteryStatsService: no controller energy info supplied
10-17 00:54:58.715  2264  4394 E BatteryStatsService: modem info is invalid: ModemActivityInfo{ mTimestamp=36110268 mSleepTimeMs=35579819 mIdleTimeMs=-30084793 mTxTimeMs[]=[0, 0, 0, 0, 0] mRxTimeMs=17803 mEnergyUsed=0}
10-17 00:56:54.108  2264  3311 E NetdConnector: NDC Command {629 firewall enable_chain dozable} took too long (110898ms)
10-17 01:08:54.117   392  3002 E NetlinkEvent: NetlinkEvent::FindParam(): Parameter 'UID' not found
10-17 01:08:54.122  2264  2395 E BatteryStatsService: no controller energy info supplied
10-17 01:10:04.053   392  3002 E NetlinkEvent: NetlinkEvent::FindParam(): Parameter 'UID' not found
10-17 01:10:04.064  2264  2395 E BatteryStatsService: no controller energy info supplied
10-17 01:10:04.197  2264  3806 D ConnectivityService: Returning blocked NetworkInfo to uid=10090
10-17 01:10:18.109  2264  3311 E NetdConnector: NDC Command {631 firewall enable_chain dozable} took too long (8800ms)
10-17 01:26:10.893   392  3002 E NetlinkEvent: NetlinkEvent::FindParam(): Parameter 'UID' not found
10-17 01:26:10.900  2264  2395 E BatteryStatsService: no controller energy info supplied
10-17 01:30:10.048   392  3002 E NetlinkEvent: NetlinkEvent::FindParam(): Parameter 'UID' not found
10-17 01:30:10.055  2264  2395 E BatteryStatsService: no controller energy info supplied
10-17 01:30:10.488   392  3002 E NetlinkEvent: NetlinkEvent::FindParam(): Parameter 'UID' not found
10-17 01:30:10.500  2264  2395 E BatteryStatsService: no controller energy info supplied
10-17 01:33:18.054   392  3002 E NetlinkEvent: NetlinkEvent::FindParam(): Parameter 'UID' not found
10-17 01:33:18.061  2264  2395 E BatteryStatsService: no controller energy info supplied
10-17 01:37:55.094   392  3002 E NetlinkEvent: NetlinkEvent::FindParam(): Parameter 'UID' not found
10-17 01:37:55.101  2264  2395 E BatteryStatsService: no controller energy info supplied
10-17 01:38:56.074   392  3002 E NetlinkEvent: NetlinkEvent::FindParam(): Parameter 'UID' not found
10-17 01:38:56.081  2264  2395 E BatteryStatsService: no controller energy info supplied
10-17 01:38:56.134   392  3002 E NetlinkEvent: NetlinkEvent::FindParam(): Parameter 'UID' not found
10-17 01:38:56.139  2264  2395 E BatteryStatsService: no controller energy info supplied
10-17 01:41:16.071   392  3002 E NetlinkEvent: NetlinkEvent::FindParam(): Parameter 'UID' not found
10-17 01:41:16.086  2264  2395 E BatteryStatsService: no controller energy info supplied
10-17 01:41:16.206  2264  2391 W ProcessCpuTracker: Skipping unknown process pid 21137
10-17 01:41:16.319   392  3002 E NetlinkEvent: NetlinkEvent::FindParam(): Parameter 'UID' not found
10-17 01:41:16.326  2264  2395 E BatteryStatsService: no controller energy info supplied
10-17 01:41:17.138  2264  2305 I ActivityManager: Start proc 21141:com.google.android.apps.photos/u0a92 for service com.google.android.apps.photos/.metasync.periodic.MetaSyncGcoreGcmTaskService
10-17 01:41:52.060   392  3002 E NetlinkEvent: NetlinkEvent::FindParam(): Parameter 'UID' not found
10-17 01:41:52.067  2264  2391 W ProcessCpuTracker: Skipping unknown process pid 21176
10-17 01:41:52.067  2264  2395 E BatteryStatsService: no controller energy info supplied
10-17 01:41:52.163  2264  3311 E NetdConnector: NDC Command {637 firewall enable_chain dozable} took too long (30874ms)
10-17 01:43:18.094   392  3002 E NetlinkEvent: NetlinkEvent::FindParam(): Parameter 'UID' not found
10-17 01:43:18.104  2264  2395 E BatteryStatsService: no controller energy info supplied
10-17 01:45:17.390   392  3002 E NetlinkEvent: NetlinkEvent::FindParam(): Parameter 'UID' not found
10-17 01:45:17.403  2264  2395 E BatteryStatsService: no controller energy info supplied
10-17 02:03:05.175   392  3002 E NetlinkEvent: NetlinkEvent::FindParam(): Parameter 'UID' not found
10-17 02:03:05.180  2264  2395 E BatteryStatsService: no controller energy info supplied
10-17 02:03:16.407  2264  3311 E NetdConnector: NDC Command {641 firewall enable_chain dozable} took too long (7093ms)
10-17 02:06:57.082   392  3002 E NetlinkEvent: NetlinkEvent::FindParam(): Parameter 'UID' not found
10-17 02:06:57.101  2264  2395 E BatteryStatsService: no controller energy info supplied
10-17 02:06:57.128   392  3002 E NetlinkEvent: NetlinkEvent::FindParam(): Parameter 'UID' not found
10-17 02:06:57.134  2264  2395 E BatteryStatsService: no controller energy info supplied
10-17 02:07:58.070   392  3002 E NetlinkEvent: NetlinkEvent::FindParam(): Parameter 'UID' not found
10-17 02:07:58.093  2264  2395 E BatteryStatsService: no controller energy info supplied
10-17 02:07:58.162  2264  2395 E BatteryStatsService: no controller energy info supplied
10-17 02:07:58.162  2264  2395 E BatteryStatsService: no controller energy info supplied
10-17 02:07:58.188  2264  2395 E BatteryStatsService: modem info is invalid: ModemActivityInfo{ mTimestamp=40489746 mSleepTimeMs=39942197 mIdleTimeMs=-35576889 mTxTimeMs[]=[0, 0, 0, 0, 0] mRxTimeMs=14169 mEnergyUsed=0}
10-17 02:13:18.211   392  3002 E NetlinkEvent: NetlinkEvent::FindParam(): Parameter 'UID' not found
10-17 02:13:18.219  2264  2395 E BatteryStatsService: no controller energy info supplied
10-17 02:15:58.075   392  3002 E NetlinkEvent: NetlinkEvent::FindParam(): Parameter 'UID' not found
10-17 02:15:58.081  2264  2395 E BatteryStatsService: no controller energy info supplied
10-17 02:28:03.203  2264  2391 W ProcessCpuTracker: Skipping unknown process pid 21296
10-17 02:28:59.182  2264  3311 E NetdConnector: NDC Command {645 firewall enable_chain dozable} took too long (55847ms)
10-17 02:35:58.153   392  3002 E NetlinkEvent: NetlinkEvent::FindParam(): Parameter 'UID' not found
10-17 02:35:58.161  2264  2395 E BatteryStatsService: no controller energy info supplied
10-17 02:37:04.080   392  3002 E NetlinkEvent: NetlinkEvent::FindParam(): Parameter 'UID' not found
10-17 02:37:04.087  2264  2395 E BatteryStatsService: no controller energy info supplied
10-17 02:53:58.206   392  3002 E NetlinkEvent: NetlinkEvent::FindParam(): Parameter 'UID' not found
10-17 02:53:58.210  2264  2395 E BatteryStatsService: no controller energy info supplied
10-17 02:54:17.092   392  3002 E NetlinkEvent: NetlinkEvent::FindParam(): Parameter 'UID' not found
10-17 02:54:17.104  2264  2395 E BatteryStatsService: no controller energy info supplied
10-17 02:54:18.442  2264  4413 E BatteryStatsService: no controller energy info supplied
10-17 02:54:18.443  2264  4413 E BatteryStatsService: no controller energy info supplied
10-17 02:54:18.470  2264  4413 E BatteryStatsService: modem info is invalid: ModemActivityInfo{ mTimestamp=43270026 mSleepTimeMs=42708704 mIdleTimeMs=-39940222 mTxTimeMs[]=[0, 0, 0, 0, 0] mRxTimeMs=11799 mEnergyUsed=0}
10-17 02:55:16.133  2264  3311 E NetdConnector: NDC Command {649 firewall enable_chain dozable} took too long (53866ms)
10-17 03:04:59.103   392  3002 E NetlinkEvent: NetlinkEvent::FindParam(): Parameter 'UID' not found
10-17 03:04:59.109  2264  2395 E BatteryStatsService: no controller energy info supplied
10-17 03:09:23.093   392  3002 E NetlinkEvent: NetlinkEvent::FindParam(): Parameter 'UID' not found
10-17 03:09:23.103  2264  2395 E BatteryStatsService: no controller energy info supplied
10-17 03:09:23.257  2264  3731 D ConnectivityService: Returning blocked NetworkInfo to uid=10029
10-17 03:09:23.304  2264  4395 D ConnectivityService: Returning unblocked NetworkInfo to uid=10029
10-17 03:09:25.456   392  3002 E NetlinkEvent: NetlinkEvent::FindParam(): Parameter 'UID' not found
10-17 03:09:25.466  2264  2395 E BatteryStatsService: no controller energy info supplied
10-17 03:10:24.094   392  3002 E NetlinkEvent: NetlinkEvent::FindParam(): Parameter 'UID' not found
10-17 03:10:24.104  2264  2395 E BatteryStatsService: no controller energy info supplied
10-17 03:13:18.117  2264  3311 E NetdConnector: NDC Command {651 firewall enable_chain dozable} took too long (173986ms)
10-17 03:29:23.941   392  3002 E NetlinkEvent: NetlinkEvent::FindParam(): Parameter 'UID' not found
10-17 03:29:23.946  2264  2395 E BatteryStatsService: no controller energy info supplied
10-17 03:33:18.106   392  3002 E NetlinkEvent: NetlinkEvent::FindParam(): Parameter 'UID' not found
10-17 03:33:18.119  2264  2395 E BatteryStatsService: no controller energy info supplied
10-17 03:33:18.167  2264  3311 E NetdConnector: NDC Command {655 firewall enable_chain dozable} took too long (229858ms)
10-17 03:33:23.456   392  3002 E NetlinkEvent: NetlinkEvent::FindParam(): Parameter 'UID' not found
10-17 03:33:23.469  2264  2395 E BatteryStatsService: no controller energy info supplied
10-17 03:34:02.105   392  3002 E NetlinkEvent: NetlinkEvent::FindParam(): Parameter 'UID' not found
10-17 03:34:02.119  2264  2395 E BatteryStatsService: no controller energy info supplied
10-17 03:34:02.152   392  3002 E NetlinkEvent: NetlinkEvent::FindParam(): Parameter 'UID' not found
10-17 03:34:02.158  2264  2395 E BatteryStatsService: no controller energy info supplied
10-17 03:37:23.117   392  3002 E NetlinkEvent: NetlinkEvent::FindParam(): Parameter 'UID' not found
10-17 03:37:23.140  2264  2395 E BatteryStatsService: no controller energy info supplied
10-17 03:53:44.204   392  3002 E NetlinkEvent: NetlinkEvent::FindParam(): Parameter 'UID' not found
10-17 03:53:44.210  2264  2395 E BatteryStatsService: no controller energy info supplied
10-17 03:54:05.117   392  3002 E NetlinkEvent: NetlinkEvent::FindParam(): Parameter 'UID' not found
10-17 03:54:05.126  2264  2395 E BatteryStatsService: no controller energy info supplied
10-17 03:54:05.218  2264  3311 E NetdConnector: NDC Command {659 firewall enable_chain dozable} took too long (15856ms)
10-17 04:03:03.158   392  3002 E NetlinkEvent: NetlinkEvent::FindParam(): Parameter 'UID' not found
10-17 04:03:03.164  2264  2395 E BatteryStatsService: no controller energy info supplied
10-17 04:03:18.117   392  3002 E NetlinkEvent: NetlinkEvent::FindParam(): Parameter 'UID' not found
10-17 04:03:18.136  2264  2395 E BatteryStatsService: no controller energy info supplied
10-17 04:09:44.682   392  3002 E NetlinkEvent: NetlinkEvent::FindParam(): Parameter 'UID' not found
10-17 04:09:44.687  2264  2395 E BatteryStatsService: no controller energy info supplied
10-17 04:13:18.121   392  3002 E NetlinkEvent: NetlinkEvent::FindParam(): Parameter 'UID' not found
10-17 04:13:18.131  2264  2395 E BatteryStatsService: no controller energy info supplied
10-17 04:13:18.167  2264  3311 E NetdConnector: NDC Command {661 firewall enable_chain dozable} took too long (208836ms)
10-17 04:13:46.632   392  3002 E NetlinkEvent: NetlinkEvent::FindParam(): Parameter 'UID' not found
10-17 04:13:46.646  2264  2395 E BatteryStatsService: no controller energy info supplied
10-17 04:17:44.123   392  3002 E NetlinkEvent: NetlinkEvent::FindParam(): Parameter 'UID' not found
10-17 04:17:44.142  2264  2395 E BatteryStatsService: no controller energy info supplied
10-17 04:30:46.053   392  3002 E NetlinkEvent: NetlinkEvent::FindParam(): Parameter 'UID' not found
10-17 04:30:46.064  2264  2395 E BatteryStatsService: no controller energy info supplied
10-17 04:31:55.121   392  3002 E NetlinkEvent: NetlinkEvent::FindParam(): Parameter 'UID' not found
10-17 04:31:55.128  2264  2395 E BatteryStatsService: no controller energy info supplied
10-17 04:31:55.179  2264  3311 E NetdConnector: NDC Command {665 firewall enable_chain dozable} took too long (62767ms)
10-17 04:32:06.142   392  3002 E NetlinkEvent: NetlinkEvent::FindParam(): Parameter 'UID' not found
10-17 04:32:06.146  2264  2395 E BatteryStatsService: no controller energy info supplied
10-17 04:33:18.130   392  3002 E NetlinkEvent: NetlinkEvent::FindParam(): Parameter 'UID' not found
10-17 04:33:18.138  2264  2395 E BatteryStatsService: no controller energy info supplied
10-17 04:38:45.422   392  3002 E NetlinkEvent: NetlinkEvent::FindParam(): Parameter 'UID' not found
10-17 04:38:45.437  2264  2395 E BatteryStatsService: no controller energy info supplied
10-17 04:42:45.124   392  3002 E NetlinkEvent: NetlinkEvent::FindParam(): Parameter 'UID' not found
10-17 04:42:45.133  2264  2395 E BatteryStatsService: no controller energy info supplied
10-17 04:42:45.152  2264  2391 W ProcessCpuTracker: Skipping unknown process pid 21572
10-17 04:46:45.224  2264  2395 E BatteryStatsService: no controller energy info supplied
10-17 04:46:45.224  2264  2395 E BatteryStatsService: no controller energy info supplied
10-17 04:46:45.250  2264  2395 E BatteryStatsService: modem info is invalid: ModemActivityInfo{ mTimestamp=50016806 mSleepTimeMs=49429726 mIdleTimeMs=-42704185 mTxTimeMs[]=[0, 0, 0, 0, 0] mRxTimeMs=21239 mEnergyUsed=0}
10-17 04:53:59.264   392  3002 E NetlinkEvent: NetlinkEvent::FindParam(): Parameter 'UID' not found
10-17 04:53:59.269  2264  2395 E BatteryStatsService: no controller energy info supplied
10-17 04:55:00.135   392  3002 E NetlinkEvent: NetlinkEvent::FindParam(): Parameter 'UID' not found
10-17 04:55:00.150  2264  2395 E BatteryStatsService: no controller energy info supplied
10-17 04:55:00.902  2264  2305 E BatteryStatsService: no controller energy info supplied
10-17 04:55:00.902  2264  2305 E BatteryStatsService: no controller energy info supplied
10-17 04:55:00.930  2264  2305 E BatteryStatsService: modem info is invalid: ModemActivityInfo{ mTimestamp=50512487 mSleepTimeMs=49923539 mIdleTimeMs=-49429393 mTxTimeMs[]=[0, 0, 0, 0, 0] mRxTimeMs=1534 mEnergyUsed=0}
10-17 04:59:00.201  2264  3311 E NetdConnector: NDC Command {669 firewall enable_chain dozable} took too long (234851ms)
10-17 05:01:08.171   392  3002 E NetlinkEvent: NetlinkEvent::FindParam(): Parameter 'UID' not found
10-17 05:01:08.181  2264  2395 E BatteryStatsService: no controller energy info supplied
10-17 05:03:00.135   392  3002 E NetlinkEvent: NetlinkEvent::FindParam(): Parameter 'UID' not found
10-17 05:03:00.141  2264  2395 E BatteryStatsService: no controller energy info supplied
10-17 05:13:18.194  2264  3311 E NetdConnector: NDC Command {671 firewall enable_chain dozable} took too long (132858ms)
10-17 05:30:11.173   392  3002 E NetlinkEvent: NetlinkEvent::FindParam(): Parameter 'UID' not found
10-17 05:30:11.181  2264  2395 E BatteryStatsService: no controller energy info supplied
10-17 05:31:12.141   392  3002 E NetlinkEvent: NetlinkEvent::FindParam(): Parameter 'UID' not found
10-17 05:31:12.152  2264  2395 E BatteryStatsService: no controller energy info supplied
10-17 05:31:12.336  2264  2391 W ProcessCpuTracker: Skipping unknown process pid 21670
10-17 05:31:12.854   392  3002 E NetlinkEvent: NetlinkEvent::FindParam(): Parameter 'UID' not found
10-17 05:31:12.859  2264  2395 E BatteryStatsService: no controller energy info supplied
10-17 05:31:17.386  2264  2391 W ProcessCpuTracker: Skipping unknown process pid 21686
10-17 05:33:18.150   392  3002 E NetlinkEvent: NetlinkEvent::FindParam(): Parameter 'UID' not found
10-17 05:33:18.160  2264  2395 E BatteryStatsService: no controller energy info supplied
10-17 05:33:18.241  2264  3311 E NetdConnector: NDC Command {675 firewall enable_chain dozable} took too long (120878ms)
10-17 05:35:14.260   392  3002 E NetlinkEvent: NetlinkEvent::FindParam(): Parameter 'UID' not found
10-17 05:35:14.273   392  3002 E NetlinkEvent: NetlinkEvent::FindParam(): Parameter 'UID' not found
