10-17 11:44:00.716  8050  8050 V BoostFramework: BoostFramework() : mPerf = com.qualcomm.qti.Performance@e211ea9
10-17 11:44:00.720  8050  8050 V BoostFramework: BoostFramework() : mPerf = com.qualcomm.qti.Performance@f77f15c
10-17 11:44:00.720  8050  8050 V BoostFramework: BoostFramework() : mPerf = com.qualcomm.qti.Performance@ac3fc65
10-17 11:44:00.810  8050  8064 I Adreno-EGL: <qeglDrvAPI_eglInitialize:379>: EGL 1.4 QUALCOMM build: Nondeterministic_AU_msm8909_LA.BR.1.2.9_RB1__release_AU (I489c51317b)
10-17 11:44:00.810  8050  8064 I Adreno-EGL: OpenGL ES Shader Compiler Version: E031.31.00.01
10-17 11:44:00.810  8050  8064 I Adreno-EGL: Build Date: 05/22/17 Mon
10-17 11:44:00.810  8050  8064 I Adreno-EGL: Local Branch: 
10-17 11:44:00.810  8050  8064 I Adreno-EGL: Remote Branch: quic/LA.BR.1.2.9_rb1.18
10-17 11:44:00.810  8050  8064 I Adreno-EGL: Local Patches: NONE
10-17 11:44:00.810  8050  8064 I Adreno-EGL: Reconstruct Branch: NOTHING
10-17 11:44:00.815  8050  8064 I OpenGLRenderer: Initialized EGL, version 1.4
10-17 11:44:00.816  8050  8064 D OpenGLRenderer: Swap behavior 1
10-17 11:44:00.907  2264  2719 I ActivityManager: Displayed com.google.android.packageinstaller/com.android.packageinstaller.UninstallerActivity: +344ms
10-17 11:44:01.999  2264 29469 I ActivityManager: START u0 {act=android.intent.action.VIEW cmp=com.google.android.packageinstaller/com.android.packageinstaller.UninstallAppProgress (has extras)} from uid 10020 on display 0
10-17 11:44:02.001   374   641 D audio_hw_primary: start_output_stream: enter: stream(0xad8441c0)usecase(1: low-latency-playback) devices(0x2)
10-17 11:44:02.001   374   641 D audio_hw_primary: select_devices: out_snd_device(2: speaker) in_snd_device(0: )
10-17 11:44:02.001   374   641 D hardware_info: hw_info_append_hw_type : device_name = speaker
10-17 11:44:02.001   374   641 D audio_hw_primary: enable_snd_device: snd_device(2: speaker)
10-17 11:44:02.001   374   641 I soundtrigger: audio_extn_sound_trigger_update_device_status: device 0x2 of type 0 for Event 1, with Raise=0
10-17 11:44:02.009  2264 29469 D ActivityTrigger: ActivityTrigger activityPauseTrigger 
10-17 11:44:02.011   374   641 W audio_hw_utils: audio_extn_utils_update_stream_app_type_cfg: App type could not be selected. Falling back to default
10-17 11:44:02.011   374   641 I audio_hw_primary: select_devices Selected apptype: 69936
10-17 11:44:02.011   374   641 V audio_hw_dolby: audio_extn_dolby_set_dmid Dolby device manufacturer id is:0
10-17 11:44:02.012   374   641 V audio_hw_dolby: audio_extn_dolby_set_license Setting DS1 License, key:0x0 dmid 0
10-17 11:44:02.012   374   641 E DAP_HAL : dap_hal_set_hw_info: dmid=0
10-17 11:44:02.012   374   641 E DAP_HAL :  key 00x
10-17 11:44:02.012   374   641 E audio_hw_dolby: audio_extn_dolby_set_license Could not set DS1 License. Status: -1
10-17 11:44:02.012   374   641 D soundtrigger: audio_extn_sound_trigger_update_stream_status: uc_id 1 of type 0 for Event 3, with Raise=0
10-17 11:44:02.012   374   641 D ACDB-LOADER: ACDB -> send_audio_cal, acdb_id = 14, path =  0
10-17 11:44:02.012   374   641 D ACDB-LOADER: ACDB -> send_asm_topology
10-17 11:44:02.012   374   641 D ACDB-LOADER: ACDB -> ACDB_CMD_GET_AUDPROC_STREAM_TOPOLOGY_ID
10-17 11:44:02.012   374   641 D ACDB-LOADER: ACDB -> send_adm_topology
10-17 11:44:02.012   374   641 D ACDB-LOADER: ACDB -> ACDB_CMD_GET_AUDPROC_COMMON_TOPOLOGY_ID
10-17 11:44:02.012   374   641 D ACDB-LOADER: ACDB -> send_audtable
10-17 11:44:02.012   374   641 D ACDB-LOADER: ACDB -> ACDB_CMD_GET_AUDPROC_COMMON_TABLE_SIZE
10-17 11:44:02.012   374   641 D ACDB-LOADER: ACDB -> ACDB_CMD_GET_AUDPROC_COMMON_TABLE
10-17 11:44:02.012   374   641 D ACDB-LOADER: ACDB -> AUDIO_SET_AUDPROC_CAL
10-17 11:44:02.012   374   641 D ACDB-LOADER: ACDB -> send_audvoltable
10-17 11:44:02.012   374   641 D ACDB-LOADER: ACDB -> ACDB_CMD_GET_AUDPROC_GAIN_DEP_STEP_TABLE
10-17 11:44:02.012   374   641 D ACDB-LOADER: ACDB -> AUDIO_SET_AUDPROC_VOL_CAL
10-17 11:44:02.012   374   641 D ACDB-LOADER: ACDB -> send_afe_cal
10-17 11:44:02.013   374   641 D ACDB-LOADER: ACDB -> ACDB_CMD_GET_AFE_COMMON_TABLE
10-17 11:44:02.013   374   641 D ACDB-LOADER: ACDB -> AUDIO_SET_AFE_CAL
10-17 11:44:02.013   374   641 D ACDB-LOADER: ACDB -> send_hw_delay : acdb_id = 14 path = 0
10-17 11:44:02.013   374   641 D ACDB-LOADER: ACDB -> ACDB_AVSYNC_INFO: ACDB_CMD_GET_DEVICE_PROPERTY
10-17 11:44:02.013   374   641 I audio_hw_utils: audio_extn_utils_send_app_type_cfg: PLAYBACK  app_type 69936, acdb_dev_id 14, sample_rate 48000
10-17 11:44:02.013   374   641 D audio_hw_primary: enable_audio_route: apply mixer and update path: low-latency-playback
10-17 11:44:02.014   374   641 D audio_hw_primary: select_devices: done
10-17 11:44:02.036   374   641 D msm8916_platform: platform_set_channel_map mixer_ctl_name:Playback Channel Map12
10-17 11:44:02.036   374   641 D msm8916_platform: platform_set_channel_map: set mapping(1 2 3 0 0 0 0 0) for channel:2
10-17 11:44:02.037   374   641 D audio_hw_primary: start_output_stream: exit
10-17 11:44:02.074  2264  2391 D ActivityTrigger: ActivityTrigger activityStopTrigger 
10-17 11:44:02.094  2264  2391 I ActivityManager: Force stopping com.being.htt appid=10116 user=0: deletePackageX
10-17 11:44:02.348  2264  2941 I art     : Starting a blocking GC Explicit
10-17 11:44:02.410  2264  2719 I ActivityManager: Displayed com.google.android.packageinstaller/com.android.packageinstaller.UninstallAppProgress: +369ms
10-17 11:44:02.551  2264  2941 I art     : Explicit concurrent mark sweep GC freed 153044(7MB) AllocSpace objects, 15(340KB) LOS objects, 41% free, 16MB/28MB, paused 2.468ms total 202.389ms
10-17 11:44:02.579  2264  2941 I ActivityManager: Force stopping com.being.htt appid=10116 user=0: pkg removed
10-17 11:44:02.610  3752  3752 I GeofencerStateMachine: removeGeofences: removeRequest=RemoveGeofencingRequest[REMOVE_ALL packageName=com.being.htt]
10-17 11:44:02.620  2264  4395 D ActivityTrigger: ActivityTrigger activityPauseTrigger 
10-17 11:44:02.628 27722 27722 W ContextImpl: Calling a method in the system process without a qualified user: android.app.ContextImpl.startService:1357 android.content.ContextWrapper.startService:613 android.content.ContextWrapper.startService:613 com.android.keychain.KeyChainBroadcastReceiver.onReceive:12 android.app.ActivityThread.handleReceiver:3041 
10-17 11:44:02.633  2264  3301 I InputReader: Reconfiguring input devices.  changes=0x00000010
10-17 11:44:02.679  3789  3789 D CarrierSvcBindHelper: No carrier app for: 0
10-17 11:44:02.682  3789  3789 D CarrierSvcBindHelper: No carrier app for: 1
10-17 11:44:02.734  4458  4470 I art     : Background partial concurrent mark sweep GC freed 6511(244KB) AllocSpace objects, 13(296KB) LOS objects, 71% free, 4MB/16MB, paused 515us total 109.545ms
10-17 11:44:02.801  2264  3309 I TetherStatsReporting: getTetherStats() called NetworkStats: elapsedRealtime=75054294
10-17 11:44:02.801  2264  3309 I TetherStatsReporting:   [0] iface=r_rmnet_data0 uid=0 set=DEFAULT tag=0x0 roaming=NO rxBytes=0 rxPackets=0 txBytes=296 txPackets=4 operations=0
10-17 11:44:02.801  2264  3309 I TetherStatsReporting:   [1] iface=r_rmnet_data0 uid=0 set=FOREGROUND tag=0x0 roaming=NO rxBytes=0 rxPackets=0 txBytes=0 txPackets=0 operations=0
10-17 11:44:02.801  2264  3309 I TetherStatsReporting:   [2] iface=wlan0 uid=0 set=DEFAULT tag=0x0 roaming=NO rxBytes=1855778 rxPackets=22357 txBytes=141768 txPackets=1770 operations=0
10-17 11:44:02.801  2264  3309 I TetherStatsReporting:   [3] iface=wlan0 uid=0 set=FOREGROUND tag=0x0 roaming=NO rxBytes=0 rxPackets=0 txBytes=0 txPackets=0 operations=0
10-17 11:44:02.801  2264  3309 I TetherStatsReporting:   [4] iface=wlan0 uid=1000 set=DEFAULT tag=0x0 roaming=NO rxBytes=51796 rxPackets=104 txBytes=78229 txPackets=134 operations=0
10-17 11:44:02.801  2264  3309 I TetherStatsReporting:   [5] iface=wlan0 uid=1000 set=FOREGROUND tag=0x0 roaming=NO rxBytes=0 rxPackets=0 txBytes=0 txPackets=0 operations=0
10-17 11:44:02.801  2264  3309 I TetherStatsReporting:   [6] iface=wlan0 uid=10007 set=DEFAULT tag=0x0 roaming=NO rxBytes=0 rxPackets=0 txBytes=2652 txPackets=51 operations=30
10-17 11:44:02.801  2264  3309 I TetherStatsReporting:   [7] iface=wlan0 uid=10007 set=FOREGROUND tag=0x0 roaming=NO rxBytes=0 rxPackets=0 txBytes=572 txPackets=11 operations=3
10-17 11:44:02.801  2264  3309 I TetherStatsReporting:   [8] iface=wlan0 uid=10011 set=DEFAULT tag=0x0 roaming=NO rxBytes=9385407 rxPackets=8996 txBytes=1491808 txPackets=7046 operations=0
10-17 11:44:02.801  2264  3309 I TetherStatsReporting:   [9] iface=wlan0 uid=10011 set=FOREGROUND tag=0x0 roaming=NO rxBytes=5857989 rxPackets=4381 txBytes=317308 txPackets=2702 operations=0
10-17 11:44:02.801  2264  3309 I TetherStatsReporting:   [10] iface=wlan0 uid=10013 set=DEFAULT tag=0x0 roaming=NO rxBytes=0 rxPackets=0 txBytes=204 txPackets=3 operations=0
10-17 11:44:02.801  2264  3309 I TetherStatsReporting:   [11] iface=wlan0 uid=10013 set=FOREGROUND tag=0x0 roaming=NO rxBytes=0 rxPackets=0 txBytes=0 txPackets=0 operations=0
10-17 11:44:02.801  2264  3309 I TetherStatsReporting:   [12] iface=wlan0 uid=10021 set=DEFAULT tag=0x0 roaming=NO rxBytes=936 rxPackets=7 txBytes=1970 txPackets=7 operations=0
10-17 11:44:02.801  2264  3309 I TetherStatsReporting:   [13] iface=wlan0 uid=10021 set=FOREGROUND tag=0x0 roaming=NO rxBytes=0 rxPackets=0 txBytes=0 txPackets=0 operations=0
10-17 11:44:02.801  2264  3309 I TetherStatsReporting:   [14] iface=wlan0 uid=10024 set=DEFAULT tag=0x0 roaming=NO rxBytes=1046 rxPackets=8 txBytes=1532 txPackets=7 operations=0
10-17 11:44:02.801  2264  3309 I TetherStatsReporting:   [15] iface=wlan0 uid=10024 set=FOREGROUND tag=0x0 roaming=NO rxBytes=0 rxPackets=0 txBytes=0 txPackets=0 operations=0
10-17 11:44:02.801  2264  3309 I TetherStatsReporting:   [16] iface=wlan0 uid=10029 set=DEFAULT tag=0x0 roaming=NO rxBytes=212232587 rxPackets=146951 txBytes=4369056 txPackets=73730 operations=0
10-17 11:44:02.801  2264  3309 I TetherStatsReporting:   [17] iface=wlan0 uid=10029 set=FOREGROUND tag=0x0 roaming=NO rxBytes=135983393 rxPackets=95006 txBytes=3121879 txPackets=49505 operations=0
10-17 11:44:02.801  2264  3309 I TetherStatsReporting:   [18] iface=wlan0 uid=10035 set=DEFAULT tag=0x0 roaming=NO rxBytes=3123828 rxPackets=2267 txBytes=104620 txPackets=997 operations=0
10-17 11:44:02.801  2264  3309 I TetherStatsReporting:   [19] iface=wlan0 uid=10035 set=FOREGROUND tag=0x0 roaming=NO rxBytes=0 rxPackets=0 txBytes=0 txPackets=0 operations=0
10-17 11:44:02.801  2264  3309 I TetherStatsReporting:   [20] iface=wlan0 uid=10042 set=DEFAULT tag=0x0 roaming=NO rxBytes=4569 rxPackets=9 txBytes=1975 txPackets=11 operations=0
10-17 11:44:02.801  2264  3309 I TetherStatsReporting:   [21] iface=wlan0 uid=10042 set=FOREGROUND tag=0x0 roaming=NO rxBytes=0 rxPackets=0 txBytes=0 txPackets=0 operations=0
10-17 11:44:02.801  2264  3309 I TetherStatsReporting:   [22] iface=wlan0 uid=10045 set=DEFAULT tag=0x0 roaming=NO rxBytes=939 rxPackets=7 txBytes=1373 txPackets=7 operations=0
10-17 11:44:02.801  2264  3309 I TetherStatsReporting:   [23] iface=wlan0 uid=10045 set=FOREGROUND tag=0x0 roaming=NO rxBytes=0 rxPackets=0 txBytes=0 txPackets=0 operations=0
10-17 11:44:02.801  2264  3309 I TetherStatsReporting:   [24] iface=wlan0 uid=10049 set=DEFAULT tag=0x0 roaming=NO rxBytes=15041 rxPackets=46 txBytes=16716 txPackets=54 operations=0
10-17 11:44:02.801  2264  3309 I TetherStatsReporting:   [25] iface=wlan0 uid=10049 set=FOREGROUND tag=0x0 roaming=NO rxBytes=0 rxPackets=0 txBytes=0 txPackets=0 operations=0
10-17 11:44:02.801  2264  3309 I TetherStatsReporting:   [26] iface=wlan0 uid=10051 set=DEFAULT tag=0x0 roaming=NO rxBytes=8694 rxPackets=33 txBytes=6690 txPackets=52 operations=4
10-17 11:44:02.801  2264  3309 I TetherStatsReporting:   [27] iface=wlan0 uid=10051 set=FOREGROUND tag=0x0 roaming=NO rxBytes=0 rxPackets=0 txBytes=0 txPackets=0 operations=0
10-17 11:44:02.801  2264  3309 I TetherStatsReporting:   [28] iface=wlan0 uid=10053 set=DEFAULT tag=0x0 roaming=NO rxBytes=72102 rxPackets=105 txBytes=18858 txPackets=93 operations=0
10-17 11:44:02.801  2264  3309 I TetherStatsReporting:   [29] iface=wlan0 uid=10053 set=FOREGROUND tag=0x0 roaming=NO rxBytes=0 rxPackets=0 txBytes=0 txPackets=0 operations=0
10-17 11:44:02.801  2264  3309 I TetherStatsReporting:   [30] iface=wlan0 uid=10057 set=DEFAULT tag=0x0 roaming=NO rxBytes=1000 rxPackets=8 txBytes=6211 txPackets=10 operations=0
10-17 11:44:02.801  2264  3309 I TetherStatsReporting:   [31] iface=wlan0 uid=10057 set=FOREGROUND tag=0x0 roaming=NO rxBytes=0 rxPackets=0 txBytes=0 txPackets=0 operations=0
10-17 11:44:02.801  2264  3309 I TetherStatsReporting:   [32
10-17 11:44:02.801  2264  3309 I TetherStatsReporting: combining tether stats
10-17 11:44:02.810  3781  3800 D QtiTetherService/IpaWrapper: getStats(false)
10-17 11:44:02.822  2264  2302 D WindowManager: relayoutVisibleWindow: Window{d7ff533 u0 com.android.launcher3/com.android.launcher3.Launcher EXITING} mAnimatingExit=true, mRemoveOnExit=false, mDestroying=false
10-17 11:44:02.825  4303  4303 I chatty  : uid=1027(nfc) com.android.nfc expire 255 lines
10-17 11:44:02.941  4735  4735 I Finsky  : [1] com.google.android.finsky.packagemanager.impl.PackageMonitorReceiverImpl.a(12): PackageMonitor received: android.intent.action.PACKAGE_REMOVED
10-17 11:44:02.947 22736  8090 D VoicemailCleanupService: Cleaning up data for package: com.being.htt
10-17 11:44:02.965  4303  4569 I chatty  : uid=1027(nfc) AsyncTask #1 expire 165 lines
10-17 11:44:02.965  4303  4582 I chatty  : uid=1027(nfc) AsyncTask #1 expire 24 lines
10-17 11:44:02.967  4303  4584 I chatty  : uid=1027(nfc) AsyncTask #1 expire 11 lines
10-17 11:44:02.980  4735  4735 I Finsky  : [1] com.google.android.finsky.wear.eg.a(14): Do not start WearSupportService due to Wear service optimization
10-17 11:44:02.981  4303  4581 I chatty  : uid=1027(nfc) AsyncTask #1 expire 13 lines
10-17 11:44:02.982  4735  4735 I Finsky  : [1] com.google.android.finsky.wear.eg.a(14): Do not start WearSupportService due to Wear service optimization
10-17 11:44:02.984  4735  4735 I Finsky  : [1] com.google.android.finsky.dn.a.a.h(228): Package no longer installed: com.being.htt
10-17 11:44:03.026  4735  4735 I Finsky  : [1] com.google.android.finsky.p2p.i.run(3): Frosting DB delete succeeded: true
10-17 11:44:03.056  6382  6382 W ContextImpl: Calling a method in the system process without a qualified user: android.app.ContextImpl.startService:1357 android.content.ContextWrapper.startService:613 android.content.ContextWrapper.startService:613 com.qualcomm.qti.appnetaccess.AppNetAccessReceiver.onReceive:24 android.app.ActivityThread.handleReceiver:3041 
10-17 11:44:03.085 20790  8097 I DMAgent : DeviceID returned by GServices: 327556f08379c9dc
10-17 11:44:03.086  4735  4735 I Finsky  : [1] com.google.android.finsky.scheduler.bp.a(66): Jobs in database: 1-1337 12-1 26-1414141414 
10-17 11:44:03.096  6382  6382 D NetControlSocket: Native deamon enabled
10-17 11:44:03.169 15334  5693 I ContentMaintenance: Internal cache bytes used: 0; limit: 100000000; download size: 0
10-17 11:44:03.182  4735  4735 I Finsky  : [1] com.google.android.finsky.scheduler.l.a(70): ConstraintMapping: 12-1, 1-1337,  -> L: 14921ms, D: 86399921ms, C: false, I: false, N: 1
10-17 11:44:03.186  4735  4735 I Finsky  : [1] com.google.android.finsky.scheduler.l.a(70): ConstraintMapping: 26-1414141414,  -> L: 12320114ms, D: 13220114ms, C: false, I: false, N: 0
10-17 11:44:03.198  4735  4735 I Finsky  : [1] com.google.android.finsky.scheduler.JobSchedulerEngine.a(108): Cancelling existing job with id: 9002
10-17 11:44:03.233  4735  4735 I Finsky  : [1] com.google.android.finsky.scheduler.JobSchedulerEngine.a(108): Cancelling existing job with id: 9001
10-17 11:44:03.243 15334  8103 I LocationSettingsChecker: Removing dialog suppression flag for package com.being.htt
10-17 11:44:03.251  8104  8104 I chatty  : uid=0(root) expire 7 lines
10-17 11:44:03.249 15334  7498 I Icing   : doRemovePackageData com.being.htt
10-17 11:44:03.269 20790  8097 I DMAgent : DeviceID returned by GServices: 327556f08379c9dc
10-17 11:44:03.285  4735  4735 I Finsky  : [1] com.google.android.finsky.scheduler.JobSchedulerEngine.a(47): Scheduling job Id: 9000, L: 14921, D: 86399921, C: false, I: false, N: 1
10-17 11:44:03.307  4735  4735 I Finsky  : [1] com.google.android.finsky.scheduler.JobSchedulerEngine.a(47): Scheduling job Id: 9003, L: 12320114, D: 13220114, C: false, I: false, N: 0
10-17 11:44:03.309 15334  8101 I GrowthService: Package com.being.htt uninstalled. Removing from storage.
10-17 11:44:03.314 15334 15391 I Icing   : IndexChimeraService.getServiceInterface callingPackage=com.google.android.gms componentName=AppsCorpus serviceId=36
10-17 11:44:03.315 15334 15395 I Icing   : IndexChimeraService.getServiceInterface callingPackage=com.google.android.gms componentName=AppsCorpus serviceId=32
10-17 11:44:03.348 15334  5693 I RealtimeCacheCleanup: Beginning Realtime garbage collection.
10-17 11:44:03.350 15334  5693 I RealtimeCacheCleanup: Finished Realtime garbage collection.
10-17 11:44:03.373  4458  4579 W OpenGLRenderer: Incorrectly called buildLayer on View: ShortcutAndWidgetContainer, destroying layer...
10-17 11:44:03.378 20790  8097 I DMAgent : DeviceID returned by GServices: 327556f08379c9dc
10-17 11:44:03.396 20790  8097 I DMAgent : DeviceID returned by GServices: 327556f08379c9dc
10-17 11:44:03.412 20790  8097 I DMAgent : Syncing now as package:com.being.htt is android.intent.action.PACKAGE_REMOVED
10-17 11:44:03.421 20790  8097 I DMAgent : 11:44: scheduled next service to run between 300 and 3900 seconds
10-17 11:44:03.421 20790  8097 I DMAgent : DeviceID returned by GServices: 327556f08379c9dc
10-17 11:44:03.436 15334  8110 I Icing   : Usage reports ok 0, Failed Usage reports 0, indexed 0, rejected 0, imm upload false
10-17 11:44:03.460  2264  3731 I ActivityManager: Start proc 8115:com.android.documentsui/u0a10 for broadcast com.android.documentsui/.PackageReceiver
10-17 11:44:03.478 15334  8110 I Icing   : Usage reports ok 0, Failed Usage reports 0, indexed 0, rejected 0, imm upload false
10-17 11:44:03.503  8115  8115 W System  : ClassLoader referenced unknown path: /system/priv-app/DocumentsUI/lib/arm
10-17 11:44:03.554  4735  4735 I Finsky  : [1] com.google.android.finsky.packagemanager.impl.PackageMonitorReceiverImpl.a(12): PackageMonitor received: android.intent.action.PACKAGE_FULLY_REMOVED
10-17 11:44:04.496 15334  8110 I Icing   : Indexing com.google.android.gms-apps from com.google.android.gms
10-17 11:44:04.522 15334  8110 I Icing   : Indexing com.google.android.gms-internal.3p:Photograph from com.google.android.gms
10-17 11:44:04.546 15334  8110 I Icing   : Indexing done com.google.android.gms-apps
10-17 11:44:04.555 15334  8110 I Icing   : Indexing done com.google.android.gms-internal.3p:Photograph
10-17 11:44:04.558 15334  8110 I Icing   : Indexing com.google.android.gms-internal.3p:Event from com.google.android.gms
10-17 11:44:04.573 15334  8110 I Icing   : Indexing com.google.android.gms-internal.3p:MobileApplication from com.google.android.gms
10-17 11:44:04.591 15334  8110 I Icing   : Indexing done com.google.android.gms-internal.3p:Event
10-17 11:44:04.598 15334  8110 I Icing   : Indexing done com.google.android.gms-internal.3p:MobileApplication
10-17 11:44:05.189   374   641 D audio_hw_primary: out_standby: enter: stream (0xad8441c0) usecase(1: low-latency-playback)
10-17 11:44:05.251   374   641 D audio_hw_primary: disable_audio_route: reset and update mixer path: low-latency-playback
10-17 11:44:05.252   374   641 D soundtrigger: audio_extn_sound_trigger_update_stream_status: uc_id 1 of type 0 for Event 2, with Raise=0
10-17 11:44:05.252   374   641 D hardware_info: hw_info_append_hw_type : device_name = speaker
10-17 11:44:05.252   374   641 D audio_hw_primary: disable_snd_device: snd_device(2: speaker)
10-17 11:44:05.254   374   641 I soundtrigger: audio_extn_sound_trigger_update_device_status: device 0x2 of type 0 for Event 0, with Raise=0
10-17 11:44:06.108  2264  2264 W WindowManager: Attempted to remove non-existing token: android.os.Binder@c20b7d8
10-17 11:44:06.115  2264  2264 I ActivityManager: Killing 1138:com.google.android.videos/u0a89 (adj 906): empty #17
10-17 11:44:06.211  2264  4445 D ActivityManager: cleanUpApplicationRecord -- 1138
10-17 11:44:08.136  2264  2305 I ActivityManager: Killing 26531:com.google.android.inputmethod.japanese/u0a60 (adj 906): empty #17
10-17 11:44:08.237  2264  4445 D ActivityManager: cleanUpApplicationRecord -- 26531
10-17 11:44:08.361  8143  8143 I chatty  : uid=0(root) /system/bin/qcom-system-daemon expire 7 lines
10-17 11:44:13.473  8155  8155 I chatty  : uid=0(root) /system/bin/qcom-system-daemon expire 7 lines
10-17 11:44:15.278  2264  3740 E IzatSvc_PassiveLocListener: E/Exiting with error virtual void izat_manager::IzatPassiveLocationListener::onLocationChanged(const izat_manager::IzatLocation *, const IzatLocationStatus) line 171 "1"
10-17 11:44:15.495  3345  3345 I chatty  : uid=1010(wifi) /system/bin/wpa_supplicant expire 54 lines
10-17 11:44:18.213  2264  2391 I ActivityManager: Killing 1297:com.google.android.youtube/u0a93 (adj 906): empty for 1801s
10-17 11:44:18.256  4735  4735 I Finsky  : [1] com.google.android.finsky.scheduler.JobSchedulerEngine$PhoneskyJobSchedulerJobService.onStartJob(7): onJobSchedulerWakeup with jobId 9000
10-17 11:44:18.264  4735  4735 I Finsky  : [1] com.google.android.finsky.scheduler.ae.a(39): Scheduling fallback in 43199993 (absolute: 118269830)
10-17 11:44:18.273  4735  4735 I Finsky  : [1] com.google.android.finsky.scheduler.ae.a(39): Scheduling fallback in 64799993 (absolute: 139869838)
10-17 11:44:18.297  4735  4735 I Finsky  : [1] com.google.android.finsky.scheduler.am.handleMessage(16): DeviceState: DeviceState{currentTime=1539744258287, isCharging=true, isIdle=false, netAny=true, netNotRoaming=true, netUnmetered=true}
10-17 11:44:18.310   607   702 W XTCC-5.1.0.19-b: [LOWIUtils] to_eScanTypeResponse - default case
10-17 11:44:18.310   607   702 W XTCC-5.1.0.19-b: [WifiScanner] WiFi scan result : [2] AP's
10-17 11:44:18.313  3345  3345 D wpa_supplicant: CTRL-DEBUG: global_ctrl_sock-sendto: sock=8 sndbuf=163840 outq=0 send_len=0
10-17 11:44:18.315  4735  4735 I Finsky  : [1] com.google.android.finsky.scheduler.bp.a(66): Jobs in database: 1-1337 12-1 26-1414141414 
10-17 11:44:18.315  3345  3345 D wpa_supplicant: CTRL-DEBUG: global_ctrl_sock-sendto: sock=8 sndbuf=163840 outq=0 send_len=0
10-17 11:44:18.317  2264  3314 D WifiQualifiedNetworkSelector:: ==========start qualified Network Selection==========
10-17 11:44:18.318  2264  3314 D WifiQualifiedNetworkSelector:: Current network is: "invsoft-wifi2" ,ID is: 0
10-17 11:44:18.318  2264  3314 D WifiQualifiedNetworkSelector:: Current band does not match user preference. Start Qualified Network Selection Current band = 2.4GHz bandUserPreference band = 0
10-17 11:44:18.319  2264  3314 D WifiQualifiedNetworkSelector:: Current network is not qualified
10-17 11:44:18.320  2264  3314 D WifiQualifiedNetworkSelector:: Saved Network List
10-17 11:44:18.320  2264  3314 D WifiQualifiedNetworkSelector::     "BeingHD_TKY":1  User Preferred BSSID:null FQDN:null NETWORK_SELECTION_ENABLED Disable account: 0 0 0 0 0 0 0 0 0 0 Connect Choice:null set time:-1
10-17 11:44:18.320  2264  3314 D WifiQualifiedNetworkSelector::     "invsoft-wifi2":0  User Preferred BSSID:null FQDN:null NETWORK_SELECTION_ENABLED Disable account: 0 0 0 0 0 0 0 0 0 0 Connect Choice:null set time:-1
10-17 11:44:18.320  2264  3314 D WifiQualifiedNetworkSelector:: isCarrierNetworkEnabledByUser: false
10-17 11:44:18.322  4735  4735 I Finsky  : [1] com.google.android.finsky.scheduler.ah.a(59): Running job: 12-1
10-17 11:44:18.324  2264  3314 D WifiQualifiedNetworkSelector::  skipped due to low signal
10-17 11:44:18.324  4735  4735 I Finsky  : [1] com.google.android.finsky.contentsync.ContentSyncJob.a(30): ContentSyncJob started
10-17 11:44:18.324  2264  3314 D WifiQualifiedNetworkSelector:: Buffalo-G-069E:74:03:bd:8a:06:90 /  skipped due to not saved
10-17 11:44:18.324  2264  3314 D WifiQualifiedNetworkSelector::  
10-17 11:44:18.325  2264  3314 D WifiQualifiedNetworkSelector::  skipped due to not valid SSID
10-17 11:44:18.325  2264  3314 D WifiQualifiedNetworkSelector::  RSSI score: 100 Same network with current associated. Bonus: 16 Same BSSID with current association. Bonus: 24 Secure network Bonus:80 Score for scanResult: SSID: invsoft-wifi2, BSSID: 00:1b:8b:b5:bf:84, capabilities: [WPA-PSK-CCMP][WPA2-PSK-CCMP][WPS][ESS], level: -47, frequency: 2427, timestamp: 75069872520, distance: ?(cm), distanceSd: ?(cm), passpoint: no, ChannelBandwidth: 1, centerFreq0: 2437, centerFreq1: 0, 80211mcResponder: is not supported and Network ID: 0 final score:220
10-17 11:44:18.325  2264  3314 D WifiQualifiedNetworkSelector:: 
10-17 11:44:18.326  2264  3314 D WifiQualifiedNetworkSelector:: After user choice adjust, the final candidate is:"invsoft-wifi2":0 : 00:1b:8b:b5:bf:84
10-17 11:44:18.326  2264  3314 D WifiQualifiedNetworkSelector:: "invsoft-wifi2":0 is already the best choice!
10-17 11:44:18.327  4735  4735 I Finsky  : [1] com.google.android.finsky.scheduler.ah.a(105): RunningQueue size: 1, PendingQueue size: 0
10-17 11:44:18.328  4735  4735 I Finsky  : [1] com.google.android.finsky.scheduler.ah.a(116): Running queue: 12-1 
10-17 11:44:18.352  4735  4779 I Finsky  : [1247] com.google.android.finsky.n.c.a(20): Completed 0 account content syncs with 0 successful.
10-17 11:44:18.354  4735  4735 I Finsky  : [1] com.google.android.finsky.contentsync.ContentSyncJob.a(28): Installation state replication succeeded.
10-17 11:44:18.355  4735  4735 I Finsky  : [1] com.google.android.finsky.scheduler.bm.b(8): jobFinished: 12-1. TimeElapsed: 32ms
10-17 11:44:18.356  4735  4735 I Finsky  : [1] com.google.android.finsky.scheduler.ah.a(138): Job 12-1 finished
10-17 11:44:18.356  3752  3752 W ChimeraUtils: Non Chimera context
10-17 11:44:18.358  4735  4735 I Finsky  : [1] com.google.android.finsky.scheduler.ah.a(105): RunningQueue size: 0, PendingQueue size: 0
10-17 11:44:18.359  4735  4735 I Finsky  : [1] com.google.android.finsky.scheduler.am.handleMessage(42): Executor finished
10-17 11:44:18.376  2264 29469 D ConnectivityService: ConnectivityService NetworkRequestInfo binderDied(NetworkRequest [ LISTEN id=52, [ Capabilities: INTERNET&NOT_RESTRICTED&TRUSTED&FOREGROUND] ], android.os.BinderProxy@348f60f)
10-17 11:44:18.377  2264  3812 D ActivityManager: cleanUpApplicationRecord -- 1297
10-17 11:44:18.378  2264  3318 E ConnectivityService: RemoteException caught trying to send a callback msg for NetworkRequest [ LISTEN id=52, [ Capabilities: INTERNET&NOT_RESTRICTED&TRUSTED&FOREGROUND] ]
10-17 11:44:18.415  4735  4735 I Finsky  : [1] com.google.android.finsky.scheduler.bp.a(66): Jobs in database: 1-1337 26-1414141414 
10-17 11:44:18.426  4735  4735 I Finsky  : [1] com.google.android.finsky.scheduler.l.a(70): ConstraintMapping: 1-1337,  -> L: 11274175ms, D: 97674175ms, C: false, I: false, N: 1
10-17 11:44:18.430  4735  4735 I Finsky  : [1] com.google.android.finsky.scheduler.l.a(70): ConstraintMapping: 26-1414141414,  -> L: 12304870ms, D: 13204870ms, C: false, I: false, N: 0
10-17 11:44:18.431  4735  4735 I Finsky  : [1] com.google.android.finsky.scheduler.JobSchedulerEngine.a(108): Cancelling existing job with id: 9003
10-17 11:44:18.434  4735  4735 I Finsky  : [1] com.google.android.finsky.scheduler.JobSchedulerEngine.a(47): Scheduling job Id: 9001, L: 11274175, D: 97674175, C: false, I: false, N: 1
10-17 11:44:18.437  4735  4735 I Finsky  : [1] com.google.android.finsky.scheduler.JobSchedulerEngine.a(47): Scheduling job Id: 9002, L: 12304870, D: 13204870, C: false, I: false, N: 0
10-17 11:44:18.513  3345  3345 D wpa_supplicant: wlan0: Control interface command 'SIGNAL_POLL'
10-17 11:44:18.516  3345  3345 D wpa_supplicant: CTRL-DEBUG: global_ctrl_sock-sendto: sock=8 sndbuf=163840 outq=0 send_len=48
10-17 11:44:18.571  8167  8167 I chatty  : uid=0(root) expire 7 lines
10-17 11:44:18.726 20790 20790 I DMAgent : Auto sync has been received. Email: junghan.kim@invsoft.com ErrorCode: DeviceManagementDeactivated
10-17 11:44:18.775  3752  8131 W Auth    : [GetToken] GetToken failed with status code: DeviceManagementDeactivated
10-17 11:44:18.812  3752  8131 W Auth    : [GoogleAuthUtil] GoogleAuthUtil
10-17 11:44:18.812  3752  8131 W AuthSessionAuthenticato: Auth related exception is being ignored: DeviceManagementDeactivated
10-17 11:44:18.829  3752  8131 E ctxmgr  : [BaseServerTask]Server task (FetchAclSet) got error statusCode=-1.
10-17 11:44:18.829  3752  8131 E ctxmgr  : com.android.volley.VolleyError: Unable to obtain auth token - is the device online?
10-17 11:44:18.829  3752  8131 E ctxmgr  : 	at eck.a(:com.google.android.gms@14366016@14.3.66 (040304-213742215):31)
10-17 11:44:18.829  3752  8131 E ctxmgr  : 	at dxq.run(:com.google.android.gms@14366016@14.3.66 (040304-213742215):2)
10-17 11:44:18.829  3752  8131 E ctxmgr  : 	at dxo.handleMessage(:com.google.android.gms@14366016@14.3.66 (040304-213742215):3)
10-17 11:44:18.829  3752  8131 E ctxmgr  : 	at qjh.run(:com.google.android.gms@14366016@14.3.66 (040304-213742215):4)
10-17 11:44:18.829  3752  8131 E ctxmgr  : 	at qjt.run(:com.google.android.gms@14366016@14.3.66 (040304-213742215):35)
10-17 11:44:18.829  3752  8131 E ctxmgr  : 	at java.util.concurrent.ThreadPoolExecutor.runWorker(ThreadPoolExecutor.java:1133)
10-17 11:44:18.829  3752  8131 E ctxmgr  : 	at java.util.concurrent.ThreadPoolExecutor$Worker.run(ThreadPoolExecutor.java:607)
10-17 11:44:18.829  3752  8131 E ctxmgr  : 	at qpu.run(:com.google.android.gms@14366016@14.3.66 (040304-213742215))
10-17 11:44:18.829  3752  8131 E ctxmgr  : 	at java.lang.Thread.run(Thread.java:761)
10-17 11:44:18.831  3752  8131 E ctxmgr  : [AccountAclCallback]Failed Acl fetch: network status=-1
10-17 11:44:21.523  3345  3345 D wpa_supplicant: wlan0: Control interface command 'SIGNAL_POLL'
10-17 11:44:21.539  3345  3345 D wpa_supplicant: CTRL-DEBUG: global_ctrl_sock-sendto: sock=8 sndbuf=163840 outq=0 send_len=48
10-17 11:44:23.454   397   397 I cnss-daemon: RTM_NEWNEIGH message received: 28
10-17 11:44:23.454   397   397 I cnss-daemon: NDA_DST received: 192.168.0.1 ul: 16820416
10-17 11:44:23.454   397   397 I cnss-daemon: NDA_LLADDR received
10-17 11:44:23.455   397   397 E cnss-daemon: gateway mac address: %02x:%02x:%02x:%02x:%02x:%02x
10-17 11:44:23.455   397   397 E cnss-daemon: : 00:00:00:00:00:00
10-17 11:44:23.455   397   397 E cnss-daemon: Invalid mac address: 0xb432de6cM
10-17 11:44:23.681  8180  8180 I chatty  : uid=0(root) /system/bin/qcom-system-daemon expire 7 lines
10-17 11:44:24.545  3345  3345 D wpa_supplicant: wlan0: Control interface command 'SIGNAL_POLL'
10-17 11:44:24.559  3345  3345 D wpa_supplicant: CTRL-DEBUG: global_ctrl_sock-sendto: sock=8 sndbuf=163840 outq=0 send_len=48
10-17 11:44:27.565  3345  3345 D wpa_supplicant: wlan0: Control interface command 'SIGNAL_POLL'
10-17 11:44:27.579  3345  3345 D wpa_supplicant: CTRL-DEBUG: global_ctrl_sock-sendto: sock=8 sndbuf=163840 outq=0 send_len=48
10-17 11:44:28.794  8194  8194 I chatty  : uid=0(root) /system/bin/qcom-system-daemon expire 7 lines
10-17 11:44:30.014   397   397 I cnss-daemon: RTM_NEWNEIGH message received: 28
10-17 11:44:30.014   397   397 E cnss-daemon: Stale or unreachable neighbors, ndm state: 4
10-17 11:44:30.585  3345  3345 D wpa_supplicant: wlan0: Control interface command 'SIGNAL_POLL'
10-17 11:44:30.593  3345  3345 D wpa_supplicant: CTRL-DEBUG: global_ctrl_sock-sendto: sock=8 sndbuf=163840 outq=0 send_len=48
10-17 11:44:33.599  3345  3345 D wpa_supplicant: wlan0: Control interface command 'SIGNAL_POLL'
10-17 11:44:33.613  3345  3345 D wpa_supplicant: CTRL-DEBUG: global_ctrl_sock-sendto: sock=8 sndbuf=163840 outq=0 send_len=48
10-17 11:44:33.881  8205  8205 I chatty  : uid=0(root) expire 7 lines
10-17 11:44:36.621  3345  3345 D wpa_supplicant: wlan0: Control interface command 'SIGNAL_POLL'
10-17 11:44:36.635  3345  3345 D wpa_supplicant: CTRL-DEBUG: global_ctrl_sock-sendto: sock=8 sndbuf=163840 outq=0 send_len=48
10-17 11:44:38.471  8219  8219 D AndroidRuntime: >>>>>> START com.android.internal.os.RuntimeInit uid 2000 <<<<<<
10-17 11:44:38.479  8219  8219 D AndroidRuntime: CheckJNI is OFF
10-17 11:44:38.681  8219  8219 W main    : type=1400 audit(0.0:6931): avc: denied { read } for name="name" dev="sysfs" ino=10410 scontext=u:r:shell:s0 tcontext=u:object_r:sysfs:s0 tclass=file permissive=0
10-17 11:44:38.689  8219  8219 I libmdmdetect: ESOC framework not supported
10-17 11:44:38.690  8219  8219 E libmdmdetect: Failed to open /sys/bus/msm_subsys/devices/subsys0/name: Permission denied
10-17 11:44:38.704  8219  8219 D ICU     : No timezone override file found: /data/misc/zoneinfo/current/icu/icu_tzdata.dat
10-17 11:44:38.765  8219  8219 I Radio-JNI: register_android_hardware_Radio DONE
10-17 11:44:38.798  8219  8219 D AndroidRuntime: Calling main entry com.android.commands.am.Am
10-17 11:44:38.811  2264  2391 I ActivityManager: Killing 32752:com.google.android.apps.photos/u0a92 (adj 906): empty for 1804s
10-17 11:44:38.818  8219  8219 D AndroidRuntime: Shutting down VM
10-17 11:44:38.906  2264  4445 D ActivityManager: cleanUpApplicationRecord -- 32752
10-17 11:44:38.986  8232  8232 I chatty  : uid=0(root) /system/bin/qcom-system-daemon expire 7 lines
10-17 11:44:39.228  2264  2390 I UsageStatsService: User[0] Flushing usage stats to disk
10-17 11:44:39.641  3345  3345 D wpa_supplicant: wlan0: Control interface command 'SIGNAL_POLL'
10-17 11:44:39.656  3345  3345 D wpa_supplicant: CTRL-DEBUG: global_ctrl_sock-sendto: sock=8 sndbuf=163840 outq=0 send_len=48
10-17 11:44:40.504   397   397 I cnss-daemon: RTM_NEWNEIGH message received: 28
10-17 11:44:40.504   397   397 E cnss-daemon: Stale or unreachable neighbors, ndm state: 16
10-17 11:44:42.662  3345  3345 D wpa_supplicant: wlan0: Control interface command 'SIGNAL_POLL'
10-17 11:44:42.676  3345  3345 D wpa_supplicant: CTRL-DEBUG: global_ctrl_sock-sendto: sock=8 sndbuf=163840 outq=0 send_len=48
10-17 11:44:44.109  8243  8243 I chatty  : uid=0(root) /system/bin/qcom-system-daemon expire 7 lines
10-17 11:44:45.683  3345  3345 D wpa_supplicant: wlan0: Control interface command 'SIGNAL_POLL'
10-17 11:44:45.697  3345  3345 D wpa_supplicant: CTRL-DEBUG: global_ctrl_sock-sendto: sock=8 sndbuf=163840 outq=0 send_len=48
10-17 11:44:47.229  8250  8250 D AndroidRuntime: >>>>>> START com.android.internal.os.RuntimeInit uid 2000 <<<<<<
10-17 11:44:47.236  8250  8250 D AndroidRuntime: CheckJNI is OFF
10-17 11:44:47.431  8250  8250 W main    : type=1400 audit(0.0:6934): avc: denied { read } for name="name" dev="sysfs" ino=10410 scontext=u:r:shell:s0 tcontext=u:object_r:sysfs:s0 tclass=file permissive=0
10-17 11:44:47.438  8250  8250 I libmdmdetect: ESOC framework not supported
10-17 11:44:47.438  8250  8250 E libmdmdetect: Failed to open /sys/bus/msm_subsys/devices/subsys0/name: Permission denied
10-17 11:44:47.453  8250  8250 D ICU     : No timezone override file found: /data/misc/zoneinfo/current/icu/icu_tzdata.dat
10-17 11:44:47.525  8250  8250 I Radio-JNI: register_android_hardware_Radio DONE
10-17 11:44:47.562  8250  8250 D AndroidRuntime: Calling main entry com.android.commands.pm.Pm
10-17 11:44:47.585   379   379 I chatty  : uid=0(root) /system/bin/installd expire 1 line
10-17 11:44:47.992   397   397 I cnss-daemon: RTM_NEWROUTE Indication
10-17 11:44:48.094   397   397 I cnss-daemon: RTM_NEWROUTE Indication
10-17 11:44:48.204  8268  8268 I chatty  : uid=0(root) /system/bin/qcom-system-daemon expire 7 lines
10-17 11:44:48.703  3345  3345 D wpa_supplicant: wlan0: Control interface command 'SIGNAL_POLL'
10-17 11:44:48.716  3345  3345 D wpa_supplicant: CTRL-DEBUG: global_ctrl_sock-sendto: sock=8 sndbuf=163840 outq=0 send_len=48
10-17 11:44:51.722  3345  3345 D wpa_supplicant: wlan0: Control interface command 'SIGNAL_POLL'
10-17 11:44:51.735  3345  3345 D wpa_supplicant: CTRL-DEBUG: global_ctrl_sock-sendto: sock=8 sndbuf=163840 outq=0 send_len=48
10-17 11:44:51.854   397   397 I cnss-daemon: RTM_NEWNEIGH message received: 28
10-17 11:44:51.854   397   397 E cnss-daemon: Stale or unreachable neighbors, ndm state: 4
10-17 11:44:51.875  4735  4735 I Finsky  : [1] com.google.android.finsky.verifier.impl.PackageVerificationReceiver.onReceive(7): Verification requested, id = 54
10-17 11:44:51.885  4735  4735 E Finsky  : [1] com.google.android.finsky.verifier.impl.VerifyPerSourceInstallationConsentInstallTask.b(86): Package name null is not an installed package
10-17 11:44:51.897  4735  8279 I Finsky  : [1304] com.google.android.finsky.verifier.impl.bm.a(4): Single user settings service is not running, bind it now
10-17 11:44:51.905  4735  4735 I Finsky  : [1] com.google.android.finsky.verifier.impl.bp.onServiceConnected(3): Single user settings service is connected
10-17 11:44:51.922  4735  8279 W Settings: Setting install_non_market_apps has moved from android.provider.Settings.Global to android.provider.Settings.Secure, returning read-only value.
10-17 11:44:51.938  4735  8279 W PackageParser: Unknown element under <manifest>: receiver at /data/app/vmdl98518288.tmp/base.apk Binary XML file line #31
10-17 11:44:53.281  8283  8283 I chatty  : uid=0(root) /system/bin/qcom-system-daemon expire 7 lines
10-17 11:44:54.742  3345  3345 D wpa_supplicant: wlan0: Control interface command 'SIGNAL_POLL'
10-17 11:44:54.756  3345  3345 D wpa_supplicant: CTRL-DEBUG: global_ctrl_sock-sendto: sock=8 sndbuf=163840 outq=0 send_len=48
10-17 11:44:57.347  4735  8279 I Finsky  : [1304] com.google.android.finsky.foregroundcoordinator.impl.c.a(12): Task 7 requested foreground
10-17 11:44:57.351  4735  8279 I Finsky  : [1304] com.google.android.finsky.foregroundcoordinator.impl.c.a(19): Not entering foreground
10-17 11:44:57.368   397   397 I cnss-daemon: RTM_NEWROUTE Indication
10-17 11:44:57.368   397   397 I cnss-daemon: ip type is ipv6
10-17 11:44:57.373   397   397 I cnss-daemon: RTM_NEWROUTE Indication
10-17 11:44:57.373   397   397 I cnss-daemon: ip type is ipv6
10-17 11:44:57.383  4735  4735 I Finsky  : [1] com.google.android.finsky.verifier.impl.dv.a(6): Blacklist last update time: 1539597310933
10-17 11:44:57.399   397   397 I cnss-daemon: RTM_NEWROUTE Indication
10-17 11:44:57.399   397   397 I cnss-daemon: ip type is ipv6
10-17 11:44:57.509   397   397 I cnss-daemon: RTM_NEWROUTE Indication
10-17 11:44:57.711  4735  8298 I Finsky  : [1306] com.google.android.finsky.verifier.impl.ev.b(5): Verification id=54 response=0
10-17 11:44:57.728  4735  8279 I Finsky  : [1304] com.google.android.finsky.verifier.impl.VerifyPerSourceInstallationConsentInstallTask.a(18): PSIC verification started with installer uid: 2000 package name: null, originating uid: -1
10-17 11:44:57.743  4735  4735 I Finsky  : [1] com.google.android.finsky.verifier.impl.fl.c(164): Verifying id=54, result=1
10-17 11:44:57.758  4735  4735 I Finsky  : [1] com.google.android.finsky.verifier.impl.fl.c(177): Verification complete: id=54, package_name=com.being.htt
10-17 11:44:57.763  3345  3345 D wpa_supplicant: wlan0: Control interface command 'SIGNAL_POLL'
10-17 11:44:57.765  3345  3345 D wpa_supplicant: CTRL-DEBUG: global_ctrl_sock-sendto: sock=8 sndbuf=163840 outq=0 send_len=48
10-17 11:44:57.785  2264  2941 W PackageParser: Unknown element under <manifest>: receiver at /data/app/vmdl98518288.tmp/base.apk Binary XML file line #31
10-17 11:44:57.826  2264  2941 I PackageManager.DexOptimizer: Running dexopt (dex2oat) on: /data/app/vmdl98518288.tmp/base.apk pkg=com.being.htt isa=arm vmSafeMode=false debuggable=true target-filter=interpret-only oatDir = /data/app/vmdl98518288.tmp/oat sharedLibraries=null
10-17 11:44:57.886  8299  8299 I dex2oat : /system/bin/dex2oat --compiler-filter=interpret-only --debuggable
10-17 11:44:58.371  8302  8302 I chatty  : uid=0(root) expire 7 lines
10-17 11:44:58.589  8299  8306 W dex2oat : Before Android 4.1, method android.graphics.PorterDuffColorFilter android.support.graphics.drawable.VectorDrawableCompat.updateTintFilter(android.graphics.PorterDuffColorFilter, android.content.res.ColorStateList, android.graphics.PorterDuff$Mode) would have incorrectly overridden the package-private method in android.graphics.drawable.Drawable
10-17 11:44:58.667  4735  4756 I Finsky  : [1231] com.google.android.finsky.bo.ad.run(6): Stats for Executor: BlockingExecutor com.google.android.finsky.bo.ae@d7cf3cc[Running, pool size = 0, active threads = 0, queued tasks = 0, completed tasks = 6]
10-17 11:44:58.668  4735  4756 I Finsky  : [1231] com.google.android.finsky.bo.ad.run(6): Stats for Executor: LightweightExecutor com.google.android.finsky.bo.ae@c442615[Running, pool size = 3, active threads = 0, queued tasks = 0, completed tasks = 44]
10-17 11:44:58.702  8299  8306 W dex2oat : Before Android 4.1, method int android.support.v7.widget.ListViewCompat.lookForSelectablePosition(int, boolean) would have incorrectly overridden the package-private method in android.widget.ListView
10-17 11:44:59.118  4735  4756 I Finsky  : [1231] com.google.android.finsky.bo.ad.run(6): Stats for Executor: bgExecutor com.google.android.finsky.bo.ae@5dccd2a[Running, pool size = 4, active threads = 0, queued tasks = 0, completed tasks = 9]
10-17 11:44:59.916  8299  8299 I dex2oat : dex2oat took 2.031s (threads: 4) arena alloc=534KB (547784B) java alloc=3MB (3714688B) native alloc=5MB (6200416B) free=2MB (2712480B)
10-17 11:45:00.427  3372  3372 D KeyguardUpdateMonitor: received broadcast android.intent.action.TIME_TICK
10-17 11:45:00.427  3372  3372 D KeyguardUpdateMonitor: handleTimeUpdate
10-17 11:45:00.434   379   379 I chatty  : uid=0(root) /system/bin/installd expire 3 lines
10-17 11:45:00.446  2264  2941 V BackupManagerService: restoreAtInstall pkg=com.being.htt token=38 restoreSet=0
10-17 11:45:00.446  2264  2941 V BackupManagerService: Finishing install immediately
10-17 11:45:00.450  2264  2941 I art     : Starting a blocking GC Explicit
10-17 11:45:00.624  2264  2941 I art     : Explicit concurrent mark sweep GC freed 16272(1100KB) AllocSpace objects, 6(128KB) LOS objects, 41% free, 16MB/28MB, paused 4.813ms total 173.407ms
10-17 11:45:00.668  2264  3301 I InputReader: Reconfiguring input devices.  changes=0x00000010
10-17 11:45:00.685  8250  8250 I art     : System.exit called, status: 0
10-17 11:45:00.685  8250  8250 I AndroidRuntime: VM exiting with result code 0.
10-17 11:45:00.726  3789  3789 D CarrierSvcBindHelper: No carrier app for: 0
10-17 11:45:00.727  3789  3789 D CarrierSvcBindHelper: No carrier app for: 1
10-17 11:45:00.728  3789  3789 D CarrierConfigLoader: mHandler: 9 phoneId: 0
10-17 11:45:00.744  4735  4735 I Finsky  : [1] com.google.android.finsky.packagemanager.impl.PackageMonitorReceiverImpl.a(12): PackageMonitor received: android.intent.action.PACKAGE_ADDED
10-17 11:45:00.749  4735  4735 I Finsky  : [1] com.google.android.finsky.wear.eg.a(14): Do not start WearSupportService due to Wear service optimization
10-17 11:45:00.751  4735  4735 I Finsky  : [1] com.google.android.finsky.wear.eg.a(14): Do not start WearSupportService due to Wear service optimization
10-17 11:45:00.757  4735  4735 I Finsky  : [1] com.google.android.finsky.p2p.e.b(20): Frosting ID looked up on UI thread. Caller should move to a background thread.
10-17 11:45:00.771  3345  3345 D wpa_supplicant: wlan0: Control interface command 'SIGNAL_POLL'
10-17 11:45:00.772  4303  4303 I chatty  : uid=1027(nfc) com.android.nfc expire 242 lines
10-17 11:45:00.788  3345  3345 D wpa_supplicant: CTRL-DEBUG: global_ctrl_sock-sendto: sock=8 sndbuf=163840 outq=0 send_len=48
10-17 11:45:00.830 15334  8323 I Auth    : [SupervisedAccountIntentOperation] onHandleIntent(): android.intent.action.PACKAGE_ADDED
10-17 11:45:00.830 15334  8323 I Auth    : [SupervisedAccountIntentOperation] This operation is disabled
10-17 11:45:00.832 15334  8323 I ChromeSync: [Sync,SyncIntentOperation] Handling the intent: Intent { act=android.intent.action.PACKAGE_ADDED dat=package:com.being.htt flg=0x4000010 cmp=com.google.android.gms/.chimera.GmsIntentOperationService (has extras) }.
10-17 11:45:00.840  4303  4569 I chatty  : uid=1027(nfc) AsyncTask #1 expire 138 lines
10-17 11:45:00.841  4303  4582 I chatty  : uid=1027(nfc) AsyncTask #1 expire 18 lines
10-17 11:45:00.843  4303  4584 I chatty  : uid=1027(nfc) AsyncTask #1 expire 7 lines
10-17 11:45:00.855  4303  4581 I chatty  : uid=1027(nfc) AsyncTask #1 expire 8 lines
10-17 11:45:00.931  4735  4735 I Finsky  : [1] com.google.android.finsky.p2p.f.run(3): Wrote row to frosting DB: 314
10-17 11:45:00.998  4735  4735 I Finsky  : [1] com.google.android.finsky.scheduler.bp.a(66): Jobs in database: 1-1337 12-1 26-1414141414 
10-17 11:45:01.035  4735  4735 I Finsky  : [1] com.google.android.finsky.scheduler.l.a(70): ConstraintMapping: 12-1, 1-1337,  -> L: 14776ms, D: 86399776ms, C: false, I: false, N: 1
10-17 11:45:01.053  4735  4735 I Finsky  : [1] com.google.android.finsky.scheduler.l.a(70): ConstraintMapping: 26-1414141414,  -> L: 12262261ms, D: 13162261ms, C: false, I: false, N: 0
10-17 11:45:01.055  4735  4735 I Finsky  : [1] com.google.android.finsky.scheduler.JobSchedulerEngine.a(108): Cancelling existing job with id: 9001
10-17 11:45:01.059 15334 15601 I Icing   : IndexChimeraService.getServiceInterface callingPackage=com.google.android.gms componentName=AppsCorpus serviceId=36
10-17 11:45:01.060  4735  4735 I Finsky  : [1] com.google.android.finsky.scheduler.JobSchedulerEngine.a(108): Cancelling existing job with id: 9002
10-17 11:45:01.064 15334 15395 I Icing   : IndexChimeraService.getServiceInterface callingPackage=com.google.android.gms componentName=AppsCorpus serviceId=32
10-17 11:45:01.066  4735  4735 I Finsky  : [1] com.google.android.finsky.scheduler.JobSchedulerEngine.a(47): Scheduling job Id: 9000, L: 14776, D: 86399776, C: false, I: false, N: 1
10-17 11:45:01.074  4735  4735 I Finsky  : [1] com.google.android.finsky.scheduler.JobSchedulerEngine.a(47): Scheduling job Id: 9003, L: 12262261, D: 13162261, C: false, I: false, N: 0
10-17 11:45:01.193  6464  6464 D DeviceManagementSysytem: [InstallReceiver][onReceive] Action:android.intent.action.PACKAGE_ADDED PackageName:com.being.htt
10-17 11:45:01.214 20790  8345 I DMAgent : DeviceID returned by GServices: 327556f08379c9dc
10-17 11:45:01.232 15334  5693 I Icing   : Usage reports ok 0, Failed Usage reports 0, indexed 0, rejected 0, imm upload false
10-17 11:45:01.274 15334  5693 I Icing   : Usage reports ok 0, Failed Usage reports 0, indexed 0, rejected 0, imm upload false
10-17 11:45:02.059  8339  8339 D AndroidRuntime: >>>>>> START com.android.internal.os.RuntimeInit uid 2000 <<<<<<
10-17 11:45:02.068  8339  8339 D AndroidRuntime: CheckJNI is OFF
10-17 11:45:02.271  8339  8339 W main    : type=1400 audit(0.0:6938): avc: denied { read } for name="name" dev="sysfs" ino=10410 scontext=u:r:shell:s0 tcontext=u:object_r:sysfs:s0 tclass=file permissive=0
10-17 11:45:02.280  8339  8339 I libmdmdetect: ESOC framework not supported
10-17 11:45:02.281  8339  8339 E libmdmdetect: Failed to open /sys/bus/msm_subsys/devices/subsys0/name: Permission denied
10-17 11:45:02.286 15334  5693 I Icing   : Indexing com.google.android.gms-apps from com.google.android.gms
10-17 11:45:02.295  8339  8339 D ICU     : No timezone override file found: /data/misc/zoneinfo/current/icu/icu_tzdata.dat
10-17 11:45:02.365  8339  8339 I Radio-JNI: register_android_hardware_Radio DONE
10-17 11:45:02.384   397   397 I cnss-daemon: RTM_NEWNEIGH message received: 28
10-17 11:45:02.384   397   397 I cnss-daemon: NDA_DST received: 192.168.0.1 ul: 16820416
10-17 11:45:02.384   397   397 I cnss-daemon: NDA_LLADDR received
10-17 11:45:02.385   397   397 E cnss-daemon: gateway ipv6 address: fe80::20b:a2ff:fed9:1f2e
10-17 11:45:02.385   397   397 E cnss-daemon: gateway mac address: %02x:%02x:%02x:%02x:%02x:%02x
10-17 11:45:02.385   397   397 E cnss-daemon: : 00:00:00:00:00:00
10-17 11:45:02.385   397   397 E cnss-daemon: Invalid mac address: 0xb432de6cM
10-17 11:45:02.387 15334  5693 I Icing   : Indexing done com.google.android.gms-apps
10-17 11:45:02.389 15334  5693 I Icing   : Indexing com.google.android.gms-internal.3p:MobileApplication from com.google.android.gms
10-17 11:45:02.402  8339  8339 D AndroidRuntime: Calling main entry com.android.commands.pm.Pm
10-17 11:45:02.408 15334  5693 I Icing   : Indexing com.google.android.gms-internal.3p:Event from com.google.android.gms
10-17 11:45:02.415   397   397 I cnss-daemon: RTM_NEWNEIGH message received: 28
10-17 11:45:02.415   397   397 E cnss-daemon: Stale or unreachable neighbors, ndm state: 16
10-17 11:45:02.418  8339  8339 I art     : System.exit called, status: 0
10-17 11:45:02.418  8339  8339 I AndroidRuntime: VM exiting with result code 0.
10-17 11:45:02.422 15334  5693 I Icing   : Indexing com.google.android.gms-internal.3p:Photograph from com.google.android.gms
10-17 11:45:02.442 15334  5693 I Icing   : Indexing done com.google.android.gms-internal.3p:MobileApplication
10-17 11:45:02.450 15334  5693 I Icing   : Indexing done com.google.android.gms-internal.3p:Event
10-17 11:45:02.458 15334  5693 I Icing   : Indexing done com.google.android.gms-internal.3p:Photograph
10-17 11:45:03.357 20790  8345 I DMAgent : DeviceID returned by GServices: 327556f08379c9dc
10-17 11:45:03.371 20790  8345 I DMAgent : DeviceID returned by GServices: 327556f08379c9dc
10-17 11:45:03.400 20790  8345 I DMAgent : DeviceID returned by GServices: 327556f08379c9dc
10-17 11:45:03.415 20790  8345 I DMAgent : DeviceID returned by GServices: 327556f08379c9dc
10-17 11:45:03.429 20790  8345 I DMAgent : Syncing now as package:com.being.htt is android.intent.action.PACKAGE_ADDED
10-17 11:45:03.431 20790  8345 I DMAgent : DeviceID returned by GServices: 327556f08379c9dc
