10-17 05:35:14.275  2264  2395 E BatteryStatsService: no controller energy info supplied
10-17 05:35:14.298  2264  2395 E BatteryStatsService: no controller energy info supplied
10-17 05:35:14.512   392  3002 E NetlinkEvent: NetlinkEvent::FindParam(): Parameter 'UID' not found
10-17 05:35:14.529  2264  2395 E BatteryStatsService: no controller energy info supplied
10-17 05:39:15.153   392  3002 E NetlinkEvent: NetlinkEvent::FindParam(): Parameter 'UID' not found
10-17 05:39:15.161  2264  2395 E BatteryStatsService: no controller energy info supplied
10-17 05:57:13.473   392  3002 E NetlinkEvent: NetlinkEvent::FindParam(): Parameter 'UID' not found
10-17 05:57:13.478  2264  2395 E BatteryStatsService: no controller energy info supplied
10-17 05:59:14.161   392  3002 E NetlinkEvent: NetlinkEvent::FindParam(): Parameter 'UID' not found
10-17 05:59:14.184  2264  2395 E BatteryStatsService: no controller energy info supplied
10-17 05:59:14.214   392  3002 E NetlinkEvent: NetlinkEvent::FindParam(): Parameter 'UID' not found
10-17 05:59:14.220  2264  2395 E BatteryStatsService: no controller energy info supplied
10-17 05:59:14.232  2264  3311 E NetdConnector: NDC Command {679 firewall enable_chain dozable} took too long (115871ms)
10-17 06:00:15.160   392  3002 E NetlinkEvent: NetlinkEvent::FindParam(): Parameter 'UID' not found
10-17 06:00:15.182  2264  2395 E BatteryStatsService: no controller energy info supplied
10-17 06:22:14.068   392  3002 E NetlinkEvent: NetlinkEvent::FindParam(): Parameter 'UID' not found
10-17 06:22:14.073  2264  2395 E BatteryStatsService: no controller energy info supplied
10-17 06:22:18.363  2264  4400 I ActivityManager: Start proc 21786:com.google.android.gms.ui/u0a11 for service com.google.android.gms/.chimera.UiIntentOperationService
10-17 06:22:32.735   392  3002 E NetlinkEvent: NetlinkEvent::FindParam(): Parameter 'UID' not found
10-17 06:22:32.744  2264  2395 E BatteryStatsService: no controller energy info supplied
10-17 06:22:42.300  2264  4407 D ConnectivityService: Returning blocked NetworkInfo to uid=10081
10-17 06:22:42.431   392  3002 E NetlinkEvent: NetlinkEvent::FindParam(): Parameter 'UID' not found
10-17 06:22:42.436  2264  2395 E BatteryStatsService: no controller energy info supplied
10-17 06:23:18.149  2264  2302 W ActivityManager: SLOW OOM ADJ: 34446ms for pid 2736 = 906
10-17 06:23:18.159   392  3002 E NetlinkEvent: NetlinkEvent::FindParam(): Parameter 'UID' not found
10-17 06:23:18.164  2264  2395 E BatteryStatsService: no controller energy info supplied
10-17 06:26:16.261   392  3002 E NetlinkEvent: NetlinkEvent::FindParam(): Parameter 'UID' not found
10-17 06:26:16.269  2264  2395 E BatteryStatsService: no controller energy info supplied
10-17 06:26:43.829   392  3002 E NetlinkEvent: NetlinkEvent::FindParam(): Parameter 'UID' not found
10-17 06:26:43.836  2264  2395 E BatteryStatsService: no controller energy info supplied
10-17 06:26:43.861   392  3002 E NetlinkEvent: NetlinkEvent::FindParam(): Parameter 'UID' not found
10-17 06:26:43.866  2264  2395 E BatteryStatsService: no controller energy info supplied
10-17 06:28:17.172   392  3002 E NetlinkEvent: NetlinkEvent::FindParam(): Parameter 'UID' not found
10-17 06:28:17.188  2264  2395 E BatteryStatsService: no controller energy info supplied
10-17 06:28:17.237   392  3002 E NetlinkEvent: NetlinkEvent::FindParam(): Parameter 'UID' not found
10-17 06:28:17.245  2264  2395 E BatteryStatsService: no controller energy info supplied
10-17 06:32:22.162   392  3002 E NetlinkEvent: NetlinkEvent::FindParam(): Parameter 'UID' not found
10-17 06:32:22.170  2264  2395 E BatteryStatsService: no controller energy info supplied
10-17 06:48:03.263  2264  3311 E NetdConnector: NDC Command {685 firewall enable_chain dozable} took too long (176820ms)
10-17 06:54:00.299   392  3002 E NetlinkEvent: NetlinkEvent::FindParam(): Parameter 'UID' not found
10-17 06:54:00.305  2264  2395 E BatteryStatsService: no controller energy info supplied
10-17 06:55:02.174   392  3002 E NetlinkEvent: NetlinkEvent::FindParam(): Parameter 'UID' not found
10-17 06:55:02.185  2264  2395 E BatteryStatsService: no controller energy info supplied
10-17 06:57:21.218   392  3002 E NetlinkEvent: NetlinkEvent::FindParam(): Parameter 'UID' not found
10-17 06:57:21.229  2264  2395 E BatteryStatsService: no controller energy info supplied
10-17 06:58:22.187   392  3002 E NetlinkEvent: NetlinkEvent::FindParam(): Parameter 'UID' not found
10-17 06:58:22.196  2264  2395 E BatteryStatsService: no controller energy info supplied
10-17 07:00:07.205  2264  2391 W ProcessCpuTracker: Skipping unknown process pid 21911
10-17 07:00:08.114  2264  4395 E BatteryStatsService: no controller energy info supplied
10-17 07:00:08.114  2264  4395 E BatteryStatsService: no controller energy info supplied
10-17 07:00:08.142  2264  4395 E BatteryStatsService: modem info is invalid: ModemActivityInfo{ mTimestamp=58019698 mSleepTimeMs=57382388 mIdleTimeMs=-49899094 mTxTimeMs[]=[0, 0, 0, 0, 0] mRxTimeMs=23918 mEnergyUsed=0}
10-17 07:00:08.293   392  3002 E NetlinkEvent: NetlinkEvent::FindParam(): Parameter 'UID' not found
10-17 07:00:08.297  2264  2395 E BatteryStatsService: no controller energy info supplied
10-17 07:00:12.311  2264  2391 W ProcessCpuTracker: Skipping unknown process pid 21935
10-17 07:01:24.182   392  3002 E NetlinkEvent: NetlinkEvent::FindParam(): Parameter 'UID' not found
10-17 07:01:24.199  2264  2395 E BatteryStatsService: no controller energy info supplied
10-17 07:01:24.270  2264  3311 E NetdConnector: NDC Command {689 firewall enable_chain dozable} took too long (71812ms)
10-17 07:03:18.216   392  3002 E NetlinkEvent: NetlinkEvent::FindParam(): Parameter 'UID' not found
10-17 07:03:18.220  2264  2395 E BatteryStatsService: no controller energy info supplied
10-17 07:04:09.813   392  3002 E NetlinkEvent: NetlinkEvent::FindParam(): Parameter 'UID' not found
10-17 07:04:09.827  2264  2395 E BatteryStatsService: no controller energy info supplied
10-17 07:04:10.094   392  3002 E NetlinkEvent: NetlinkEvent::FindParam(): Parameter 'UID' not found
10-17 07:04:10.108  2264  2395 E BatteryStatsService: no controller energy info supplied
10-17 07:04:26.204   392  3002 E NetlinkEvent: NetlinkEvent::FindParam(): Parameter 'UID' not found
10-17 07:04:26.213  2264  2395 E BatteryStatsService: no controller energy info supplied
10-17 07:16:31.278  2264  2395 E BatteryStatsService: no controller energy info supplied
10-17 07:16:31.278  2264  2395 E BatteryStatsService: no controller energy info supplied
10-17 07:16:31.316  2264  2395 E BatteryStatsService: modem info is invalid: ModemActivityInfo{ mTimestamp=59002868 mSleepTimeMs=58361801 mIdleTimeMs=-57381743 mTxTimeMs[]=[0, 0, 0, 0, 0] mRxTimeMs=3112 mEnergyUsed=0}
10-17 07:25:35.243  2264  3311 E NetdConnector: NDC Command {693 firewall enable_chain dozable} took too long (105815ms)
10-17 07:26:25.208   392  3002 E NetlinkEvent: NetlinkEvent::FindParam(): Parameter 'UID' not found
10-17 07:26:25.218  2264  2395 E BatteryStatsService: no controller energy info supplied
10-17 07:30:53.184   392  3002 E NetlinkEvent: NetlinkEvent::FindParam(): Parameter 'UID' not found
10-17 07:30:53.193  2264  2395 E BatteryStatsService: no controller energy info supplied
10-17 07:40:03.197   392  3002 E NetlinkEvent: NetlinkEvent::FindParam(): Parameter 'UID' not found
10-17 07:40:03.204  2264  2395 E BatteryStatsService: no controller energy info supplied
10-17 07:40:07.674  2264  2391 W ProcessCpuTracker: Skipping unknown process pid 22050
10-17 07:42:53.203   392  3002 E NetlinkEvent: NetlinkEvent::FindParam(): Parameter 'UID' not found
10-17 07:42:53.207  2264  2395 E BatteryStatsService: no controller energy info supplied
10-17 07:42:53.244  2264  3311 E NetdConnector: NDC Command {695 firewall enable_chain dozable} took too long (165616ms)
10-17 07:42:53.781   392  3002 E NetlinkEvent: NetlinkEvent::FindParam(): Parameter 'UID' not found
10-17 07:42:53.797  2264  2395 E BatteryStatsService: no controller energy info supplied
10-17 07:43:17.201   392  3002 E NetlinkEvent: NetlinkEvent::FindParam(): Parameter 'UID' not found
10-17 07:43:17.217  2264  2395 E BatteryStatsService: no controller energy info supplied
10-17 07:55:30.215   392  3002 E NetlinkEvent: NetlinkEvent::FindParam(): Parameter 'UID' not found
10-17 07:55:30.221  2264  2395 E BatteryStatsService: no controller energy info supplied
10-17 07:56:17.208   392  3002 E NetlinkEvent: NetlinkEvent::FindParam(): Parameter 'UID' not found
10-17 07:56:17.222  2264  2395 E BatteryStatsService: no controller energy info supplied
10-17 07:56:19.578   392  3002 E NetlinkEvent: NetlinkEvent::FindParam(): Parameter 'UID' not found
10-17 07:56:19.584  2264  2395 E BatteryStatsService: no controller energy info supplied
10-17 07:56:22.318  2264  2391 W ProcessCpuTracker: Skipping unknown process pid 22100
10-17 07:56:40.207   392  3002 E NetlinkEvent: NetlinkEvent::FindParam(): Parameter 'UID' not found
10-17 07:56:40.222  2264  2395 E BatteryStatsService: no controller energy info supplied
10-17 07:56:40.392  2264  2305 D ConnectivityService: Returning blocked NetworkInfo to uid=10029
10-17 07:56:40.564   392  3002 E NetlinkEvent: NetlinkEvent::FindParam(): Parameter 'UID' not found
10-17 07:56:40.568  2264  2395 E BatteryStatsService: no controller energy info supplied
10-17 07:59:10.194   392  3002 E NetlinkEvent: NetlinkEvent::FindParam(): Parameter 'UID' not found
10-17 07:59:10.208  2264  2395 E BatteryStatsService: no controller energy info supplied
10-17 07:59:10.314   392  3002 E NetlinkEvent: NetlinkEvent::FindParam(): Parameter 'UID' not found
10-17 07:59:10.319  2264  2395 E BatteryStatsService: no controller energy info supplied
10-17 08:00:20.768   392  3002 E NetlinkEvent: NetlinkEvent::FindParam(): Parameter 'UID' not found
10-17 08:00:20.773  2264  2395 E BatteryStatsService: no controller energy info supplied
10-17 08:00:20.810   392  3002 E NetlinkEvent: NetlinkEvent::FindParam(): Parameter 'UID' not found
10-17 08:00:20.815  2264  2395 E BatteryStatsService: no controller energy info supplied
10-17 08:00:42.273   392  3002 E NetlinkEvent: NetlinkEvent::FindParam(): Parameter 'UID' not found
10-17 08:00:42.288  2264  2395 E BatteryStatsService: no controller energy info supplied
10-17 08:11:24.141   392  3002 E NetlinkEvent: NetlinkEvent::FindParam(): Parameter 'UID' not found
10-17 08:11:24.146  2264  2395 E BatteryStatsService: no controller energy info supplied
10-17 08:13:18.212   392  3002 E NetlinkEvent: NetlinkEvent::FindParam(): Parameter 'UID' not found
10-17 08:13:18.216  2264  2395 E BatteryStatsService: no controller energy info supplied
10-17 08:13:18.259  2264  3311 E NetdConnector: NDC Command {701 firewall enable_chain dozable} took too long (109835ms)
10-17 08:13:18.262   392  3002 E NetlinkEvent: NetlinkEvent::FindParam(): Parameter 'UID' not found
10-17 08:13:18.267  2264  2395 E BatteryStatsService: no controller energy info supplied
10-17 08:15:23.221   392  3002 E NetlinkEvent: NetlinkEvent::FindParam(): Parameter 'UID' not found
10-17 08:15:23.235  2264  2395 E BatteryStatsService: no controller energy info supplied
10-17 08:15:23.587   392  3002 E NetlinkEvent: NetlinkEvent::FindParam(): Parameter 'UID' not found
10-17 08:15:23.603  2264  2395 E BatteryStatsService: no controller energy info supplied
10-17 08:19:23.205   392  3002 E NetlinkEvent: NetlinkEvent::FindParam(): Parameter 'UID' not found
10-17 08:19:23.206   392  3002 E NetlinkEvent: NetlinkEvent::FindParam(): Parameter 'UID' not found
10-17 08:19:23.212  2264  2395 E BatteryStatsService: no controller energy info supplied
10-17 08:19:23.234  2264  2395 E BatteryStatsService: no controller energy info supplied
10-17 08:23:17.204   392  3002 E NetlinkEvent: NetlinkEvent::FindParam(): Parameter 'UID' not found
10-17 08:23:17.211  2264  2395 E BatteryStatsService: no controller energy info supplied
10-17 08:24:35.251   392  3002 E NetlinkEvent: NetlinkEvent::FindParam(): Parameter 'UID' not found
10-17 08:24:35.257  2264  2395 E BatteryStatsService: no controller energy info supplied
10-17 08:27:23.228   392  3002 E NetlinkEvent: NetlinkEvent::FindParam(): Parameter 'UID' not found
10-17 08:27:23.237  2264  2395 E BatteryStatsService: no controller energy info supplied
10-17 08:27:25.888   392  3002 E NetlinkEvent: NetlinkEvent::FindParam(): Parameter 'UID' not found
10-17 08:27:25.901  2264  2395 E BatteryStatsService: no controller energy info supplied
10-17 08:31:23.217   392  3002 E NetlinkEvent: NetlinkEvent::FindParam(): Parameter 'UID' not found
10-17 08:31:23.230  2264  2395 E BatteryStatsService: no controller energy info supplied
10-17 08:31:23.297  2264  3311 E NetdConnector: NDC Command {705 firewall enable_chain dozable} took too long (234819ms)
10-17 08:45:05.910   392  3002 E NetlinkEvent: NetlinkEvent::FindParam(): Parameter 'UID' not found
10-17 08:45:05.921  2264  2395 E BatteryStatsService: no controller energy info supplied
10-17 08:47:23.232   392  3002 E NetlinkEvent: NetlinkEvent::FindParam(): Parameter 'UID' not found
10-17 08:47:23.239  2264  2395 E BatteryStatsService: no controller energy info supplied
10-17 08:47:23.322  2264  3311 E NetdConnector: NDC Command {707 firewall enable_chain dozable} took too long (135862ms)
10-17 08:53:41.259   392  3002 E NetlinkEvent: NetlinkEvent::FindParam(): Parameter 'UID' not found
10-17 08:53:41.265  2264  2395 E BatteryStatsService: no controller energy info supplied
10-17 08:54:01.217   392  3002 E NetlinkEvent: NetlinkEvent::FindParam(): Parameter 'UID' not found
10-17 08:54:01.478   392  3002 E NetlinkEvent: NetlinkEvent::FindParam(): Parameter 'UID' not found
10-17 08:54:01.487  2264  2395 E BatteryStatsService: no controller energy info supplied
10-17 08:54:01.539  2264  2395 E BatteryStatsService: no controller energy info supplied
10-17 08:55:23.223   392  3002 E NetlinkEvent: NetlinkEvent::FindParam(): Parameter 'UID' not found
10-17 08:55:23.232  2264  2395 E BatteryStatsService: no controller energy info supplied
10-17 09:00:08.306  2264  3327 I ActivityManager: Start proc 22321:com.google.android.apps.maps/u0a82 for broadcast com.google.android.apps.maps/com.google.android.apps.gmm.directions.commute.setup.service.CommuteSetupBroadcastReceiver
10-17 09:03:10.255  2264  2391 W ProcessCpuTracker: Skipping unknown process pid 22391
10-17 09:03:10.278  2264  3311 E NetdConnector: NDC Command {714 firewall enable_chain dozable} took too long (176687ms)
10-17 09:18:17.723  2264  2302 E BatteryStatsService: no controller energy info supplied
10-17 09:18:17.723  2264  2302 E BatteryStatsService: no controller energy info supplied
10-17 09:18:17.748  2264  2302 E BatteryStatsService: modem info is invalid: ModemActivityInfo{ mTimestamp=66309304 mSleepTimeMs=65625868 mIdleTimeMs=-58346410 mTxTimeMs[]=[0, 0, 0, 0, 0] mRxTimeMs=26979 mEnergyUsed=0}
10-17 09:18:19.000   392  3002 E NetlinkEvent: NetlinkEvent::FindParam(): Parameter 'UID' not found
10-17 09:18:19.004  2264  2395 E BatteryStatsService: no controller energy info supplied
10-17 09:18:22.510  2264  2391 W ProcessCpuTracker: Skipping unknown process pid 22453
10-17 09:18:40.224   392  3002 E NetlinkEvent: NetlinkEvent::FindParam(): Parameter 'UID' not found
10-17 09:18:40.243  2264  2395 E BatteryStatsService: no controller energy info supplied
10-17 09:18:41.010   392  3002 E NetlinkEvent: NetlinkEvent::FindParam(): Parameter 'UID' not found
10-17 09:18:41.020  2264  2395 E BatteryStatsService: no controller energy info supplied
10-17 09:22:20.972   392  3002 E NetlinkEvent: NetlinkEvent::FindParam(): Parameter 'UID' not found
10-17 09:22:20.986  2264  2395 E BatteryStatsService: no controller energy info supplied
10-17 09:22:21.007   392  3002 E NetlinkEvent: NetlinkEvent::FindParam(): Parameter 'UID' not found
10-17 09:22:21.014  2264  2395 E BatteryStatsService: no controller energy info supplied
10-17 09:22:47.235   392  3002 E NetlinkEvent: NetlinkEvent::FindParam(): Parameter 'UID' not found
10-17 09:22:47.248  2264  2395 E BatteryStatsService: no controller energy info supplied
10-17 09:22:47.304   392  3002 E NetlinkEvent: NetlinkEvent::FindParam(): Parameter 'UID' not found
10-17 09:22:47.308  2264  2395 E BatteryStatsService: no controller energy info supplied
10-17 09:23:18.222   392  3002 E NetlinkEvent: NetlinkEvent::FindParam(): Parameter 'UID' not found
10-17 09:23:18.239  2264  2395 E BatteryStatsService: no controller energy info supplied
10-17 09:23:18.321   392  3002 E NetlinkEvent: NetlinkEvent::FindParam(): Parameter 'UID' not found
10-17 09:23:18.330  2264  2395 E BatteryStatsService: no controller energy info supplied
10-17 09:23:35.222   392  3002 E NetlinkEvent: NetlinkEvent::FindParam(): Parameter 'UID' not found
10-17 09:23:35.233  2264  2395 E BatteryStatsService: no controller energy info supplied
10-17 09:23:35.324   392  3002 E NetlinkEvent: NetlinkEvent::FindParam(): Parameter 'UID' not found
10-17 09:23:35.329  2264  2395 E BatteryStatsService: no controller energy info supplied
10-17 09:27:36.233   392  3002 E NetlinkEvent: NetlinkEvent::FindParam(): Parameter 'UID' not found
10-17 09:27:36.252  2264  2395 E BatteryStatsService: no controller energy info supplied
10-17 09:27:36.386   392  3002 E NetlinkEvent: NetlinkEvent::FindParam(): Parameter 'UID' not found
10-17 09:27:36.391  2264  2395 E BatteryStatsService: no controller energy info supplied
10-17 09:31:36.234   392  3002 E NetlinkEvent: NetlinkEvent::FindParam(): Parameter 'UID' not found
10-17 09:31:36.240  2264  2395 E BatteryStatsService: no controller energy info supplied
10-17 09:31:36.375   392  3002 E NetlinkEvent: NetlinkEvent::FindParam(): Parameter 'UID' not found
10-17 09:31:36.379  2264  2395 E BatteryStatsService: no controller energy info supplied
10-17 09:33:18.227   392  3002 E NetlinkEvent: NetlinkEvent::FindParam(): Parameter 'UID' not found
10-17 09:33:18.236  2264  2395 E BatteryStatsService: no controller energy info supplied
10-17 09:35:36.386   392  3002 E NetlinkEvent: NetlinkEvent::FindParam(): Parameter 'UID' not found
10-17 09:35:36.390  2264  2395 E BatteryStatsService: no controller energy info supplied
10-17 09:39:36.875   392  3002 E NetlinkEvent: NetlinkEvent::FindParam(): Parameter 'UID' not found
10-17 09:39:36.891  2264  2395 E BatteryStatsService: no controller energy info supplied
10-17 09:39:36.895   392  3002 E NetlinkEvent: NetlinkEvent::FindParam(): Parameter 'UID' not found
10-17 09:39:36.921  2264  2395 E BatteryStatsService: no controller energy info supplied
10-17 09:39:36.962  2264  2395 E BatteryStatsService: no controller energy info supplied
10-17 09:39:36.962  2264  2395 E BatteryStatsService: no controller energy info supplied
10-17 09:40:03.236  2264  2395 E BatteryStatsService: modem info is invalid: ModemActivityInfo{ mTimestamp=67588546 mSleepTimeMs=66879445 mIdleTimeMs=-65605405 mTxTimeMs[]=[0, 0, 0, 0, 0] mRxTimeMs=5201 mEnergyUsed=0}
10-17 09:40:03.241   392  3002 E NetlinkEvent: NetlinkEvent::FindParam(): Parameter 'UID' not found
10-17 09:40:03.251  2264  2395 E BatteryStatsService: no controller energy info supplied
10-17 09:40:03.262  2264  2391 W ProcessCpuTracker: Skipping unknown process pid 22523
10-17 09:40:03.436   392  3002 E NetlinkEvent: NetlinkEvent::FindParam(): Parameter 'UID' not found
10-17 09:40:03.440  2264  2395 E BatteryStatsService: no controller energy info supplied
10-17 09:43:18.239   392  3002 E NetlinkEvent: NetlinkEvent::FindParam(): Parameter 'UID' not found
10-17 09:43:18.246  2264  2395 E BatteryStatsService: no controller energy info supplied
10-17 09:43:18.287  2264  3311 E NetdConnector: NDC Command {720 firewall enable_chain dozable} took too long (189790ms)
10-17 09:51:48.267   392  3002 E NetlinkEvent: NetlinkEvent::FindParam(): Parameter 'UID' not found
10-17 09:51:48.274  2264  2395 E BatteryStatsService: no controller energy info supplied
10-17 09:52:49.247   392  3002 E NetlinkEvent: NetlinkEvent::FindParam(): Parameter 'UID' not found
10-17 09:52:49.252  2264  2395 E BatteryStatsService: no controller energy info supplied
10-17 09:54:11.369   392  3002 E NetlinkEvent: NetlinkEvent::FindParam(): Parameter 'UID' not found
10-17 09:54:11.373  2264  2395 E BatteryStatsService: no controller energy info supplied
10-17 09:54:56.019   392  3002 E NetlinkEvent: NetlinkEvent::FindParam(): Parameter 'UID' not found
10-17 09:54:56.025  2264  2395 E BatteryStatsService: no controller energy info supplied
10-17 09:54:56.085   392  3002 E NetlinkEvent: NetlinkEvent::FindParam(): Parameter 'UID' not found
10-17 09:54:56.089  2264  2395 E BatteryStatsService: no controller energy info supplied
10-17 09:55:12.244   392  3002 E NetlinkEvent: NetlinkEvent::FindParam(): Parameter 'UID' not found
10-17 09:55:12.253  2264  2395 E BatteryStatsService: no controller energy info supplied
10-17 09:55:12.573   392  3002 E NetlinkEvent: NetlinkEvent::FindParam(): Parameter 'UID' not found
10-17 09:55:12.577  2264  2395 E BatteryStatsService: no controller energy info supplied
10-17 09:55:12.593  2264  2390 I ActivityManager: Start proc 22575:com.google.android.gm/u0a58 for service com.google.android.gm/.provider.MailSyncAdapterService
10-17 09:55:12.861 22575 22575 D ActivityThread: Loading provider com.google.android.gm.sapi: com.google.android.gm.sapi.SapiUiProvider
10-17 09:56:49.243   392  3002 E NetlinkEvent: NetlinkEvent::FindParam(): Parameter 'UID' not found
10-17 09:56:49.250  2264  2395 E BatteryStatsService: no controller energy info supplied
10-17 09:56:49.307  2264  3311 E NetdConnector: NDC Command {724 firewall enable_chain dozable} took too long (91844ms)
10-17 09:56:49.429   392  3002 E NetlinkEvent: NetlinkEvent::FindParam(): Parameter 'UID' not found
10-17 09:56:49.433  2264  2395 E BatteryStatsService: no controller energy info supplied
10-17 10:00:01.237   392  3002 E NetlinkEvent: NetlinkEvent::FindParam(): Parameter 'UID' not found
10-17 10:00:01.244  2264  2395 E BatteryStatsService: no controller energy info supplied
10-17 10:00:01.355  2264  2264 D ConditionProviders.SCP: onReceive ScheduleConditionProvider.EVALUATE
10-17 10:00:01.357  2264  2264 D ConditionProviders.SCP: notifyCondition condition://android/schedule?days=6.7&start=23.30&end=10.0&exitAtAlarm=false STATE_FALSE reason=!meetsSchedule
10-17 10:00:01.357  2264  2264 D ConditionProviders.SCP: notifyCondition condition://android/schedule?days=1.2.3.4.5&start=22.0&end=7.0&exitAtAlarm=false STATE_FALSE reason=!meetsSchedule
10-17 10:00:01.358  2264  2264 D ConditionProviders.SCP: Scheduling evaluate for Wed Oct 17 22:00:00 GMT+09:00 2018 (1539781200000), in +11h59m58s645ms, now=Wed Oct 17 10:00:01 GMT+09:00 2018 (1539738001355)
10-17 10:00:01.374   392  3002 E NetlinkEvent: NetlinkEvent::FindParam(): Parameter 'UID' not found
10-17 10:00:01.378  2264  2395 E BatteryStatsService: no controller energy info supplied
10-17 10:01:02.251   392  3002 E NetlinkEvent: NetlinkEvent::FindParam(): Parameter 'UID' not found
10-17 10:01:02.264  2264  2395 E BatteryStatsService: no controller energy info supplied
10-17 10:01:02.414   392  3002 E NetlinkEvent: NetlinkEvent::FindParam(): Parameter 'UID' not found
10-17 10:01:02.418  2264  2395 E BatteryStatsService: no controller energy info supplied
10-17 10:02:02.752   392  3002 E NetlinkEvent: NetlinkEvent::FindParam(): Parameter 'UID' not found
10-17 10:02:02.761  2264  2395 E BatteryStatsService: no controller energy info supplied
10-17 10:02:03.515  2264  2740 I PowerManagerService: Waking up from dozing (uid 1000)...
10-17 10:02:03.519  2264  2264 I EntropyMixer: Writing entropy...
10-17 10:02:03.528  2264  2395 E BatteryStatsService: no controller energy info supplied
10-17 10:02:03.529  2264  2395 E BatteryStatsService: no controller energy info supplied
10-17 10:02:03.556  2264  2740 I DisplayPowerController: Blocking screen on until initial contents have been drawn.
10-17 10:02:03.560  2264  2719 I DisplayManagerService: Display device changed state: "", ON
10-17 10:02:03.764  2264  2395 E BatteryStatsService: modem info is invalid: ModemActivityInfo{ mTimestamp=68935311 mSleepTimeMs=68218276 mIdleTimeMs=-66876964 mTxTimeMs[]=[0, 0, 0, 0, 0] mRxTimeMs=5424 mEnergyUsed=0}
10-17 10:02:03.904  2264  2740 I DisplayPowerController: Unblocked screen on after 348 ms
10-17 10:02:03.914  2264  2740 I DreamManagerService: Gently waking up from dream.
10-17 10:02:03.918  2264  4403 I DreamManagerService: Leaving dreamland.
10-17 10:02:03.921  2264  2714 I DreamController: Stopping dream: name=ComponentInfo{com.android.systemui/com.android.systemui.doze.DozeService}, isTest=false, canDoze=true, userId=0
10-17 10:02:03.994  2264  4395 I ActivityManager: Start proc 22736:android.process.acore/u0a0 for content provider com.android.providers.contacts/.ContactsProvider2
10-17 10:02:04.111   392  3002 E NetlinkEvent: NetlinkEvent::FindParam(): Parameter 'UID' not found
10-17 10:02:04.116  2264  4396 I ActivityManager: Start proc 22752:com.google.android.inputmethod.japanese/u0a60 for service com.google.android.inputmethod.japanese/com.firebase.jobdispatcher.GooglePlayReceiver
10-17 10:02:06.703  2264  4396 I ActivityManager: Start proc 22794:com.google.android.videos/u0a89 for service com.google.android.videos/com.google.android.apps.play.movies.common.FlushLogsTaskService
10-17 10:02:09.679  2264  4395 I ActivityManager: Start proc 22869:com.google.android.youtube/u0a93 for service com.google.android.youtube/com.google.android.libraries.youtube.common.gcore.gcoreclient.gcm.impl.GcmTaskServiceDelegator
10-17 10:02:11.032  2264  2302 D ConnectivityService: Returning unblocked NetworkInfo to uid=10081
10-17 10:02:16.953  2264  2305 I ProcessStatsService: Added stats: 2018-10-16-17-54-00, over +3h0m59s958ms
10-17 10:02:16.982  2264  2305 I ProcessStatsService: Added stats: 2018-10-16-14-53-27, over +3h0m33s412ms
10-17 10:02:16.998  2264  2305 I ProcessStatsService: Added stats: 2018-10-16-14-06-00, over +46m56s536ms
10-17 10:02:17.018  2264  2305 I ProcessStatsService: Added stats: 2018-10-16-11-05-00, over +3h0m59s991ms
10-17 10:02:46.467  2264  2302 I ActivityManager: Killing 20806:com.qualcomm.qti.calendarwidget/u0a40 (adj 906): empty #17
10-17 10:02:46.555  2264  4407 D ActivityManager: cleanUpApplicationRecord -- 20806
10-17 10:04:52.307  2264  2391 I ActivityManager: Start proc 23482:Mono.Android.DebugRuntime/u0a112 for broadcast Mono.Android.DebugRuntime/com.xamarin.mono.android.PackageVersions
10-17 10:04:52.401  2264  3327 I ActivityManager: Killing 20836:com.qualcomm.timeservice/1000 (adj 906): empty #17
10-17 10:04:52.516  2264  4400 D ActivityManager: cleanUpApplicationRecord -- 20836
10-17 10:05:56.165   392  3002 E NetlinkEvent: NetlinkEvent::FindParam(): Parameter 'UID' not found
10-17 10:05:57.203   392  3002 E NetlinkEvent: NetlinkEvent::FindParam(): Parameter 'UID' not found
10-17 10:08:11.515  2264  2391 I VrManagerService: VR mode is allowed
10-17 10:08:11.572  3372  3372 V KeyguardDisplayManager: hide
10-17 10:08:11.626  2264  4394 W InputMethodManagerService: Window already focused, ignoring focus gain of: com.android.internal.view.IInputMethodClient$Stub$Proxy@453d05a attribute=android.view.inputmethod.EditorInfo@c7528b, token = android.os.BinderProxy@1e434a2
10-17 10:08:12.007  2264  3327 I ActivityManager: Setting hasTopUi=false for pid=3372
10-17 10:08:19.970  2264  4403 I ActivityManager: START u0 {act=android.intent.action.DELETE dat=package:com.being.htt flg=0x10800000 cmp=com.google.android.packageinstaller/com.android.packageinstaller.UninstallerActivity (has extras)} from uid 10061 on display 0
10-17 10:08:20.054  2264  3813 I ActivityManager: Start proc 24172:com.google.android.packageinstaller/u0a20 for activity com.google.android.packageinstaller/com.android.packageinstaller.UninstallerActivity
10-17 10:08:21.196  2264  4407 I ActivityManager: START u0 {act=android.intent.action.VIEW cmp=com.google.android.packageinstaller/com.android.packageinstaller.UninstallAppProgress (has extras)} from uid 10020 on display 0
10-17 10:08:21.293  2264  2391 I ActivityManager: Force stopping com.being.htt appid=10114 user=0: deletePackageX
10-17 10:08:21.849  2264  2941 I ActivityManager: Start proc 24198:com.android.defcontainer/u0a6 for service com.android.defcontainer/.DefaultContainerService
10-17 10:08:21.850  2264  2941 I ActivityManager: Force stopping com.being.htt appid=10114 user=0: pkg removed
10-17 10:08:22.008  2264  2391 I ActivityManager: Start proc 24213:com.android.keychain/1000 for broadcast com.android.keychain/.KeyChainBroadcastReceiver
10-17 10:08:22.490 24213 24213 W ContextImpl: Calling a method in the system process without a qualified user: android.app.ContextImpl.startService:1357 android.content.ContextWrapper.startService:613 android.content.ContextWrapper.startService:613 com.android.keychain.KeyChainBroadcastReceiver.onReceive:12 android.app.ActivityThread.handleReceiver:3041 
10-17 10:08:22.495  2264  2390 I ActivityManager: Start proc 24242:com.android.printspooler/u0a76 for service com.android.printspooler/.model.PrintSpoolerService
10-17 10:08:22.523  2264  4413 I ActivityManager: Start proc 24254:com.android.musicfx/u0a22 for broadcast com.android.musicfx/.Compatibility$Receiver
10-17 10:08:22.592  2264  3812 I ActivityManager: Killing 20859:com.google.android.keep/u0a63 (adj 906): empty #17
10-17 10:08:22.697  2264  2305 D ActivityManager: cleanUpApplicationRecord -- 20859
10-17 10:08:22.749  6382  6382 W ContextImpl: Calling a method in the system process without a qualified user: android.app.ContextImpl.startService:1357 android.content.ContextWrapper.startService:613 android.content.ContextWrapper.startService:613 com.qualcomm.qti.appnetaccess.AppNetAccessReceiver.onReceive:24 android.app.ActivityThread.handleReceiver:3041 
10-17 10:08:22.913  2264  2305 D ConnectivityService: Returning unblocked NetworkInfo to uid=10029
10-17 10:08:23.104  2264  4403 I ActivityManager: Start proc 24293:com.android.documentsui/u0a10 for broadcast com.android.documentsui/.PackageReceiver
10-17 10:08:23.108  2264  4403 I ActivityManager: Killing 2736:com.google.android.calendar/u0a51 (adj 906): empty #17
10-17 10:08:23.226  2264  4445 D ActivityManager: cleanUpApplicationRecord -- 2736
10-17 10:08:23.302  2264  2302 I ActivityManager: Start proc 24308:com.google.android.apps.docs/u0a53 for content provider com.google.android.apps.docs/.storagebackend.StorageBackendContentProvider
10-17 10:08:23.317  2264  3812 I ActivityManager: Killing 30384:com.android.chrome/u0a90 (adj 906): empty #17
10-17 10:08:23.344  2264  4395 I ActivityManager: Killing 20899:com.android.providers.calendar/u0a2 (adj 906): empty #17
10-17 10:08:23.376  2264  4403 I ActivityManager: Start proc 24323:com.densowave.applicationlauncher/1000 for broadcast com.densowave.applicationlauncher/.receiver.ShortcutReceiver
10-17 10:08:23.392  2264  4396 D ActivityManager: cleanUpApplicationRecord -- 20899
10-17 10:08:23.426  2264  4445 D ConnectivityService: ConnectivityService NetworkRequestInfo binderDied(NetworkRequest [ LISTEN id=48, [ Capabilities: INTERNET&NOT_RESTRICTED&TRUSTED&FOREGROUND] ], android.os.BinderProxy@f11cd5)
10-17 10:08:23.426  2264  3731 D ConnectivityService: ConnectivityService NetworkRequestInfo binderDied(NetworkRequest [ LISTEN id=49, [ Capabilities: INTERNET&NOT_RESTRICTED&TRUSTED&FOREGROUND] ], android.os.BinderProxy@cfc8d8c)
10-17 10:08:23.427  2264  3327 D ActivityManager: cleanUpApplicationRecord -- 30384
10-17 10:08:23.428  2264  3318 E ConnectivityService: RemoteException caught trying to send a callback msg for NetworkRequest [ LISTEN id=49, [ Capabilities: INTERNET&NOT_RESTRICTED&TRUSTED&FOREGROUND] ]
10-17 10:08:23.429  2264  3318 E ConnectivityService: RemoteException caught trying to send a callback msg for NetworkRequest [ LISTEN id=48, [ Capabilities: INTERNET&NOT_RESTRICTED&TRUSTED&FOREGROUND] ]
10-17 10:08:23.874  2264  4394 I ActivityManager: Killing 21786:com.google.android.gms.ui/u0a11 (adj 906): empty #17
10-17 10:08:23.956  2264  3731 I ActivityManager: START u0 {act=android.intent.action.MAIN cat=[android.intent.category.LAUNCHER] flg=0x10200000 cmp=com.android.vending/.AssetBrowserActivity bnds=[354,483][468,626] (has extras)} from uid 10061 on display 0
10-17 10:08:23.972  2264  4403 D ActivityManager: cleanUpApplicationRecord -- 21786
10-17 10:08:25.553  2264  2264 W WindowManager: Attempted to remove non-existing token: android.os.Binder@cb6f836
10-17 10:08:25.561  2264  2264 I ActivityManager: Killing 22321:com.google.android.apps.maps/u0a82 (adj 906): empty #17
10-17 10:08:25.673  2264  4396 D ConnectivityService: ConnectivityService NetworkRequestInfo binderDied(NetworkRequest [ LISTEN id=50, [ Capabilities: INTERNET&NOT_RESTRICTED&TRUSTED&FOREGROUND] ], android.os.BinderProxy@36ccc9f)
10-17 10:08:25.675  2264  3318 E ConnectivityService: RemoteException caught trying to send a callback msg for NetworkRequest [ LISTEN id=50, [ Capabilities: INTERNET&NOT_RESTRICTED&TRUSTED&FOREGROUND] ]
10-17 10:08:25.676  2264  4396 D ActivityManager: cleanUpApplicationRecord -- 22321
10-17 10:08:25.679  2264  2393 W libprocessgroup: failed to kill pid 22321: No such process
10-17 10:08:27.626  2264  4445 I ActivityManager: Killing 22575:com.google.android.gm/u0a58 (adj 906): empty #17
10-17 10:08:27.689  2264  2302 D ActivityManager: cleanUpApplicationRecord -- 22575
10-17 10:08:37.954  2264  3294 I ActivityManager: Killing 19365:com.google.android.gms.unstable/u0a11 (adj 906): empty #17
10-17 10:08:38.127  2264  4445 D ActivityManager: cleanUpApplicationRecord -- 19365
10-17 10:10:27.639  2264  2305 I ActivityManager: START u0 {cmp=com.android.vending/com.google.android.finsky.billing.lightpurchase.LightPurchaseFlowActivity (has extras)} from uid 10029 on display 0
10-17 10:10:27.870  2264  3327 I ActivityManager: START u0 {cmp=com.android.vending/com.google.android.finsky.activities.AppsPermissionsActivity (has extras)} from uid 10029 on display 0
10-17 10:10:28.024  2264  4413 W InputMethodManagerService: Window already focused, ignoring focus gain of: com.android.internal.view.IInputMethodClient$Stub$Proxy@4620562 attribute=null, token = android.os.BinderProxy@775f1f1
10-17 10:10:59.161  2264  2941 W PackageParser: Unknown element under <manifest>: receiver at /data/app/vmdl2120448975.tmp/base.apk Binary XML file line #24
10-17 10:11:01.810  2264  2941 V BackupManagerService: restoreAtInstall pkg=com.being.htt token=2a restoreSet=0
10-17 10:11:01.810  2264  2941 V BackupManagerService: Finishing install immediately
10-17 10:11:02.505  2264  4394 I ActivityManager: Start proc 24940:com.google.android.partnersetup/u0a18 for broadcast com.google.android.partnersetup/.RlzPingBroadcastReceiver
10-17 10:11:03.621  2264  3813 I ActivityManager: Start proc 24973:org.codeaurora.snaplauncher/u0a31 for broadcast org.codeaurora.snaplauncher/com.android.launcher3.InstallShortcutReceiver
10-17 10:11:03.894  2264  3731 I ActivityManager: Killing 22794:com.google.android.videos/u0a89 (adj 906): empty #17
10-17 10:11:04.028  2264  4395 D ActivityManager: cleanUpApplicationRecord -- 22794
10-17 10:11:35.593  2264  2302 I ActivityManager: START u0 {act=android.intent.action.MAIN cat=[android.intent.category.LAUNCHER] flg=0x10000000 pkg=com.being.htt cmp=com.being.htt/md5f8fe93b992d6e114eb5d0685b27c3168.SplashActivity} from uid 10029 on display 0
10-17 10:11:35.647  2264  4407 I ActivityManager: Start proc 25076:com.being.htt/u0a115 for activity com.being.htt/md5f8fe93b992d6e114eb5d0685b27c3168.SplashActivity
10-17 10:11:35.688  2264  4395 I ActivityManager: Killing 22869:com.google.android.youtube/u0a93 (adj 906): empty #17
10-17 10:11:35.857  2264  3731 D ConnectivityService: ConnectivityService NetworkRequestInfo binderDied(NetworkRequest [ LISTEN id=51, [ Capabilities: INTERNET&NOT_RESTRICTED&TRUSTED&FOREGROUND] ], android.os.BinderProxy@f93b577)
10-17 10:11:35.858  2264  3806 D ActivityManager: cleanUpApplicationRecord -- 22869
10-17 10:11:35.859  2264  3318 E ConnectivityService: RemoteException caught trying to send a callback msg for NetworkRequest [ LISTEN id=51, [ Capabilities: INTERNET&NOT_RESTRICTED&TRUSTED&FOREGROUND] ]
10-17 10:11:38.087  2264  4407 I ActivityManager: START u0 {cmp=com.being.htt/md5f8fe93b992d6e114eb5d0685b27c3168.MainActivity} from uid 10115 on display 0
10-17 10:11:40.337  2264  2395 E BatteryStatsService: no controller energy info supplied
10-17 10:11:40.337  2264  2395 E BatteryStatsService: no controller energy info supplied
10-17 10:11:40.368  2264  2395 E BatteryStatsService: modem info is invalid: ModemActivityInfo{ mTimestamp=69511924 mSleepTimeMs=68772945 mIdleTimeMs=-68198866 mTxTimeMs[]=[0, 0, 0, 0, 0] mRxTimeMs=2560 mEnergyUsed=0}
10-17 10:11:52.403  2264  3300 I ActivityManager: START u0 {act=android.intent.action.MAIN cat=[android.intent.category.HOME] flg=0x10200000 cmp=com.android.launcher3/.Launcher (has extras)} from uid 1000 on display 0
10-17 10:11:58.237  2264  3813 I ActivityManager: START u0 {act=android.intent.action.DELETE dat=package:com.being.htt flg=0x10800000 cmp=com.google.android.packageinstaller/com.android.packageinstaller.UninstallerActivity (has extras)} from uid 10061 on display 0
10-17 10:11:59.156  2264  4400 I ActivityManager: START u0 {act=android.intent.action.VIEW cmp=com.google.android.packageinstaller/com.android.packageinstaller.UninstallAppProgress (has extras)} from uid 10020 on display 0
10-17 10:11:59.250  2264  2391 I ActivityManager: Force stopping com.being.htt appid=10115 user=0: deletePackageX
10-17 10:11:59.250  2264  2391 I ActivityManager: Killing 25076:com.being.htt/u0a115 (adj 700): stop com.being.htt
10-17 10:11:59.251  2264  2391 D ActivityManager: cleanUpApplicationRecord -- 25076
10-17 10:11:59.258  2264  2391 I ActivityManager:   Force finishing activity ActivityRecord{58c4605 u0 com.being.htt/md5f8fe93b992d6e114eb5d0685b27c3168.MainActivity t517}
10-17 10:11:59.367  2264  2305 I WindowManager: WIN DEATH: Window{b276014 u0 com.being.htt/md5f8fe93b992d6e114eb5d0685b27c3168.MainActivity}
10-17 10:11:59.734  2264  2941 I ActivityManager: Force stopping com.being.htt appid=10115 user=0: pkg removed
10-17 10:11:59.855 24213 24213 W ContextImpl: Calling a method in the system process without a qualified user: android.app.ContextImpl.startService:1357 android.content.ContextWrapper.startService:613 android.content.ContextWrapper.startService:613 com.android.keychain.KeyChainBroadcastReceiver.onReceive:12 android.app.ActivityThread.handleReceiver:3041 
10-17 10:12:00.046  2264  4413 D WindowManager: relayoutVisibleWindow: Window{d7ff533 u0 com.android.launcher3/com.android.launcher3.Launcher EXITING} mAnimatingExit=true, mRemoveOnExit=false, mDestroying=false
10-17 10:12:00.243  6382  6382 W ContextImpl: Calling a method in the system process without a qualified user: android.app.ContextImpl.startService:1357 android.content.ContextWrapper.startService:613 android.content.ContextWrapper.startService:613 com.qualcomm.qti.appnetaccess.AppNetAccessReceiver.onReceive:24 android.app.ActivityThread.handleReceiver:3041 
10-17 10:12:03.241  2264  2264 W WindowManager: Attempted to remove non-existing token: android.os.Binder@44d593f
10-17 10:12:12.364   392  3002 E NetlinkEvent: NetlinkEvent::FindParam(): Parameter 'UID' not found
10-17 10:12:12.915   392  3002 E NetlinkEvent: NetlinkEvent::FindParam(): Parameter 'UID' not found
10-17 10:12:17.538  2264  2725 W ProcessCpuTracker: Skipping unknown process pid 25271
10-17 10:12:20.821 16011 25301 W PackageParser: Unknown element under <manifest>: receiver at /data/app/vmdl788373858.tmp/base.apk Binary XML file line #32
10-17 10:12:22.118  2264  2941 W PackageParser: Unknown element under <manifest>: receiver at /data/app/vmdl788373858.tmp/base.apk Binary XML file line #32
10-17 10:12:24.633  2264  2941 V BackupManagerService: restoreAtInstall pkg=com.being.htt token=2b restoreSet=0
10-17 10:12:24.633  2264  2941 V BackupManagerService: Finishing install immediately
10-17 10:13:17.067  2264  2395 E BatteryStatsService: no controller energy info supplied
10-17 10:13:17.067  2264  2395 E BatteryStatsService: no controller energy info supplied
10-17 10:13:17.120  2264  2395 E BatteryStatsService: modem info is invalid: ModemActivityInfo{ mTimestamp=69608662 mSleepTimeMs=68862774 mIdleTimeMs=-68766404 mTxTimeMs[]=[0, 0, 0, 0, 0] mRxTimeMs=372 mEnergyUsed=0}
10-17 10:13:17.126  2264  2264 V BackupManagerService: Scheduling immediate backup pass
10-17 10:13:17.135  2264  2264 V BackupManagerService: Running a backup pass
10-17 10:13:17.136  2264  4234 V BackupManagerService: clearing pending backups
10-17 10:13:17.137  2264  4234 V PerformBackupTask: Beginning backup of 5 targets
10-17 10:13:17.168  2264  4234 D PerformBackupTask: invokeAgentForBackup on @pm@
10-17 10:13:17.182  2264  4234 I BackupRestoreController: Getting widget state for user: 0
10-17 10:13:17.183  2264  4234 D PerformBackupTask: starting key/value backup of BackupRequest{pkg=com.android.providers.settings}
10-17 10:13:17.185  2264  4234 D BackupManagerService: awaiting agent for ApplicationInfo{73c9827 com.android.providers.settings}
10-17 10:13:17.187  2264  2264 D BackupManagerService: agentConnected pkg=com.android.providers.settings agent=android.app.backup.BackupAgent$BackupServiceBinder@cb88617
10-17 10:13:17.187  2264  4234 I BackupManagerService: got agent android.app.backup.BackupAgent$BackupServiceBinder@cb88617
10-17 10:13:17.187  2264  4234 D PerformBackupTask: invokeAgentForBackup on com.android.providers.settings
10-17 10:13:17.217  2264  4234 I BackupRestoreController: Getting widget state for user: 0
10-17 10:13:17.219  2264  4234 D PerformBackupTask: starting key/value backup of BackupRequest{pkg=com.google.android.music}
10-17 10:13:17.224  2264  4234 D BackupManagerService: awaiting agent for ApplicationInfo{3a522bf com.google.android.music}
10-17 10:13:17.230  2264  2305 D BackupManagerService: agentConnected pkg=com.google.android.music agent=android.os.BinderProxy@364a04
10-17 10:13:17.231  2264  4234 I BackupManagerService: got agent android.app.IBackupAgent$Stub$Proxy@4c2ebed
10-17 10:13:17.231  2264  4234 D PerformBackupTask: invokeAgentForBackup on com.google.android.music
10-17 10:13:17.261  2264  4234 I BackupRestoreController: Getting widget state for user: 0
10-17 10:13:18.190  2264  4234 D PerformBackupTask: starting key/value backup of BackupRequest{pkg=com.google.android.googlequicksearchbox}
10-17 10:13:18.208  2264  4234 I ActivityManager: Start proc 25545:com.google.android.googlequicksearchbox/u0a35 for backup com.google.android.googlequicksearchbox/com.google.android.apps.gsa.staticplugins.backup.AgsaBackupAgentHelper
10-17 10:13:18.209  2264  4234 D BackupManagerService: awaiting agent for ApplicationInfo{8c8d206 com.google.android.googlequicksearchbox}
10-17 10:13:18.429  2264  3813 D BackupManagerService: agentConnected pkg=com.google.android.googlequicksearchbox agent=android.os.BinderProxy@217c72a
10-17 10:13:18.430  2264  4234 I BackupManagerService: got agent android.app.IBackupAgent$Stub$Proxy@74ac91b
10-17 10:13:18.430  2264  4234 D PerformBackupTask: invokeAgentForBackup on com.google.android.googlequicksearchbox
10-17 10:13:18.560  2264  4234 I BackupRestoreController: Getting widget state for user: 0
10-17 10:13:18.592  2264  4234 I ActivityManager: Killing 22752:com.google.android.inputmethod.japanese/u0a60 (adj 906): empty #17
10-17 10:13:18.679  2264  4396 D ActivityManager: cleanUpApplicationRecord -- 22752
10-17 10:13:19.320  2264  4234 D PerformBackupTask: starting key/value backup of BackupRequest{pkg=com.google.android.inputmethod.latin}
10-17 10:13:19.323  2264  4234 D BackupManagerService: awaiting agent for ApplicationInfo{446d991 com.google.android.inputmethod.latin}
10-17 10:13:19.328  2264  4445 D BackupManagerService: agentConnected pkg=com.google.android.inputmethod.latin agent=android.os.BinderProxy@e6c2f0b
10-17 10:13:19.329  2264  4234 I BackupManagerService: got agent android.app.IBackupAgent$Stub$Proxy@7e791e8
10-17 10:13:19.329  2264  4234 D PerformBackupTask: invokeAgentForBackup on com.google.android.inputmethod.latin
10-17 10:13:19.339  2264  4234 I BackupRestoreController: Getting widget state for user: 0
10-17 10:13:20.038  2264  4234 D PerformBackupTask: starting key/value backup of BackupRequest{pkg=android}
10-17 10:13:20.040  2264  4234 D BackupManagerService: awaiting agent for ApplicationInfo{2ca25fd android}
10-17 10:13:20.041  2264  2264 D BackupManagerService: agentConnected pkg=android agent=android.app.backup.BackupAgent$BackupServiceBinder@c64d5df
10-17 10:13:20.042  2264  4234 I BackupManagerService: got agent android.app.backup.BackupAgent$BackupServiceBinder@c64d5df
10-17 10:13:20.042  2264  4234 D PerformBackupTask: invokeAgentForBackup on android
10-17 10:13:20.597  2264  4234 I BackupRestoreController: Getting widget state for user: 0
10-17 10:13:21.365  2264  4234 I BackupManagerService: K/V backup pass finished.
10-17 10:13:42.537  2264  2391 I ProcessStatsService: Prepared write state in 19ms
10-17 10:13:42.829  2264  2390 I ProcessStatsService: Pruning old procstats: /data/system/procstats/state-2018-10-15-13-50-00.bin
10-17 10:14:29.531  2264  3813 I ActivityManager: START u0 {act=android.intent.action.MAIN cat=[android.intent.category.LAUNCHER] flg=0x10200000 cmp=com.being.htt/md5f8fe93b992d6e114eb5d0685b27c3168.SplashActivity bnds=[127,257][240,400] (has extras)} from uid 10061 on display 0
10-17 10:14:29.574  2264  3731 I ActivityManager: Start proc 25748:com.being.htt/u0a116 for activity com.being.htt/md5f8fe93b992d6e114eb5d0685b27c3168.SplashActivity
10-17 10:14:32.759  2264  4445 I ActivityManager: START u0 {cmp=com.being.htt/md5f8fe93b992d6e114eb5d0685b27c3168.MainActivity} from uid 10116 on display 0
10-17 10:14:42.652  2264  2390 I UsageStatsService: User[0] Flushing usage stats to disk
10-17 10:17:43.894  2264  4396 I ActivityManager: Start proc 26531:com.google.android.inputmethod.japanese/u0a60 for service com.google.android.inputmethod.japanese/com.firebase.jobdispatcher.GooglePlayReceiver
10-17 10:17:44.279  2264  4407 I ActivityManager: Start proc 26561:com.google.android.gms.unstable/u0a11 for service com.google.android.gms/.droidguard.DroidGuardService
10-17 10:17:50.541  2264  3806 I ActivityManager: Killing 24308:com.google.android.apps.docs/u0a53 (adj 906): empty #17
10-17 10:17:50.611  2264  4445 D ActivityManager: cleanUpApplicationRecord -- 24308
10-17 10:18:43.893  2264  2391 I ActivityManager: Killing 24973:org.codeaurora.snaplauncher/u0a31 (adj 906): empty #17
10-17 10:18:43.994  2264  4400 D ActivityManager: cleanUpApplicationRecord -- 24973
10-17 10:18:51.921  2264  2390 I ActivityManager: Start proc 26858:com.google.android.gm/u0a58 for service com.google.android.gm/.provider.MailSyncAdapterService
10-17 10:18:52.151 26858 26858 D ActivityThread: Loading provider com.google.android.gm.sapi: com.google.android.gm.sapi.SapiUiProvider
10-17 10:19:17.877  2264  3806 I ActivityManager: Killing 24213:com.android.keychain/1000 (adj 906): empty #17
10-17 10:19:17.980  2264  3813 D ActivityManager: cleanUpApplicationRecord -- 24213
10-17 10:22:05.345  2264  2391 I ActivityManager: Force stopping com.being.htt appid=10116 user=-1: deletePackageX
10-17 10:22:05.345  2264  2391 I ActivityManager: Killing 25748:com.being.htt/u0a116 (adj 0): stop com.being.htt
10-17 10:22:05.346  2264  2391 D ActivityManager: cleanUpApplicationRecord -- 25748
10-17 10:22:05.348  2264  2391 W ActivityManager: Force removing ActivityRecord{9c04f4c u0 com.being.htt/md5f8fe93b992d6e114eb5d0685b27c3168.MainActivity t519}: app died, no saved state
10-17 10:22:05.794  2264  2941 I ActivityManager: Force stopping com.being.htt appid=10116 user=0: pkg removed
10-17 10:22:05.875  2264  2391 I ActivityManager: Start proc 27722:com.android.keychain/1000 for broadcast com.android.keychain/.KeyChainBroadcastReceiver
10-17 10:22:05.932  2264  2391 I ActivityManager: Force stopping com.being.htt appid=10116 user=-1: deletePackageX
10-17 10:22:06.230 27722 27722 W ContextImpl: Calling a method in the system process without a qualified user: android.app.ContextImpl.startService:1357 android.content.ContextWrapper.startService:613 android.content.ContextWrapper.startService:613 com.android.keychain.KeyChainBroadcastReceiver.onReceive:12 android.app.ActivityThread.handleReceiver:3041 
10-17 10:22:06.445  6382  6382 W ContextImpl: Calling a method in the system process without a qualified user: android.app.ContextImpl.startService:1357 android.content.ContextWrapper.startService:613 android.content.ContextWrapper.startService:613 com.qualcomm.qti.appnetaccess.AppNetAccessReceiver.onReceive:24 android.app.ActivityThread.handleReceiver:3041 
10-17 10:22:06.576  2264  2941 I ActivityManager: Force stopping com.being.htt appid=10116 user=0: pkg removed
10-17 10:22:06.865 27722 27722 W ContextImpl: Calling a method in the system process without a qualified user: android.app.ContextImpl.startService:1357 android.content.ContextWrapper.startService:613 android.content.ContextWrapper.startService:613 com.android.keychain.KeyChainBroadcastReceiver.onReceive:12 android.app.ActivityThread.handleReceiver:3041 
10-17 10:22:07.033  6382  6382 W ContextImpl: Calling a method in the system process without a qualified user: android.app.ContextImpl.startService:1357 android.content.ContextWrapper.startService:613 android.content.ContextWrapper.startService:613 com.qualcomm.qti.appnetaccess.AppNetAccessReceiver.onReceive:24 android.app.ActivityThread.handleReceiver:3041 
10-17 10:22:09.886 16011 27800 W PackageParser: Unknown element under <manifest>: receiver at /data/app/vmdl684887193.tmp/base.apk Binary XML file line #32
