08-10 20:19:07.905  2404  2729 E BatteryStatsService: no controller energy info supplied
08-10 20:19:11.197  2404  3785 E BatteryStatsService: no controller energy info supplied
08-10 20:19:11.197  2404  3785 E BatteryStatsService: no controller energy info supplied
08-10 20:19:11.231  2404  3785 E BatteryStatsService: modem info is invalid: ModemActivityInfo{ mTimestamp=2439078386 mSleepTimeMs=-1879948007 mIdleTimeMs=1885072396 mTxTimeMs[]=[0, 0, 0, 0, 0] mRxTimeMs=19753 mEnergyUsed=0}
08-10 20:23:09.494   388  2669 E NetlinkEvent: NetlinkEvent::FindParam(): Parameter 'UID' not found
08-10 20:23:09.503   388  2669 E NetlinkEvent: NetlinkEvent::FindParam(): Parameter 'UID' not found
08-10 20:23:09.507  2404  2729 E BatteryStatsService: no controller energy info supplied
08-10 20:23:09.538  2404  2729 E BatteryStatsService: no controller energy info supplied
08-10 20:28:02.997   388  2669 E NetlinkEvent: NetlinkEvent::FindParam(): Parameter 'UID' not found
08-10 20:28:03.018  2404  2729 E BatteryStatsService: no controller energy info supplied
08-10 20:31:51.031   388  2669 E NetlinkEvent: NetlinkEvent::FindParam(): Parameter 'UID' not found
08-10 20:31:51.036  2404  2729 E BatteryStatsService: no controller energy info supplied
08-10 20:32:27.022   388  2669 E NetlinkEvent: NetlinkEvent::FindParam(): Parameter 'UID' not found
08-10 20:32:27.272  2404  2729 E BatteryStatsService: no controller energy info supplied
08-10 20:32:27.279   388  2669 E NetlinkEvent: NetlinkEvent::FindParam(): Parameter 'UID' not found
08-10 20:32:27.338  2404  2729 E BatteryStatsService: no controller energy info supplied
08-10 20:34:13.003   388  2669 E NetlinkEvent: NetlinkEvent::FindParam(): Parameter 'UID' not found
08-10 20:34:13.014  2404  2729 E BatteryStatsService: no controller energy info supplied
08-10 20:34:14.045   388  2669 E NetlinkEvent: NetlinkEvent::FindParam(): Parameter 'UID' not found
08-10 20:34:14.057  2404  2729 E BatteryStatsService: no controller energy info supplied
08-10 20:38:02.001   388  2669 E NetlinkEvent: NetlinkEvent::FindParam(): Parameter 'UID' not found
08-10 20:38:02.015  2404  2729 E BatteryStatsService: no controller energy info supplied
08-10 20:38:02.047  2404  3308 E NetdConnector: NDC Command {8257 firewall enable_chain dozable} took too long (223793ms)
08-10 20:45:23.993  2404  3321 I ActivityManager: Start proc 31852:com.android.providers.calendar/u0a2 for content provider com.android.providers.calendar/.CalendarProvider2
08-10 20:45:23.994  2404  3321 W ActivityManager: Slow operation: 150ms so far, now at getContentProviderImpl: after start process
08-10 20:45:23.994  2404  3321 W ActivityManager: Slow operation: 150ms so far, now at getContentProviderImpl: updating data structures
08-10 20:45:23.994  2404  3321 W ActivityManager: Slow operation: 150ms so far, now at getContentProviderImpl: done!
08-10 20:48:02.017  2404  2708 I ActivityManager: Start proc 31875:com.google.android.calendar/u0a51 for broadcast com.google.android.calendar/.alerts.AlertReceiver
08-10 21:01:03.061   388  2669 E NetlinkEvent: NetlinkEvent::FindParam(): Parameter 'UID' not found
08-10 21:01:03.070  2404  2729 E BatteryStatsService: no controller energy info supplied
08-10 21:08:03.022   388  2669 E NetlinkEvent: NetlinkEvent::FindParam(): Parameter 'UID' not found
08-10 21:08:03.032  2404  2729 E BatteryStatsService: no controller energy info supplied
08-10 21:15:26.083  2404  3308 E NetdConnector: NDC Command {8267 firewall enable_chain dozable} took too long (131847ms)
08-10 21:30:16.087   388  2669 E NetlinkEvent: NetlinkEvent::FindParam(): Parameter 'UID' not found
08-10 21:30:16.096  2404  2729 E BatteryStatsService: no controller energy info supplied
08-10 21:31:17.038   388  2669 E NetlinkEvent: NetlinkEvent::FindParam(): Parameter 'UID' not found
08-10 21:31:17.044  2404  2729 E BatteryStatsService: no controller energy info supplied
08-10 21:31:17.049  2404  2708 W ProcessCpuTracker: Skipping unknown process pid 31961
08-10 21:31:17.076   388  2669 E NetlinkEvent: NetlinkEvent::FindParam(): Parameter 'UID' not found
08-10 21:31:17.095  2404  2729 E BatteryStatsService: no controller energy info supplied
08-10 21:35:18.936   388  2669 E NetlinkEvent: NetlinkEvent::FindParam(): Parameter 'UID' not found
08-10 21:35:18.943  2404  2729 E BatteryStatsService: no controller energy info supplied
08-10 21:35:18.950  2404  3308 E NetdConnector: NDC Command {8271 firewall enable_chain dozable} took too long (236688ms)
08-10 21:35:19.024  2404  2729 E BatteryStatsService: no controller energy info supplied
08-10 21:35:19.024  2404  2729 E BatteryStatsService: no controller energy info supplied
08-10 21:35:19.201   388  2669 E NetlinkEvent: NetlinkEvent::FindParam(): Parameter 'UID' not found
08-10 21:35:19.217  2404  2729 E BatteryStatsService: modem info is invalid: ModemActivityInfo{ mTimestamp=2443646216 mSleepTimeMs=-1875400035 mIdleTimeMs=1879951161 mTxTimeMs[]=[0, 0, 0, 0, 0] mRxTimeMs=16702 mEnergyUsed=0}
08-10 21:35:19.220  2404  2729 E BatteryStatsService: no controller energy info supplied
08-10 21:38:02.037   388  2669 E NetlinkEvent: NetlinkEvent::FindParam(): Parameter 'UID' not found
08-10 21:38:02.052  2404  2729 E BatteryStatsService: no controller energy info supplied
08-10 21:38:02.131   388  2669 E NetlinkEvent: NetlinkEvent::FindParam(): Parameter 'UID' not found
08-10 21:38:02.138  2404  2729 E BatteryStatsService: no controller energy info supplied
08-10 21:45:28.038   388  2669 E NetlinkEvent: NetlinkEvent::FindParam(): Parameter 'UID' not found
08-10 21:45:28.049  2404  2729 E BatteryStatsService: no controller energy info supplied
08-10 21:49:14.306   388  2669 E NetlinkEvent: NetlinkEvent::FindParam(): Parameter 'UID' not found
08-10 21:49:14.311  2404  2729 E BatteryStatsService: no controller energy info supplied
08-10 21:49:14.315  2404  5623 I ActivityManager: Killing 17826:com.google.android.configupdater/u0a9 (adj 906): empty #17
08-10 21:49:14.376  2404 11160 D ActivityManager: cleanUpApplicationRecord -- 17826
08-10 21:58:02.028   388  2669 E NetlinkEvent: NetlinkEvent::FindParam(): Parameter 'UID' not found
08-10 21:58:02.035  2404  2729 E BatteryStatsService: no controller energy info supplied
08-10 21:58:02.124  2404  3308 E NetdConnector: NDC Command {8275 firewall enable_chain dozable} took too long (522810ms)
08-10 21:59:28.073   388  2669 E NetlinkEvent: NetlinkEvent::FindParam(): Parameter 'UID' not found
08-10 21:59:28.079  2404  2729 E BatteryStatsService: no controller energy info supplied
08-10 22:00:01.039   388  2669 E NetlinkEvent: NetlinkEvent::FindParam(): Parameter 'UID' not found
08-10 22:00:01.043  2404  2729 E BatteryStatsService: no controller energy info supplied
08-10 22:00:01.113  2404  2404 D ConditionProviders.SCP: onReceive ScheduleConditionProvider.EVALUATE
08-10 22:00:01.113  2404  2404 D ConditionProviders.SCP: notifyCondition condition://android/schedule?days=6.7&start=23.30&end=10.0&exitAtAlarm=false STATE_FALSE reason=!meetsSchedule
08-10 22:00:01.114  2404  2404 D ConditionProviders.SCP: notifyCondition condition://android/schedule?days=1.2.3.4.5&start=22.0&end=7.0&exitAtAlarm=false STATE_FALSE reason=!meetsSchedule
08-10 22:00:01.115  2404  2404 D ConditionProviders.SCP: Scheduling evaluate for Fri Aug 10 23:30:00 GMT+09:00 2018 (1533911400000), in +1h29m58s887ms, now=Fri Aug 10 22:00:01 GMT+09:00 2018 (1533906001113)
08-10 22:04:20.150  2404  2404 V BackupManagerService: Scheduling immediate backup pass
08-10 22:04:20.150  2404  2404 W BackupManagerService: Backup pass but e=false p=true
08-10 22:08:02.100  2404  3308 E NetdConnector: NDC Command {8277 firewall enable_chain dozable} took too long (216831ms)
08-10 22:28:02.148  2404  3308 E NetdConnector: NDC Command {8281 firewall enable_chain dozable} took too long (510754ms)
08-10 22:28:44.092   388  2669 E NetlinkEvent: NetlinkEvent::FindParam(): Parameter 'UID' not found
08-10 22:28:44.098  2404  2729 E BatteryStatsService: no controller energy info supplied
08-10 22:29:00.283   388  2669 E NetlinkEvent: NetlinkEvent::FindParam(): Parameter 'UID' not found
08-10 22:29:00.295  2404  2729 E BatteryStatsService: no controller energy info supplied
08-10 22:32:29.162   388  2669 E NetlinkEvent: NetlinkEvent::FindParam(): Parameter 'UID' not found
08-10 22:32:29.168  2404  2729 E BatteryStatsService: no controller energy info supplied
08-10 22:34:32.055   388  2669 E NetlinkEvent: NetlinkEvent::FindParam(): Parameter 'UID' not found
08-10 22:34:32.073  2404  2729 E BatteryStatsService: no controller energy info supplied
08-10 22:34:32.474  2404  4325 E BatteryStatsService: no controller energy info supplied
08-10 22:34:32.475  2404  4325 E BatteryStatsService: no controller energy info supplied
08-10 22:34:32.511  2404  4325 E BatteryStatsService: modem info is invalid: ModemActivityInfo{ mTimestamp=2447199664 mSleepTimeMs=-1871862122 mIdleTimeMs=1875402474 mTxTimeMs[]=[0, 0, 0, 0, 0] mRxTimeMs=13096 mEnergyUsed=0}
08-10 22:34:32.738   388  2669 E NetlinkEvent: NetlinkEvent::FindParam(): Parameter 'UID' not found
08-10 22:34:32.744  2404  2729 E BatteryStatsService: no controller energy info supplied
08-10 22:38:02.042   388  2669 E NetlinkEvent: NetlinkEvent::FindParam(): Parameter 'UID' not found
08-10 22:38:02.054  2404  2729 E BatteryStatsService: no controller energy info supplied
08-10 22:38:02.099  2404  3308 E NetdConnector: NDC Command {8283 firewall enable_chain dozable} took too long (204822ms)
08-10 22:38:33.839   388  2669 E NetlinkEvent: NetlinkEvent::FindParam(): Parameter 'UID' not found
08-10 22:38:33.854  2404  2729 E BatteryStatsService: no controller energy info supplied
08-10 22:38:33.857   388  2669 E NetlinkEvent: NetlinkEvent::FindParam(): Parameter 'UID' not found
08-10 22:38:33.894  2404  2729 E BatteryStatsService: no controller energy info supplied
08-10 22:38:33.977   388  2669 E NetlinkEvent: NetlinkEvent::FindParam(): Parameter 'UID' not found
08-10 22:38:33.987  2404  2729 E BatteryStatsService: no controller energy info supplied
08-10 22:45:32.052   388  2669 E NetlinkEvent: NetlinkEvent::FindParam(): Parameter 'UID' not found
08-10 22:45:32.070  2404  2729 E BatteryStatsService: no controller energy info supplied
08-10 22:49:39.740   388  2669 E NetlinkEvent: NetlinkEvent::FindParam(): Parameter 'UID' not found
08-10 22:49:39.755  2404  2729 E BatteryStatsService: no controller energy info supplied
08-10 22:55:00.048   388  2669 E NetlinkEvent: NetlinkEvent::FindParam(): Parameter 'UID' not found
08-10 22:55:00.064  2404  2729 E BatteryStatsService: no controller energy info supplied
08-10 22:55:00.080  2404  3308 E NetdConnector: NDC Command {8287 firewall enable_chain dozable} took too long (316833ms)
08-10 22:58:02.076   388  2669 E NetlinkEvent: NetlinkEvent::FindParam(): Parameter 'UID' not found
08-10 22:58:02.083  2404  2729 E BatteryStatsService: no controller energy info supplied
08-10 23:00:33.061   388  2669 E NetlinkEvent: NetlinkEvent::FindParam(): Parameter 'UID' not found
08-10 23:00:33.076  2404  2729 E BatteryStatsService: no controller energy info supplied
08-10 23:08:02.106  2404  3308 E NetdConnector: NDC Command {8289 firewall enable_chain dozable} took too long (192805ms)
08-10 23:27:03.110   388  2669 E NetlinkEvent: NetlinkEvent::FindParam(): Parameter 'UID' not found
08-10 23:27:03.118  2404  2729 E BatteryStatsService: no controller energy info supplied
08-10 23:27:03.157  2404  3308 E NetdConnector: NDC Command {8293 firewall enable_chain dozable} took too long (427864ms)
08-10 23:27:19.346   388  2669 E NetlinkEvent: NetlinkEvent::FindParam(): Parameter 'UID' not found
08-10 23:27:19.355  2404  2729 E BatteryStatsService: no controller energy info supplied
08-10 23:30:01.173  2404  2404 D ConditionProviders.SCP: onReceive ScheduleConditionProvider.EVALUATE
08-10 23:30:01.174  2404  2404 D ConditionProviders.SCP: notifyCondition condition://android/schedule?days=6.7&start=23.30&end=10.0&exitAtAlarm=false STATE_TRUE reason=meetsSchedule
08-10 23:30:01.174  2404  2404 D ConditionProviders.SCP: notifyCondition condition://android/schedule?days=1.2.3.4.5&start=22.0&end=7.0&exitAtAlarm=false STATE_FALSE reason=!meetsSchedule
08-10 23:30:01.177  2404  2404 D ConditionProviders.SCP: Scheduling evaluate for Sat Aug 11 07:00:00 GMT+09:00 2018 (1533938400000), in +7h29m58s827ms, now=Fri Aug 10 23:30:01 GMT+09:00 2018 (1533911401173)
08-10 23:30:01.192  2404  4206 V KeyValueBackupJob: Scheduling k/v pass in 241 minutes
08-10 23:38:03.028   388  2669 E NetlinkEvent: NetlinkEvent::FindParam(): Parameter 'UID' not found
08-10 23:38:03.034  2404  2729 E BatteryStatsService: no controller energy info supplied
08-10 23:42:04.719   388  2669 E NetlinkEvent: NetlinkEvent::FindParam(): Parameter 'UID' not found
08-10 23:42:04.736  2404  2729 E BatteryStatsService: no controller energy info supplied
08-10 23:42:04.764  2404  3308 E NetdConnector: NDC Command {8295 firewall enable_chain dozable} took too long (237119ms)
08-10 23:42:05.334   388  2669 E NetlinkEvent: NetlinkEvent::FindParam(): Parameter 'UID' not found
08-10 23:42:05.364  2404  2729 E BatteryStatsService: no controller energy info supplied
08-10 23:45:36.074   388  2669 E NetlinkEvent: NetlinkEvent::FindParam(): Parameter 'UID' not found
08-10 23:45:36.082  2404  2729 E BatteryStatsService: no controller energy info supplied
08-10 23:56:21.123   388  2669 E NetlinkEvent: NetlinkEvent::FindParam(): Parameter 'UID' not found
08-10 23:56:21.128  2404  2729 E BatteryStatsService: no controller energy info supplied
08-10 23:56:39.337   388  2669 E NetlinkEvent: NetlinkEvent::FindParam(): Parameter 'UID' not found
08-10 23:56:39.342  2404  2729 E BatteryStatsService: no controller energy info supplied
08-11 00:00:01.214  2404  4284 W ActivityManager: Permission Denial: opening provider com.android.providers.calendar.CalendarProvider2 from ProcessRecord{406840b 30975:com.qualcomm.qti.calendarwidget/u0a40} (pid=30975, uid=10040) requires android.permission.READ_CALENDAR or android.permission.WRITE_CALENDAR
08-11 00:00:01.219  2404  3444 W ActivityManager: Permission Denial: opening provider com.android.providers.calendar.CalendarProvider2 from ProcessRecord{406840b 30975:com.qualcomm.qti.calendarwidget/u0a40} (pid=30975, uid=10040) requires android.permission.READ_CALENDAR or android.permission.WRITE_CALENDAR
08-11 00:00:01.274  2404  3444 I ActivityManager: Start proc 32217:com.qualcomm.timeservice/1000 for broadcast com.qualcomm.timeservice/.TimeServiceBroadcastReceiver
08-11 00:00:01.364  2404  3324 I ActivityManager: Killing 27146:com.google.android.gms.unstable/u0a11 (adj 906): empty #17
08-11 00:00:01.406  2404  3785 I ActivityManager: Start proc 32233:com.google.android.keep/u0a63 for broadcast com.google.android.keep/.notification.ReminderNotificationReceiver
08-11 00:00:01.462  2404  4284 D ActivityManager: cleanUpApplicationRecord -- 27146
08-11 00:00:01.821  2404 21100 I ActivityManager: Killing 30659:com.android.defcontainer/u0a6 (adj 906): empty #17
08-11 00:00:01.884  2404  4328 D ActivityManager: cleanUpApplicationRecord -- 30659
08-11 00:00:37.173  2404  3308 E NetdConnector: NDC Command {8299 firewall enable_chain dozable} took too long (30822ms)
08-11 00:15:38.186  2404  2729 E BatteryStatsService: no controller energy info supplied
08-11 00:15:38.186  2404  2729 E BatteryStatsService: no controller energy info supplied
08-11 00:15:38.222  2404  2729 E BatteryStatsService: modem info is invalid: ModemActivityInfo{ mTimestamp=2453265382 mSleepTimeMs=-1865820942 mIdleTimeMs=1871866745 mTxTimeMs[]=[0, 0, 0, 0, 0] mRxTimeMs=20423 mEnergyUsed=0}
08-11 00:19:27.938   388  2669 E NetlinkEvent: NetlinkEvent::FindParam(): Parameter 'UID' not found
08-11 00:19:27.942  2404  2729 E BatteryStatsService: no controller energy info supplied
08-11 00:23:29.387   388  2669 E NetlinkEvent: NetlinkEvent::FindParam(): Parameter 'UID' not found
08-11 00:23:29.399  2404  2729 E BatteryStatsService: no controller energy info supplied
08-11 00:23:29.430  2404  3308 E NetdConnector: NDC Command {8303 firewall enable_chain dozable} took too long (237121ms)
08-11 00:23:29.724   388  2669 E NetlinkEvent: NetlinkEvent::FindParam(): Parameter 'UID' not found
08-11 00:23:29.734  2404  2729 E BatteryStatsService: no controller energy info supplied
08-11 00:25:41.098   388  2669 E NetlinkEvent: NetlinkEvent::FindParam(): Parameter 'UID' not found
08-11 00:25:41.102  2404  2729 E BatteryStatsService: no controller energy info supplied
08-11 00:25:41.153   388  2669 E NetlinkEvent: NetlinkEvent::FindParam(): Parameter 'UID' not found
08-11 00:25:41.159  2404  2729 E BatteryStatsService: no controller energy info supplied
08-11 00:26:01.757   388  2669 E NetlinkEvent: NetlinkEvent::FindParam(): Parameter 'UID' not found
08-11 00:26:01.764  2404  2729 E BatteryStatsService: no controller energy info supplied
08-11 00:32:30.209   388  2669 E NetlinkEvent: NetlinkEvent::FindParam(): Parameter 'UID' not found
08-11 00:32:30.215  2404  2729 E BatteryStatsService: no controller energy info supplied
08-11 00:38:02.110   388  2669 E NetlinkEvent: NetlinkEvent::FindParam(): Parameter 'UID' not found
08-11 00:38:02.119  2404  2729 E BatteryStatsService: no controller energy info supplied
08-11 00:42:27.565  2404  4333 E BatteryStatsService: no controller energy info supplied
08-11 00:42:27.565  2404  4333 E BatteryStatsService: no controller energy info supplied
08-11 00:42:27.597  2404  4333 E BatteryStatsService: modem info is invalid: ModemActivityInfo{ mTimestamp=2454874754 mSleepTimeMs=-1864218121 mIdleTimeMs=1865822074 mTxTimeMs[]=[0, 0, 0, 0, 0] mRxTimeMs=5419 mEnergyUsed=0}
08-11 00:55:03.145   388  2669 E NetlinkEvent: NetlinkEvent::FindParam(): Parameter 'UID' not found
08-11 00:55:03.151  2404  2729 E BatteryStatsService: no controller energy info supplied
08-11 00:55:26.350   388  2669 E NetlinkEvent: NetlinkEvent::FindParam(): Parameter 'UID' not found
08-11 00:55:26.365  2404  2729 E BatteryStatsService: no controller energy info supplied
08-11 00:58:02.145  2404  3308 E NetdConnector: NDC Command {8309 firewall enable_chain dozable} took too long (23833ms)
08-11 01:24:27.110  2404  2708 I ActivityManager: Killing 30702:com.android.keychain/1000 (adj 906): empty #17
08-11 01:24:27.150   388  2669 E NetlinkEvent: NetlinkEvent::FindParam(): Parameter 'UID' not found
08-11 01:24:27.153  2404  3308 E NetdConnector: NDC Command {8313 firewall enable_chain dozable} took too long (326842ms)
08-11 01:24:27.156  2404  2729 E BatteryStatsService: no controller energy info supplied
08-11 01:24:27.319  2404  9271 D ActivityManager: cleanUpApplicationRecord -- 30702
08-11 01:28:02.113   388  2669 E NetlinkEvent: NetlinkEvent::FindParam(): Parameter 'UID' not found
08-11 01:28:02.120  2404  2729 E BatteryStatsService: no controller energy info supplied
08-11 01:34:01.763   388  2669 E NetlinkEvent: NetlinkEvent::FindParam(): Parameter 'UID' not found
08-11 01:34:01.769  2404  2729 E BatteryStatsService: no controller energy info supplied
08-11 01:38:02.104   388  2669 E NetlinkEvent: NetlinkEvent::FindParam(): Parameter 'UID' not found
08-11 01:38:02.119  2404  2729 E BatteryStatsService: no controller energy info supplied
08-11 01:38:02.173  2404  3308 E NetdConnector: NDC Command {8315 firewall enable_chain dozable} took too long (235856ms)
08-11 01:38:03.208   388  2669 E NetlinkEvent: NetlinkEvent::FindParam(): Parameter 'UID' not found
08-11 01:38:03.233  2404  2729 E BatteryStatsService: no controller energy info supplied
08-11 01:45:44.115   388  2669 E NetlinkEvent: NetlinkEvent::FindParam(): Parameter 'UID' not found
08-11 01:45:44.126  2404  2729 E BatteryStatsService: no controller energy info supplied
08-11 01:49:08.055  2404  2729 E BatteryStatsService: no controller energy info supplied
08-11 01:49:08.055  2404  2729 E BatteryStatsService: no controller energy info supplied
08-11 01:49:08.100  2404  2729 E BatteryStatsService: modem info is invalid: ModemActivityInfo{ mTimestamp=2458875249 mSleepTimeMs=-1860232669 mIdleTimeMs=1864220795 mTxTimeMs[]=[0, 0, 0, 0, 0] mRxTimeMs=12366 mEnergyUsed=0}
08-11 01:49:11.599  2404  2703 I UsageStatsService: User[0] Flushing usage stats to disk
08-11 01:53:28.153  2404  3308 E NetdConnector: NDC Command {8319 firewall enable_chain dozable} took too long (255828ms)
08-11 01:53:28.154   388  2669 E NetlinkEvent: NetlinkEvent::FindParam(): Parameter 'UID' not found
08-11 01:53:28.162  2404  2729 E BatteryStatsService: no controller energy info supplied
08-11 01:53:51.238   388  2669 E NetlinkEvent: NetlinkEvent::FindParam(): Parameter 'UID' not found
08-11 01:53:51.250  2404  2729 E BatteryStatsService: no controller energy info supplied
08-11 02:08:02.160  2404  3308 E NetdConnector: NDC Command {8321 firewall enable_chain dozable} took too long (223808ms)
08-11 02:19:28.114  2404  2404 I EntropyMixer: Writing entropy...
08-11 02:22:52.163   388  2669 E NetlinkEvent: NetlinkEvent::FindParam(): Parameter 'UID' not found
08-11 02:22:52.168  2404  2729 E BatteryStatsService: no controller energy info supplied
08-11 02:22:52.198  2404  3308 E NetdConnector: NDC Command {8325 firewall enable_chain dozable} took too long (198797ms)
08-11 02:23:17.977   388  2669 E NetlinkEvent: NetlinkEvent::FindParam(): Parameter 'UID' not found
08-11 02:23:17.987  2404  2729 E BatteryStatsService: no controller energy info supplied
08-11 02:32:31.390   388  2669 E NetlinkEvent: NetlinkEvent::FindParam(): Parameter 'UID' not found
08-11 02:32:31.407  2404  2729 E BatteryStatsService: no controller energy info supplied
08-11 02:33:32.147   388  2669 E NetlinkEvent: NetlinkEvent::FindParam(): Parameter 'UID' not found
08-11 02:33:32.152  2404  2729 E BatteryStatsService: no controller energy info supplied
08-11 02:34:34.749   388  2669 E NetlinkEvent: NetlinkEvent::FindParam(): Parameter 'UID' not found
08-11 02:34:34.754  2404  2729 E BatteryStatsService: no controller energy info supplied
08-11 02:34:34.816  2404  4328 E BatteryStatsService: no controller energy info supplied
08-11 02:34:34.816  2404  4328 E BatteryStatsService: no controller energy info supplied
08-11 02:34:34.842  2404  4328 E BatteryStatsService: modem info is invalid: ModemActivityInfo{ mTimestamp=2461602003 mSleepTimeMs=-1857516191 mIdleTimeMs=1860234549 mTxTimeMs[]=[0, 0, 0, 0, 0] mRxTimeMs=8399 mEnergyUsed=0}
08-11 02:38:02.134   388  2669 E NetlinkEvent: NetlinkEvent::FindParam(): Parameter 'UID' not found
08-11 02:38:02.140  2404  2729 E BatteryStatsService: no controller energy info supplied
08-11 02:38:02.179  2404  3308 E NetdConnector: NDC Command {8327 firewall enable_chain dozable} took too long (202824ms)
08-11 02:38:36.210   388  2669 E NetlinkEvent: NetlinkEvent::FindParam(): Parameter 'UID' not found
08-11 02:38:36.228  2404  2729 E BatteryStatsService: no controller energy info supplied
08-11 02:38:36.234   388  2669 E NetlinkEvent: NetlinkEvent::FindParam(): Parameter 'UID' not found
08-11 02:38:36.262  2404  2729 E BatteryStatsService: no controller energy info supplied
08-11 02:38:36.290   388  2669 E NetlinkEvent: NetlinkEvent::FindParam(): Parameter 'UID' not found
08-11 02:38:36.295  2404  2729 E BatteryStatsService: no controller energy info supplied
08-11 02:45:48.147   388  2669 E NetlinkEvent: NetlinkEvent::FindParam(): Parameter 'UID' not found
08-11 02:45:48.165  2404  2729 E BatteryStatsService: no controller energy info supplied
08-11 02:45:48.220  2404  2729 E BatteryStatsService: no controller energy info supplied
08-11 02:45:48.224  2404  2729 E BatteryStatsService: no controller energy info supplied
08-11 02:45:48.254  2404  2729 E BatteryStatsService: modem info is invalid: ModemActivityInfo{ mTimestamp=2462275414 mSleepTimeMs=-1856845267 mIdleTimeMs=1857516646 mTxTimeMs[]=[0, 0, 0, 0, 0] mRxTimeMs=2032 mEnergyUsed=0}
08-11 02:52:19.156   388  2669 E NetlinkEvent: NetlinkEvent::FindParam(): Parameter 'UID' not found
08-11 02:52:19.163  2404  2729 E BatteryStatsService: no controller energy info supplied
08-11 02:52:48.396   388  2669 E NetlinkEvent: NetlinkEvent::FindParam(): Parameter 'UID' not found
08-11 02:52:48.405  2404  2729 E BatteryStatsService: no controller energy info supplied
08-11 02:52:48.426  2404  3308 E NetdConnector: NDC Command {8331 firewall enable_chain dozable} took too long (29264ms)
08-11 03:18:29.738   388  2669 E NetlinkEvent: NetlinkEvent::FindParam(): Parameter 'UID' not found
08-11 03:18:29.743  2404  2729 E BatteryStatsService: no controller energy info supplied
08-11 03:21:49.148   388  2669 E NetlinkEvent: NetlinkEvent::FindParam(): Parameter 'UID' not found
08-11 03:21:49.157  2404  2729 E BatteryStatsService: no controller energy info supplied
08-11 03:21:49.204   388  2669 E NetlinkEvent: NetlinkEvent::FindParam(): Parameter 'UID' not found
08-11 03:21:49.206  2404  3308 E NetdConnector: NDC Command {8335 firewall enable_chain dozable} took too long (194852ms)
08-11 03:21:49.214  2404  2729 E BatteryStatsService: no controller energy info supplied
08-11 03:22:19.435   388  2669 E NetlinkEvent: NetlinkEvent::FindParam(): Parameter 'UID' not found
08-11 03:22:19.442  2404  2729 E BatteryStatsService: no controller energy info supplied
08-11 03:22:19.450   388  2669 E NetlinkEvent: NetlinkEvent::FindParam(): Parameter 'UID' not found
08-11 03:22:19.477  2404  2729 E BatteryStatsService: no controller energy info supplied
08-11 03:28:02.153   388  2669 E NetlinkEvent: NetlinkEvent::FindParam(): Parameter 'UID' not found
08-11 03:28:02.166  2404  2729 E BatteryStatsService: no controller energy info supplied
08-11 03:43:43.190  2404  3293 I ActivityManager: Start proc 32586:com.android.vending/u0a29 for service com.android.vending/com.google.android.finsky.scheduler.AlarmEngineService
08-11 03:43:43.223  2404  3444 D ConnectivityService: Returning blocked NetworkInfo to uid=10049
08-11 03:43:43.718  2404  4327 D ConnectivityService: Returning unblocked NetworkInfo to uid=10029
08-11 03:43:43.748   388  2669 E NetlinkEvent: NetlinkEvent::FindParam(): Parameter 'UID' not found
08-11 03:43:43.753  2404  2729 E BatteryStatsService: no controller energy info supplied
08-11 03:44:15.152   388  2669 E NetlinkEvent: NetlinkEvent::FindParam(): Parameter 'UID' not found
08-11 03:44:15.158  2404  2729 E BatteryStatsService: no controller energy info supplied
08-11 03:44:15.217  2404  3308 E NetdConnector: NDC Command {8337 firewall enable_chain dozable} took too long (26712ms)
08-11 03:51:21.207   388  2669 E NetlinkEvent: NetlinkEvent::FindParam(): Parameter 'UID' not found
08-11 03:51:21.216  2404  2729 E BatteryStatsService: no controller energy info supplied
08-11 03:51:51.700   388  2669 E NetlinkEvent: NetlinkEvent::FindParam(): Parameter 'UID' not found
08-11 03:51:51.707  2404  2729 E BatteryStatsService: no controller energy info supplied
08-11 04:00:53.205  2404  3308 E NetdConnector: NDC Command {8341 firewall enable_chain dozable} took too long (103762ms)
08-11 04:20:52.014   388  2669 E NetlinkEvent: NetlinkEvent::FindParam(): Parameter 'UID' not found
08-11 04:20:52.026  2404  2729 E BatteryStatsService: no controller energy info supplied
08-11 04:20:52.113  2404  3308 E NetdConnector: NDC Command {8345 firewall enable_chain dozable} took too long (77714ms)
08-11 04:21:53.168   388  2669 E NetlinkEvent: NetlinkEvent::FindParam(): Parameter 'UID' not found
08-11 04:21:53.179  2404  2729 E BatteryStatsService: no controller energy info supplied
08-11 04:21:53.221  2404  3324 D ConnectivityService: reportNetworkConnectivity(119, false) by 10011
08-11 04:21:53.223   388  2669 E NetlinkEvent: NetlinkEvent::FindParam(): Parameter 'UID' not found
08-11 04:21:53.229  2404  2729 E BatteryStatsService: no controller energy info supplied
08-11 04:21:54.767  2404  3315 D ConnectivityService: NetworkAgentInfo [WIFI () - 119] validation passed
08-11 04:25:54.003   388  2669 E NetlinkEvent: NetlinkEvent::FindParam(): Parameter 'UID' not found
08-11 04:25:54.026  2404  2729 E BatteryStatsService: no controller energy info supplied
08-11 04:25:54.035   388  2669 E NetlinkEvent: NetlinkEvent::FindParam(): Parameter 'UID' not found
08-11 04:25:54.054  2404  2729 E BatteryStatsService: no controller energy info supplied
08-11 04:28:02.160   388  2669 E NetlinkEvent: NetlinkEvent::FindParam(): Parameter 'UID' not found
08-11 04:28:02.169  2404  2729 E BatteryStatsService: no controller energy info supplied
08-11 04:32:33.416   388  2669 E NetlinkEvent: NetlinkEvent::FindParam(): Parameter 'UID' not found
08-11 04:32:33.436  2404  2729 E BatteryStatsService: no controller energy info supplied
08-11 04:36:20.178   388  2669 E NetlinkEvent: NetlinkEvent::FindParam(): Parameter 'UID' not found
08-11 04:36:20.190  2404  2729 E BatteryStatsService: no controller energy info supplied
08-11 04:36:20.372   388  2669 E NetlinkEvent: NetlinkEvent::FindParam(): Parameter 'UID' not found
08-11 04:36:20.378  2404  2729 E BatteryStatsService: no controller energy info supplied
08-11 04:36:22.950  2404 21101 E BatteryStatsService: no controller energy info supplied
08-11 04:36:22.950  2404 21101 E BatteryStatsService: no controller energy info supplied
08-11 04:36:22.978  2404 21101 E BatteryStatsService: modem info is invalid: ModemActivityInfo{ mTimestamp=2468910139 mSleepTimeMs=-1850236074 mIdleTimeMs=1856849774 mTxTimeMs[]=[0, 0, 0, 0, 0] mRxTimeMs=21025 mEnergyUsed=0}
08-11 04:38:02.171   388  2669 E NetlinkEvent: NetlinkEvent::FindParam(): Parameter 'UID' not found
08-11 04:38:02.185  2404  2729 E BatteryStatsService: no controller energy info supplied
08-11 04:38:02.202  2404  3308 E NetdConnector: NDC Command {8347 firewall enable_chain dozable} took too long (96806ms)
08-11 04:40:22.154   388  2669 E NetlinkEvent: NetlinkEvent::FindParam(): Parameter 'UID' not found
08-11 04:40:22.175  2404  2729 E BatteryStatsService: no controller energy info supplied
08-11 04:40:22.188   388  2669 E NetlinkEvent: NetlinkEvent::FindParam(): Parameter 'UID' not found
08-11 04:40:22.207  2404  2729 E BatteryStatsService: no controller energy info supplied
08-11 04:40:22.762   388  2669 E NetlinkEvent: NetlinkEvent::FindParam(): Parameter 'UID' not found
08-11 04:40:22.785  2404  2729 E BatteryStatsService: no controller energy info supplied
08-11 04:45:56.190   388  2669 E NetlinkEvent: NetlinkEvent::FindParam(): Parameter 'UID' not found
08-11 04:45:56.200  2404  2729 E BatteryStatsService: no controller energy info supplied
08-11 04:50:56.244   388  2669 E NetlinkEvent: NetlinkEvent::FindParam(): Parameter 'UID' not found
08-11 04:50:56.249  2404  2729 E BatteryStatsService: no controller energy info supplied
08-11 04:51:57.189   388  2669 E NetlinkEvent: NetlinkEvent::FindParam(): Parameter 'UID' not found
08-11 04:51:57.220  2404  2729 E BatteryStatsService: no controller energy info supplied
08-11 04:52:02.392  2404  5623 I ActivityManager: Killing 30217:com.google.android.partnersetup/u0a18 (adj 906): empty #17
08-11 04:52:02.498  2404  7795 D ActivityManager: cleanUpApplicationRecord -- 30217
08-11 04:58:02.187  2404  3308 E NetdConnector: NDC Command {8351 firewall enable_chain dozable} took too long (359763ms)
08-11 05:08:02.233  2404  3308 E NetdConnector: NDC Command {8353 firewall enable_chain dozable} took too long (53799ms)
08-11 05:15:58.307  2404  2729 E BatteryStatsService: no controller energy info supplied
08-11 05:15:58.307  2404  2729 E BatteryStatsService: no controller energy info supplied
08-11 05:15:58.338  2404  2729 E BatteryStatsService: modem info is invalid: ModemActivityInfo{ mTimestamp=2471285497 mSleepTimeMs=-1847869636 mIdleTimeMs=1850237664 mTxTimeMs[]=[0, 0, 0, 0, 0] mRxTimeMs=7330 mEnergyUsed=0}
08-11 05:19:58.255   388  2669 E NetlinkEvent: NetlinkEvent::FindParam(): Parameter 'UID' not found
08-11 05:19:58.259  2404  2729 E BatteryStatsService: no controller energy info supplied
08-11 05:22:09.185   388  2669 E NetlinkEvent: NetlinkEvent::FindParam(): Parameter 'UID' not found
08-11 05:22:09.200  2404  2729 E BatteryStatsService: no controller energy info supplied
08-11 05:48:29.966   388  2669 E NetlinkEvent: NetlinkEvent::FindParam(): Parameter 'UID' not found
08-11 05:48:29.971  2404  2729 E BatteryStatsService: no controller energy info supplied
08-11 05:49:00.200   388  2669 E NetlinkEvent: NetlinkEvent::FindParam(): Parameter 'UID' not found
08-11 05:49:00.214  2404  2729 E BatteryStatsService: no controller energy info supplied
08-11 05:49:00.220   388  2669 E NetlinkEvent: NetlinkEvent::FindParam(): Parameter 'UID' not found
08-11 05:49:00.244  2404  2729 E BatteryStatsService: no controller energy info supplied
08-11 05:49:00.268  2404  3308 E NetdConnector: NDC Command {8361 firewall enable_chain dozable} took too long (25861ms)
08-11 05:52:31.280   388  2669 E NetlinkEvent: NetlinkEvent::FindParam(): Parameter 'UID' not found
08-11 05:52:31.281   388  2669 E NetlinkEvent: NetlinkEvent::FindParam(): Parameter 'UID' not found
08-11 05:52:31.286  2404  2729 E BatteryStatsService: no controller energy info supplied
08-11 05:52:31.313  2404  2729 E BatteryStatsService: no controller energy info supplied
08-11 05:58:02.205   388  2669 E NetlinkEvent: NetlinkEvent::FindParam(): Parameter 'UID' not found
08-11 05:58:02.221  2404  2729 E BatteryStatsService: no controller energy info supplied
08-11 06:13:39.198   388  2669 E NetlinkEvent: NetlinkEvent::FindParam(): Parameter 'UID' not found
08-11 06:13:39.204  2404  2729 E BatteryStatsService: no controller energy info supplied
08-11 06:13:45.452  2404  3308 E NetdConnector: NDC Command {8363 firewall enable_chain dozable} took too long (1029ms)
08-11 06:13:56.383   388  2669 E NetlinkEvent: NetlinkEvent::FindParam(): Parameter 'UID' not found
08-11 06:13:56.393  2404  2729 E BatteryStatsService: no controller energy info supplied
08-11 06:17:40.893   388  2669 E NetlinkEvent: NetlinkEvent::FindParam(): Parameter 'UID' not found
08-11 06:17:40.902   388  2669 E NetlinkEvent: NetlinkEvent::FindParam(): Parameter 'UID' not found
08-11 06:17:40.912  2404  2729 E BatteryStatsService: no controller energy info supplied
08-11 06:17:40.946  2404  2729 E BatteryStatsService: no controller energy info supplied
08-11 06:18:03.164   388  2669 E NetlinkEvent: NetlinkEvent::FindParam(): Parameter 'UID' not found
08-11 06:18:03.172  2404  2729 E BatteryStatsService: no controller energy info supplied
08-11 06:19:31.121   388  2669 E NetlinkEvent: NetlinkEvent::FindParam(): Parameter 'UID' not found
08-11 06:19:31.135  2404  2729 E BatteryStatsService: no controller energy info supplied
08-11 06:31:04.156  2404  3308 E NetdConnector: NDC Command {8367 firewall enable_chain dozable} took too long (133808ms)
08-11 06:32:35.264   388  2669 E NetlinkEvent: NetlinkEvent::FindParam(): Parameter 'UID' not found
08-11 06:32:35.321  2404  2729 E BatteryStatsService: no controller energy info supplied
08-11 06:38:02.139   388  2669 E NetlinkEvent: NetlinkEvent::FindParam(): Parameter 'UID' not found
08-11 06:38:02.150  2404  2729 E BatteryStatsService: no controller energy info supplied
08-11 06:47:04.188   388  2669 E NetlinkEvent: NetlinkEvent::FindParam(): Parameter 'UID' not found
08-11 06:47:04.194  2404  2729 E BatteryStatsService: no controller energy info supplied
08-11 06:48:02.126   388  2669 E NetlinkEvent: NetlinkEvent::FindParam(): Parameter 'UID' not found
08-11 06:48:02.132  2404  2729 E BatteryStatsService: no controller energy info supplied
08-11 06:48:29.560  2404  9273 E BatteryStatsService: no controller energy info supplied
08-11 06:48:29.560  2404  9273 E BatteryStatsService: no controller energy info supplied
08-11 06:48:29.594  2404  9273 E BatteryStatsService: modem info is invalid: ModemActivityInfo{ mTimestamp=2476836750 mSleepTimeMs=-1842361163 mIdleTimeMs=1847894530 mTxTimeMs[]=[0, 0, 0, 0, 0] mRxTimeMs=16974 mEnergyUsed=0}
08-11 06:48:30.531  2404  9271 I ActivityManager: Start proc 777:com.google.android.gms:snet/u0a11 for service com.google.android.gms/.chimera.SnetIntentOperationService
08-11 06:50:32.166  2404  2708 W ProcessCpuTracker: Skipping unknown process pid 822
08-11 06:50:32.175  2404  3308 E NetdConnector: NDC Command {8371 firewall enable_chain dozable} took too long (117815ms)
08-11 06:50:32.175  2404  4283 W ActivityManager: Unable to start service Intent { cmp=com.google.android.gms/.security.snet.SnetLaunchIntentService } U=0: not found
08-11 06:52:32.130  2404  2467 I ActivityManager: Process com.google.android.gms:snet (pid 777) has died
08-11 06:52:32.130  2404  2467 D ActivityManager: cleanUpApplicationRecord -- 777
08-11 06:52:32.131  2404  2467 W ActivityManager: Scheduling restart of crashed service com.google.android.gms/.chimera.SnetIntentOperationService in 8630ms
08-11 07:00:01.205  2404  2404 D ConditionProviders.SCP: onReceive ScheduleConditionProvider.EVALUATE
08-11 07:00:01.205  2404  2404 D ConditionProviders.SCP: notifyCondition condition://android/schedule?days=6.7&start=23.30&end=10.0&exitAtAlarm=false STATE_TRUE reason=meetsSchedule
08-11 07:00:01.206  2404  2404 D ConditionProviders.SCP: notifyCondition condition://android/schedule?days=1.2.3.4.5&start=22.0&end=7.0&exitAtAlarm=false STATE_FALSE reason=!meetsSchedule
08-11 07:00:01.206  2404  2404 D ConditionProviders.SCP: Scheduling evaluate for Sat Aug 11 22:00:00 GMT+09:00 2018 (1533992400000), in +14h59m58s795ms, now=Sat Aug 11 07:00:01 GMT+09:00 2018 (1533938401205)
08-11 07:01:04.975   388  2669 E NetlinkEvent: NetlinkEvent::FindParam(): Parameter 'UID' not found
08-11 07:01:04.981  2404  2729 E BatteryStatsService: no controller energy info supplied
08-11 07:01:06.083  2404  2708 I ActivityManager: Start proc 854:com.google.android.gms:snet/u0a11 for service com.google.android.gms/.chimera.SnetIntentOperationService
08-11 07:01:08.089  2404  2708 I ActivityManager: Waited long enough for: ServiceRecord{cd5ccb2 u0 com.google.android.gms/.chimera.SnetIntentOperationService}
08-11 07:01:25.141   388  2669 E NetlinkEvent: NetlinkEvent::FindParam(): Parameter 'UID' not found
08-11 07:01:25.161  2404  2729 E BatteryStatsService: no controller energy info supplied
08-11 07:05:06.207   388  2669 E NetlinkEvent: NetlinkEvent::FindParam(): Parameter 'UID' not found
08-11 07:05:06.216   388  2669 E NetlinkEvent: NetlinkEvent::FindParam(): Parameter 'UID' not found
08-11 07:05:06.223  2404  2729 E BatteryStatsService: no controller energy info supplied
08-11 07:05:06.245   388  2669 E NetlinkEvent: NetlinkEvent::FindParam(): Parameter 'UID' not found
08-11 07:05:06.256  2404  2729 E BatteryStatsService: no controller energy info supplied
08-11 07:05:06.283  2404  2729 E BatteryStatsService: no controller energy info supplied
08-11 07:05:21.200   388  2669 E NetlinkEvent: NetlinkEvent::FindParam(): Parameter 'UID' not found
08-11 07:05:21.214  2404  2729 E BatteryStatsService: no controller energy info supplied
08-11 07:08:02.188  2404  3308 E NetdConnector: NDC Command {8373 firewall enable_chain dozable} took too long (160799ms)
08-11 07:16:06.186   388  2669 E NetlinkEvent: NetlinkEvent::FindParam(): Parameter 'UID' not found
08-11 07:16:06.190  2404  2729 E BatteryStatsService: no controller energy info supplied
08-11 07:17:07.163   388  2669 E NetlinkEvent: NetlinkEvent::FindParam(): Parameter 'UID' not found
08-11 07:17:07.173  2404  2729 E BatteryStatsService: no controller energy info supplied
08-11 07:20:22.869   388  2669 E NetlinkEvent: NetlinkEvent::FindParam(): Parameter 'UID' not found
08-11 07:20:22.873  2404  2729 E BatteryStatsService: no controller energy info supplied
08-11 07:23:24.148   388  2669 E NetlinkEvent: NetlinkEvent::FindParam(): Parameter 'UID' not found
08-11 07:23:24.154  2404  2729 E BatteryStatsService: no controller energy info supplied
08-11 07:23:24.168  2404  2708 W ProcessCpuTracker: Skipping unknown process pid 969
08-11 07:23:24.178  2404  3308 E NetdConnector: NDC Command {8377 firewall enable_chain dozable} took too long (176818ms)
08-11 07:23:24.677   388  2669 E NetlinkEvent: NetlinkEvent::FindParam(): Parameter 'UID' not found
08-11 07:23:24.694  2404  2729 E BatteryStatsService: no controller energy info supplied
08-11 07:24:24.380   388  2669 E NetlinkEvent: NetlinkEvent::FindParam(): Parameter 'UID' not found
08-11 07:24:24.388  2404  2729 E BatteryStatsService: no controller energy info supplied
08-11 07:24:24.988   388  2669 E NetlinkEvent: NetlinkEvent::FindParam(): Parameter 'UID' not found
08-11 07:24:25.000  2404  2729 E BatteryStatsService: no controller energy info supplied
08-11 07:26:26.147   388  2669 E NetlinkEvent: NetlinkEvent::FindParam(): Parameter 'UID' not found
08-11 07:26:26.153  2404  2729 E BatteryStatsService: no controller energy info supplied
08-11 07:28:02.137  2404  4333 W ActivityManager: SLOW OOM ADJ: 95297ms for pid 26637 = 0
08-11 07:38:02.213  2404  3308 E NetdConnector: NDC Command {8379 firewall enable_chain dozable} took too long (145855ms)
08-11 07:41:34.227  2404  2729 E BatteryStatsService: no controller energy info supplied
08-11 07:41:34.228  2404  2729 E BatteryStatsService: no controller energy info supplied
08-11 07:41:34.265  2404  2729 E BatteryStatsService: modem info is invalid: ModemActivityInfo{ mTimestamp=2480021420 mSleepTimeMs=-1839198479 mIdleTimeMs=1842373406 mTxTimeMs[]=[0, 0, 0, 0, 0] mRxTimeMs=9744 mEnergyUsed=0}
08-11 07:45:08.195   388  2669 E NetlinkEvent: NetlinkEvent::FindParam(): Parameter 'UID' not found
08-11 07:45:08.201  2404  2729 E BatteryStatsService: no controller energy info supplied
08-11 07:46:08.152   388  2669 E NetlinkEvent: NetlinkEvent::FindParam(): Parameter 'UID' not found
08-11 07:46:08.168  2404  2729 E BatteryStatsService: no controller energy info supplied
08-11 07:50:37.182  2404  3293 I ActivityManager: Killing 30875:com.densowave.applicationlauncher/1000 (adj 906): empty #17
08-11 07:50:37.304  2404  9272 D ActivityManager: cleanUpApplicationRecord -- 30875
08-11 07:53:34.207  2404  3308 E NetdConnector: NDC Command {8383 firewall enable_chain dozable} took too long (171810ms)
08-11 08:08:02.192  2404  3308 E NetdConnector: NDC Command {8385 firewall enable_chain dozable} took too long (48807ms)
08-11 08:14:10.201   388  2669 E NetlinkEvent: NetlinkEvent::FindParam(): Parameter 'UID' not found
08-11 08:14:10.208  2404  2729 E BatteryStatsService: no controller energy info supplied
08-11 08:15:12.156   388  2669 E NetlinkEvent: NetlinkEvent::FindParam(): Parameter 'UID' not found
08-11 08:15:12.179  2404  2729 E BatteryStatsService: no controller energy info supplied
08-11 08:27:39.958   388  2669 E NetlinkEvent: NetlinkEvent::FindParam(): Parameter 'UID' not found
08-11 08:27:39.963  2404  2729 E BatteryStatsService: no controller energy info supplied
08-11 08:28:02.159   388  2669 E NetlinkEvent: NetlinkEvent::FindParam(): Parameter 'UID' not found
08-11 08:28:02.175  2404  2729 E BatteryStatsService: no controller energy info supplied
08-11 08:31:41.955   388  2669 E NetlinkEvent: NetlinkEvent::FindParam(): Parameter 'UID' not found
08-11 08:31:41.985  2404  2729 E BatteryStatsService: no controller energy info supplied
08-11 08:31:42.012   388  2669 E NetlinkEvent: NetlinkEvent::FindParam(): Parameter 'UID' not found
08-11 08:31:42.013   388  2669 E NetlinkEvent: NetlinkEvent::FindParam(): Parameter 'UID' not found
08-11 08:31:42.019  2404  2729 E BatteryStatsService: no controller energy info supplied
08-11 08:31:42.042  2404  2729 E BatteryStatsService: no controller energy info supplied
08-11 08:32:36.181   388  2669 E NetlinkEvent: NetlinkEvent::FindParam(): Parameter 'UID' not found
08-11 08:32:36.440  2404  2729 E BatteryStatsService: no controller energy info supplied
08-11 08:32:36.440   388  2669 E NetlinkEvent: NetlinkEvent::FindParam(): Parameter 'UID' not found
08-11 08:32:36.519  2404  2729 E BatteryStatsService: no controller energy info supplied
08-11 08:33:44.170   388  2669 E NetlinkEvent: NetlinkEvent::FindParam(): Parameter 'UID' not found
08-11 08:33:44.176  2404  2729 E BatteryStatsService: no controller energy info supplied
08-11 08:43:13.187   388  2669 E NetlinkEvent: NetlinkEvent::FindParam(): Parameter 'UID' not found
08-11 08:43:13.197  2404  2729 E BatteryStatsService: no controller energy info supplied
08-11 08:43:50.176   388  2669 E NetlinkEvent: NetlinkEvent::FindParam(): Parameter 'UID' not found
08-11 08:43:50.183  2404  2729 E BatteryStatsService: no controller energy info supplied
08-11 08:45:50.243  2404  3308 E NetdConnector: NDC Command {8391 firewall enable_chain dozable} took too long (114877ms)
08-11 08:51:56.065   388  2669 E NetlinkEvent: NetlinkEvent::FindParam(): Parameter 'UID' not found
08-11 08:51:56.073  2404  2729 E BatteryStatsService: no controller energy info supplied
08-11 08:52:17.180   388  2669 E NetlinkEvent: NetlinkEvent::FindParam(): Parameter 'UID' not found
08-11 08:52:17.191  2404  2729 E BatteryStatsService: no controller energy info supplied
08-11 08:55:57.184   388  2669 E NetlinkEvent: NetlinkEvent::FindParam(): Parameter 'UID' not found
08-11 08:55:57.201  2404  2729 E BatteryStatsService: no controller energy info supplied
08-11 08:55:57.201   388  2669 E NetlinkEvent: NetlinkEvent::FindParam(): Parameter 'UID' not found
08-11 08:55:57.220   388  2669 E NetlinkEvent: NetlinkEvent::FindParam(): Parameter 'UID' not found
08-11 08:55:57.232  2404  2729 E BatteryStatsService: no controller energy info supplied
08-11 08:55:57.259  2404  2729 E BatteryStatsService: no controller energy info supplied
08-11 08:58:02.187   388  2669 E NetlinkEvent: NetlinkEvent::FindParam(): Parameter 'UID' not found
08-11 08:58:02.203  2404  2729 E BatteryStatsService: no controller energy info supplied
08-11 08:59:04.602  2404  3444 E BatteryStatsService: no controller energy info supplied
08-11 08:59:04.602  2404  3444 E BatteryStatsService: no controller energy info supplied
08-11 08:59:04.631  2404  3444 E BatteryStatsService: modem info is invalid: ModemActivityInfo{ mTimestamp=2484671789 mSleepTimeMs=-1834594801 mIdleTimeMs=1839229177 mTxTimeMs[]=[0, 0, 0, 0, 0] mRxTimeMs=15993 mEnergyUsed=0}
08-11 08:59:05.466   388  2669 E NetlinkEvent: NetlinkEvent::FindParam(): Parameter 'UID' not found
08-11 08:59:05.474  2404  2729 E BatteryStatsService: no controller energy info supplied
08-11 09:01:13.177   388  2669 E NetlinkEvent: NetlinkEvent::FindParam(): Parameter 'UID' not found
08-11 09:01:13.191  2404  2729 E BatteryStatsService: no controller energy info supplied
08-11 09:01:13.226  2404  3308 E NetdConnector: NDC Command {8395 firewall enable_chain dozable} took too long (123813ms)
08-11 09:01:14.247   388  2669 E NetlinkEvent: NetlinkEvent::FindParam(): Parameter 'UID' not found
08-11 09:01:14.265  2404  2729 E BatteryStatsService: no controller energy info supplied
08-11 09:02:09.189   388  2669 E NetlinkEvent: NetlinkEvent::FindParam(): Parameter 'UID' not found
08-11 09:02:09.194  2404  2729 E BatteryStatsService: no controller energy info supplied
08-11 09:03:06.969   388  2669 E NetlinkEvent: NetlinkEvent::FindParam(): Parameter 'UID' not found
08-11 09:03:06.979   388  2669 E NetlinkEvent: NetlinkEvent::FindParam(): Parameter 'UID' not found
08-11 09:03:06.988  2404  2729 E BatteryStatsService: no controller energy info supplied
08-11 09:03:07.016  2404  2729 E BatteryStatsService: no controller energy info supplied
08-11 09:12:16.226   388  2669 E NetlinkEvent: NetlinkEvent::FindParam(): Parameter 'UID' not found
08-11 09:12:16.232  2404  2729 E BatteryStatsService: no controller energy info supplied
08-11 09:15:12.176   388  2669 E NetlinkEvent: NetlinkEvent::FindParam(): Parameter 'UID' not found
08-11 09:15:12.212  2404  2729 E BatteryStatsService: no controller energy info supplied
08-11 09:16:14.228  2404  3308 E NetdConnector: NDC Command {8397 firewall enable_chain dozable} took too long (56817ms)
08-11 09:31:13.892   388  2669 E NetlinkEvent: NetlinkEvent::FindParam(): Parameter 'UID' not found
08-11 09:31:13.900  2404  2729 E BatteryStatsService: no controller energy info supplied
08-11 09:34:15.188   388  2669 E NetlinkEvent: NetlinkEvent::FindParam(): Parameter 'UID' not found
08-11 09:34:15.205  2404  2729 E BatteryStatsService: no controller energy info supplied
08-11 09:34:15.275  2404  3308 E NetdConnector: NDC Command {8401 firewall enable_chain dozable} took too long (176820ms)
08-11 09:34:15.687   388  2669 E NetlinkEvent: NetlinkEvent::FindParam(): Parameter 'UID' not found
08-11 09:34:15.698  2404  2729 E BatteryStatsService: no controller energy info supplied
08-11 09:35:15.295   388  2669 E NetlinkEvent: NetlinkEvent::FindParam(): Parameter 'UID' not found
08-11 09:35:15.304  2404  2729 E BatteryStatsService: no controller energy info supplied
08-11 09:35:15.906   388  2669 E NetlinkEvent: NetlinkEvent::FindParam(): Parameter 'UID' not found
08-11 09:35:15.927  2404  2729 E BatteryStatsService: no controller energy info supplied
08-11 09:37:16.195   388  2669 E NetlinkEvent: NetlinkEvent::FindParam(): Parameter 'UID' not found
08-11 09:37:16.212  2404  2729 E BatteryStatsService: no controller energy info supplied
08-11 09:41:19.240   388  2669 E NetlinkEvent: NetlinkEvent::FindParam(): Parameter 'UID' not found
08-11 09:41:19.246  2404  2729 E BatteryStatsService: no controller energy info supplied
08-11 09:42:20.191   388  2669 E NetlinkEvent: NetlinkEvent::FindParam(): Parameter 'UID' not found
08-11 09:42:20.200  2404  2729 E BatteryStatsService: no controller energy info supplied
08-11 09:52:17.250  2404  3308 E NetdConnector: NDC Command {8405 firewall enable_chain dozable} took too long (179844ms)
08-11 09:55:18.286  2404  2729 E BatteryStatsService: no controller energy info supplied
08-11 09:55:18.286  2404  2729 E BatteryStatsService: no controller energy info supplied
