08-11 23:34:03.740   388  2669 E NetlinkEvent: NetlinkEvent::FindParam(): Parameter 'UID' not found
08-11 23:34:03.754  2404  2729 E BatteryStatsService: no controller energy info supplied
08-11 23:34:04.649   388  2669 E NetlinkEvent: NetlinkEvent::FindParam(): Parameter 'UID' not found
08-11 23:34:04.666  2404  2729 E BatteryStatsService: no controller energy info supplied
08-11 23:38:02.494   388  2669 E NetlinkEvent: NetlinkEvent::FindParam(): Parameter 'UID' not found
08-11 23:38:02.503  2404  2729 E BatteryStatsService: no controller energy info supplied
08-11 23:48:18.553   388  2669 E NetlinkEvent: NetlinkEvent::FindParam(): Parameter 'UID' not found
08-11 23:48:18.557  2404  2729 E BatteryStatsService: no controller energy info supplied
08-11 23:49:19.499   388  2669 E NetlinkEvent: NetlinkEvent::FindParam(): Parameter 'UID' not found
08-11 23:49:19.510  2404  2729 E BatteryStatsService: no controller energy info supplied
08-11 23:58:02.593  2404  3308 E NetdConnector: NDC Command {8559 firewall enable_chain dozable} took too long (444043ms)
08-12 00:00:01.579  2404  3786 W ActivityManager: Permission Denial: opening provider com.android.providers.calendar.CalendarProvider2 from ProcessRecord{406840b 30975:com.qualcomm.qti.calendarwidget/u0a40} (pid=30975, uid=10040) requires android.permission.READ_CALENDAR or android.permission.WRITE_CALENDAR
08-12 00:00:01.583  2404 11160 W ActivityManager: Permission Denial: opening provider com.android.providers.calendar.CalendarProvider2 from ProcessRecord{406840b 30975:com.qualcomm.qti.calendarwidget/u0a40} (pid=30975, uid=10040) requires android.permission.READ_CALENDAR or android.permission.WRITE_CALENDAR
08-12 00:08:02.534  2404  3308 E NetdConnector: NDC Command {8561 firewall enable_chain dozable} took too long (210796ms)
08-12 00:17:20.566   388  2669 E NetlinkEvent: NetlinkEvent::FindParam(): Parameter 'UID' not found
08-12 00:17:20.571  2404  2729 E BatteryStatsService: no controller energy info supplied
08-12 00:18:02.505   388  2669 E NetlinkEvent: NetlinkEvent::FindParam(): Parameter 'UID' not found
08-12 00:18:02.514  2404  2729 E BatteryStatsService: no controller energy info supplied
08-12 00:19:33.321   388  2669 E NetlinkEvent: NetlinkEvent::FindParam(): Parameter 'UID' not found
08-12 00:19:33.326  2404  2729 E BatteryStatsService: no controller energy info supplied
08-12 00:23:34.390   388  2669 E NetlinkEvent: NetlinkEvent::FindParam(): Parameter 'UID' not found
08-12 00:23:34.403  2404  2729 E BatteryStatsService: no controller energy info supplied
08-12 00:23:34.468  2404  3308 E NetdConnector: NDC Command {8565 firewall enable_chain dozable} took too long (236721ms)
08-12 00:23:35.009   388  2669 E NetlinkEvent: NetlinkEvent::FindParam(): Parameter 'UID' not found
08-12 00:23:35.018  2404  2729 E BatteryStatsService: no controller energy info supplied
08-12 00:28:01.516   388  2669 E NetlinkEvent: NetlinkEvent::FindParam(): Parameter 'UID' not found
08-12 00:28:01.529  2404  2729 E BatteryStatsService: no controller energy info supplied
08-12 00:28:01.591   388  2669 E NetlinkEvent: NetlinkEvent::FindParam(): Parameter 'UID' not found
08-12 00:28:01.597  2404  2729 E BatteryStatsService: no controller energy info supplied
08-12 00:32:16.517   388  2669 E NetlinkEvent: NetlinkEvent::FindParam(): Parameter 'UID' not found
08-12 00:32:16.526  2404  2729 E BatteryStatsService: no controller energy info supplied
08-12 00:32:16.596  2404  2729 E BatteryStatsService: no controller energy info supplied
08-12 00:32:16.598  2404  2729 E BatteryStatsService: no controller energy info supplied
08-12 00:32:16.630  2404  2729 E BatteryStatsService: modem info is invalid: ModemActivityInfo{ mTimestamp=2540663790 mSleepTimeMs=-1778853585 mIdleTimeMs=1782577922 mTxTimeMs[]=[0, 0, 0, 0, 0] mRxTimeMs=11606 mEnergyUsed=0}
08-12 00:32:48.774   388  2669 E NetlinkEvent: NetlinkEvent::FindParam(): Parameter 'UID' not found
08-12 00:32:48.788  2404  2729 E BatteryStatsService: no controller energy info supplied
08-12 00:34:38.519   388  2669 E NetlinkEvent: NetlinkEvent::FindParam(): Parameter 'UID' not found
08-12 00:34:38.542  2404  2729 E BatteryStatsService: no controller energy info supplied
08-12 00:38:02.586  2404  3308 E NetdConnector: NDC Command {8567 firewall enable_chain dozable} took too long (198838ms)
08-12 00:46:23.570   388  2669 E NetlinkEvent: NetlinkEvent::FindParam(): Parameter 'UID' not found
08-12 00:46:23.586  2404  2729 E BatteryStatsService: no controller energy info supplied
08-12 00:47:17.513   388  2669 E NetlinkEvent: NetlinkEvent::FindParam(): Parameter 'UID' not found
08-12 00:47:17.528  2404  2729 E BatteryStatsService: no controller energy info supplied
08-12 00:58:02.566  2404  3308 E NetdConnector: NDC Command {8571 firewall enable_chain dozable} took too long (217827ms)
08-12 01:15:26.587   388  2669 E NetlinkEvent: NetlinkEvent::FindParam(): Parameter 'UID' not found
08-12 01:15:26.601  2404  2729 E BatteryStatsService: no controller energy info supplied
08-12 01:16:27.533   388  2669 E NetlinkEvent: NetlinkEvent::FindParam(): Parameter 'UID' not found
08-12 01:16:27.549  2404  2729 E BatteryStatsService: no controller energy info supplied
08-12 01:17:19.615  2404  3308 E NetdConnector: NDC Command {8573 firewall enable_chain dozable} took too long (46810ms)
08-12 01:31:34.118   388  2669 E NetlinkEvent: NetlinkEvent::FindParam(): Parameter 'UID' not found
08-12 01:31:34.121  2404  2729 E BatteryStatsService: no controller energy info supplied
08-12 01:31:34.281  2404  9273 E BatteryStatsService: no controller energy info supplied
08-12 01:31:34.281  2404  9273 E BatteryStatsService: no controller energy info supplied
08-12 01:31:34.318  2404  9273 E BatteryStatsService: modem info is invalid: ModemActivityInfo{ mTimestamp=2544221471 mSleepTimeMs=-1775309137 mIdleTimeMs=1778856003 mTxTimeMs[]=[0, 0, 0, 0, 0] mRxTimeMs=10815 mEnergyUsed=0}
08-12 01:32:20.538   388  2669 E NetlinkEvent: NetlinkEvent::FindParam(): Parameter 'UID' not found
08-12 01:32:20.551  2404  2729 E BatteryStatsService: no controller energy info supplied
08-12 01:32:21.033   388  2669 E NetlinkEvent: NetlinkEvent::FindParam(): Parameter 'UID' not found
08-12 01:32:21.044  2404  2729 E BatteryStatsService: no controller energy info supplied
08-12 01:35:35.545   388  2669 E NetlinkEvent: NetlinkEvent::FindParam(): Parameter 'UID' not found
08-12 01:35:35.569  2404  2729 E BatteryStatsService: no controller energy info supplied
08-12 01:35:36.145   388  2669 E NetlinkEvent: NetlinkEvent::FindParam(): Parameter 'UID' not found
08-12 01:35:36.176  2404  2729 E BatteryStatsService: no controller energy info supplied
08-12 01:38:01.538   388  2669 E NetlinkEvent: NetlinkEvent::FindParam(): Parameter 'UID' not found
08-12 01:38:01.552  2404  2729 E BatteryStatsService: no controller energy info supplied
08-12 01:44:29.592   388  2669 E NetlinkEvent: NetlinkEvent::FindParam(): Parameter 'UID' not found
08-12 01:44:29.601  2404  2729 E BatteryStatsService: no controller energy info supplied
08-12 01:47:21.541   388  2669 E NetlinkEvent: NetlinkEvent::FindParam(): Parameter 'UID' not found
08-12 01:47:21.555  2404  2729 E BatteryStatsService: no controller energy info supplied
08-12 01:48:54.689  2404  2708 W ProcessCpuTracker: Skipping unknown process pid 3751
08-12 01:58:02.606  2404  3308 E NetdConnector: NDC Command {8581 firewall enable_chain dozable} took too long (542838ms)
08-12 02:12:35.466   388  2669 E NetlinkEvent: NetlinkEvent::FindParam(): Parameter 'UID' not found
08-12 02:12:35.472  2404  2729 E BatteryStatsService: no controller energy info supplied
08-12 02:13:32.541   388  2669 E NetlinkEvent: NetlinkEvent::FindParam(): Parameter 'UID' not found
08-12 02:13:32.551  2404  2729 E BatteryStatsService: no controller energy info supplied
08-12 02:13:32.585   388  2669 E NetlinkEvent: NetlinkEvent::FindParam(): Parameter 'UID' not found
08-12 02:13:32.593  2404  2729 E BatteryStatsService: no controller energy info supplied
08-12 02:13:32.616  2404  3308 E NetdConnector: NDC Command {8583 firewall enable_chain dozable} took too long (52852ms)
08-12 02:16:36.859   388  2669 E NetlinkEvent: NetlinkEvent::FindParam(): Parameter 'UID' not found
08-12 02:16:36.866  2404  2729 E BatteryStatsService: no controller energy info supplied
08-12 02:16:36.894   388  2669 E NetlinkEvent: NetlinkEvent::FindParam(): Parameter 'UID' not found
08-12 02:16:36.905  2404  2729 E BatteryStatsService: no controller energy info supplied
08-12 02:17:23.553   388  2669 E NetlinkEvent: NetlinkEvent::FindParam(): Parameter 'UID' not found
08-12 02:17:23.571  2404  2729 E BatteryStatsService: no controller energy info supplied
08-12 02:28:02.599  2404  3308 E NetdConnector: NDC Command {8587 firewall enable_chain dozable} took too long (16786ms)
08-12 02:32:50.806   388  2669 E NetlinkEvent: NetlinkEvent::FindParam(): Parameter 'UID' not found
08-12 02:32:50.816  2404  2729 E BatteryStatsService: no controller energy info supplied
08-12 02:38:02.579   388  2669 E NetlinkEvent: NetlinkEvent::FindParam(): Parameter 'UID' not found
08-12 02:38:02.590  2404  2729 E BatteryStatsService: no controller energy info supplied
08-12 02:42:36.610   388  2669 E NetlinkEvent: NetlinkEvent::FindParam(): Parameter 'UID' not found
08-12 02:42:36.617  2404  2729 E BatteryStatsService: no controller energy info supplied
08-12 02:43:37.563   388  2669 E NetlinkEvent: NetlinkEvent::FindParam(): Parameter 'UID' not found
08-12 02:43:37.572  2404  2729 E BatteryStatsService: no controller energy info supplied
08-12 02:43:38.679   388  2669 E NetlinkEvent: NetlinkEvent::FindParam(): Parameter 'UID' not found
08-12 02:43:38.684  2404  2729 E BatteryStatsService: no controller energy info supplied
08-12 02:47:25.554   388  2669 E NetlinkEvent: NetlinkEvent::FindParam(): Parameter 'UID' not found
08-12 02:47:25.564  2404  2729 E BatteryStatsService: no controller energy info supplied
08-12 02:47:25.636  2404  3308 E NetdConnector: NDC Command {8589 firewall enable_chain dozable} took too long (222799ms)
08-12 02:47:26.418   388  2669 E NetlinkEvent: NetlinkEvent::FindParam(): Parameter 'UID' not found
08-12 02:47:26.433  2404  2729 E BatteryStatsService: no controller energy info supplied
08-12 02:48:02.558   388  2669 E NetlinkEvent: NetlinkEvent::FindParam(): Parameter 'UID' not found
08-12 02:48:02.574  2404  2729 E BatteryStatsService: no controller energy info supplied
08-12 03:02:26.617  2404  3308 E NetdConnector: NDC Command {8593 firewall enable_chain dozable} took too long (188844ms)
08-12 03:11:40.623   388  2669 E NetlinkEvent: NetlinkEvent::FindParam(): Parameter 'UID' not found
08-12 03:11:40.628  2404  2729 E BatteryStatsService: no controller energy info supplied
08-12 03:17:27.582   388  2669 E NetlinkEvent: NetlinkEvent::FindParam(): Parameter 'UID' not found
08-12 03:17:27.593  2404  2729 E BatteryStatsService: no controller energy info supplied
08-12 03:18:54.618  2404  3293 I ActivityManager: Start proc 3954:com.android.vending/u0a29 for service com.android.vending/com.google.android.finsky.scheduler.AlarmEngineService
08-12 03:18:55.218   388  2669 E NetlinkEvent: NetlinkEvent::FindParam(): Parameter 'UID' not found
08-12 03:18:55.223  2404  2729 E BatteryStatsService: no controller energy info supplied
08-12 03:18:55.266  2404  4206 V KeyValueBackupJob: Scheduling k/v pass in 246 minutes
08-12 03:19:26.568   388  2669 E NetlinkEvent: NetlinkEvent::FindParam(): Parameter 'UID' not found
08-12 03:19:26.584  2404  2729 E BatteryStatsService: no controller energy info supplied
08-12 03:19:26.639  2404  3308 E NetdConnector: NDC Command {8597 firewall enable_chain dozable} took too long (26830ms)
08-12 03:22:56.081   388  2669 E NetlinkEvent: NetlinkEvent::FindParam(): Parameter 'UID' not found
08-12 03:22:56.083   388  2669 E NetlinkEvent: NetlinkEvent::FindParam(): Parameter 'UID' not found
08-12 03:22:56.093  2404  2729 E BatteryStatsService: no controller energy info supplied
08-12 03:22:56.122  2404  2729 E BatteryStatsService: no controller energy info supplied
08-12 03:22:56.384   388  2669 E NetlinkEvent: NetlinkEvent::FindParam(): Parameter 'UID' not found
08-12 03:22:56.396  2404  2729 E BatteryStatsService: no controller energy info supplied
08-12 03:28:02.574   388  2669 E NetlinkEvent: NetlinkEvent::FindParam(): Parameter 'UID' not found
08-12 03:28:02.591  2404  2729 E BatteryStatsService: no controller energy info supplied
08-12 03:28:02.678  2404  2729 E BatteryStatsService: no controller energy info supplied
08-12 03:28:02.678  2404  2729 E BatteryStatsService: no controller energy info supplied
08-12 03:32:28.573  2404  2729 E BatteryStatsService: modem info is invalid: ModemActivityInfo{ mTimestamp=2551209926 mSleepTimeMs=-1768347673 mIdleTimeMs=1775313884 mTxTimeMs[]=[0, 0, 0, 0, 0] mRxTimeMs=22244 mEnergyUsed=0}
08-12 03:40:44.628   388  2669 E NetlinkEvent: NetlinkEvent::FindParam(): Parameter 'UID' not found
08-12 03:40:44.632  2404  2729 E BatteryStatsService: no controller energy info supplied
08-12 03:41:45.592   388  2669 E NetlinkEvent: NetlinkEvent::FindParam(): Parameter 'UID' not found
08-12 03:41:45.598  2404  2729 E BatteryStatsService: no controller energy info supplied
08-12 03:41:46.000  2404  4333 E BatteryStatsService: no controller energy info supplied
08-12 03:41:46.000  2404  4333 E BatteryStatsService: no controller energy info supplied
08-12 03:41:46.028  2404  4333 E BatteryStatsService: modem info is invalid: ModemActivityInfo{ mTimestamp=2552033188 mSleepTimeMs=-1767527453 mIdleTimeMs=1768348225 mTxTimeMs[]=[0, 0, 0, 0, 0] mRxTimeMs=2489 mEnergyUsed=0}
08-12 03:47:29.648  2404  3308 E NetdConnector: NDC Command {8599 firewall enable_chain dozable} took too long (338780ms)
08-12 03:58:02.637  2404  3308 E NetdConnector: NDC Command {8603 firewall enable_chain dozable} took too long (65783ms)
08-12 04:09:49.635   388  2669 E NetlinkEvent: NetlinkEvent::FindParam(): Parameter 'UID' not found
08-12 04:09:49.641  2404  2729 E BatteryStatsService: no controller energy info supplied
08-12 04:17:31.607   388  2669 E NetlinkEvent: NetlinkEvent::FindParam(): Parameter 'UID' not found
08-12 04:17:31.620  2404  2729 E BatteryStatsService: no controller energy info supplied
08-12 04:18:54.734  2404  2708 W ProcessCpuTracker: Skipping unknown process pid 4129
08-12 04:18:59.749  2404  2708 I ActivityManager: Killing 22331:com.google.android.apps.photos/u0a92 (adj 906): empty #17
08-12 04:18:59.814  2404  2708 W ProcessCpuTracker: Skipping unknown process pid 4134
08-12 04:18:59.855  2404  2477 D ActivityManager: cleanUpApplicationRecord -- 22331
08-12 04:32:52.841   388  2669 E NetlinkEvent: NetlinkEvent::FindParam(): Parameter 'UID' not found
08-12 04:32:52.848  2404  2729 E BatteryStatsService: no controller energy info supplied
08-12 04:34:31.592   388  2669 E NetlinkEvent: NetlinkEvent::FindParam(): Parameter 'UID' not found
08-12 04:34:31.599  2404  2729 E BatteryStatsService: no controller energy info supplied
08-12 04:34:32.372   388  2669 E NetlinkEvent: NetlinkEvent::FindParam(): Parameter 'UID' not found
08-12 04:34:32.378  2404  2729 E BatteryStatsService: no controller energy info supplied
08-12 04:38:02.597   388  2669 E NetlinkEvent: NetlinkEvent::FindParam(): Parameter 'UID' not found
08-12 04:38:02.616  2404  2729 E BatteryStatsService: no controller energy info supplied
08-12 04:38:02.693  2404  3308 E NetdConnector: NDC Command {8609 firewall enable_chain dozable} took too long (205840ms)
08-12 04:38:33.493   388  2669 E NetlinkEvent: NetlinkEvent::FindParam(): Parameter 'UID' not found
08-12 04:38:33.527   388  2669 E NetlinkEvent: NetlinkEvent::FindParam(): Parameter 'UID' not found
08-12 04:38:33.532  2404  2729 E BatteryStatsService: no controller energy info supplied
08-12 04:38:54.609   388  2669 E NetlinkEvent: NetlinkEvent::FindParam(): Parameter 'UID' not found
08-12 04:38:54.615  2404  2729 E BatteryStatsService: no controller energy info supplied
08-12 04:38:54.665   388  2669 E NetlinkEvent: NetlinkEvent::FindParam(): Parameter 'UID' not found
08-12 04:38:54.675  2404  2729 E BatteryStatsService: no controller energy info supplied
08-12 04:47:33.605   388  2669 E NetlinkEvent: NetlinkEvent::FindParam(): Parameter 'UID' not found
08-12 04:47:33.612  2404  2729 E BatteryStatsService: no controller energy info supplied
08-12 05:02:34.650  2404  3308 E NetdConnector: NDC Command {8613 firewall enable_chain dozable} took too long (194841ms)
08-12 05:07:56.667   388  2669 E NetlinkEvent: NetlinkEvent::FindParam(): Parameter 'UID' not found
08-12 05:07:56.673  2404  2729 E BatteryStatsService: no controller energy info supplied
08-12 05:17:35.615   388  2669 E NetlinkEvent: NetlinkEvent::FindParam(): Parameter 'UID' not found
08-12 05:17:35.623  2404  2729 E BatteryStatsService: no controller energy info supplied
08-12 05:28:02.664  2404  3308 E NetdConnector: NDC Command {8617 firewall enable_chain dozable} took too long (542783ms)
08-12 05:37:01.665   388  2669 E NetlinkEvent: NetlinkEvent::FindParam(): Parameter 'UID' not found
08-12 05:37:01.670  2404  2729 E BatteryStatsService: no controller energy info supplied
08-12 05:37:01.718  2404  3308 E NetdConnector: NDC Command {8619 firewall enable_chain dozable} took too long (174854ms)
08-12 05:38:02.618   388  2669 E NetlinkEvent: NetlinkEvent::FindParam(): Parameter 'UID' not found
08-12 05:38:02.630  2404  2729 E BatteryStatsService: no controller energy info supplied
08-12 05:49:08.072  2404  4284 E BatteryStatsService: no controller energy info supplied
08-12 05:49:08.074  2404  4284 E BatteryStatsService: no controller energy info supplied
08-12 05:49:08.103  2404  4284 E BatteryStatsService: modem info is invalid: ModemActivityInfo{ mTimestamp=2559675260 mSleepTimeMs=-1759913907 mIdleTimeMs=1767532563 mTxTimeMs[]=[0, 0, 0, 0, 0] mRxTimeMs=23418 mEnergyUsed=0}
08-12 05:49:08.514   388  2669 E NetlinkEvent: NetlinkEvent::FindParam(): Parameter 'UID' not found
08-12 05:49:08.519  2404  2729 E BatteryStatsService: no controller energy info supplied
08-12 05:53:09.777   388  2669 E NetlinkEvent: NetlinkEvent::FindParam(): Parameter 'UID' not found
08-12 05:53:09.783  2404  2729 E BatteryStatsService: no controller energy info supplied
08-12 05:53:09.820  2404  3308 E NetdConnector: NDC Command {8623 firewall enable_chain dozable} took too long (236976ms)
08-12 05:53:10.394   388  2669 E NetlinkEvent: NetlinkEvent::FindParam(): Parameter 'UID' not found
08-12 05:53:10.400  2404  2729 E BatteryStatsService: no controller energy info supplied
08-12 05:58:02.626   388  2669 E NetlinkEvent: NetlinkEvent::FindParam(): Parameter 'UID' not found
08-12 05:58:02.632  2404  2729 E BatteryStatsService: no controller energy info supplied
08-12 05:58:02.805   388  2669 E NetlinkEvent: NetlinkEvent::FindParam(): Parameter 'UID' not found
08-12 05:58:02.813  2404  2729 E BatteryStatsService: no controller energy info supplied
08-12 06:02:38.624   388  2669 E NetlinkEvent: NetlinkEvent::FindParam(): Parameter 'UID' not found
08-12 06:02:38.641  2404  2729 E BatteryStatsService: no controller energy info supplied
08-12 06:02:38.739  2404  2729 E BatteryStatsService: no controller energy info supplied
08-12 06:02:38.739  2404  2729 E BatteryStatsService: no controller energy info supplied
08-12 06:02:38.773  2404  2729 E BatteryStatsService: modem info is invalid: ModemActivityInfo{ mTimestamp=2560485932 mSleepTimeMs=-1759106274 mIdleTimeMs=1759914487 mTxTimeMs[]=[0, 0, 0, 0, 0] mRxTimeMs=2458 mEnergyUsed=0}
08-12 06:06:06.681   388  2669 E NetlinkEvent: NetlinkEvent::FindParam(): Parameter 'UID' not found
08-12 06:06:06.688  2404  2729 E BatteryStatsService: no controller energy info supplied
08-12 06:07:07.639   388  2669 E NetlinkEvent: NetlinkEvent::FindParam(): Parameter 'UID' not found
08-12 06:07:07.646  2404  2729 E BatteryStatsService: no controller energy info supplied
08-12 06:08:02.680  2404  3308 E NetdConnector: NDC Command {8625 firewall enable_chain dozable} took too long (49775ms)
08-12 06:22:14.278   388  2669 E NetlinkEvent: NetlinkEvent::FindParam(): Parameter 'UID' not found
08-12 06:22:14.283  2404  2729 E BatteryStatsService: no controller energy info supplied
08-12 06:25:06.642   388  2669 E NetlinkEvent: NetlinkEvent::FindParam(): Parameter 'UID' not found
08-12 06:25:06.651  2404  2729 E BatteryStatsService: no controller energy info supplied
08-12 06:25:06.728  2404  3308 E NetdConnector: NDC Command {8629 firewall enable_chain dozable} took too long (167857ms)
08-12 06:26:15.545   388  2669 E NetlinkEvent: NetlinkEvent::FindParam(): Parameter 'UID' not found
08-12 06:26:16.162   388  2669 E NetlinkEvent: NetlinkEvent::FindParam(): Parameter 'UID' not found
08-12 06:26:16.188  2404  2729 E BatteryStatsService: no controller energy info supplied
08-12 06:28:01.643   388  2669 E NetlinkEvent: NetlinkEvent::FindParam(): Parameter 'UID' not found
08-12 06:28:01.654  2404  2729 E BatteryStatsService: no controller energy info supplied
08-12 06:32:54.888   388  2669 E NetlinkEvent: NetlinkEvent::FindParam(): Parameter 'UID' not found
08-12 06:32:54.892  2404  2729 E BatteryStatsService: no controller energy info supplied
08-12 06:35:11.651   388  2669 E NetlinkEvent: NetlinkEvent::FindParam(): Parameter 'UID' not found
08-12 06:35:11.664  2404  2729 E BatteryStatsService: no controller energy info supplied
08-12 06:35:11.702   388  2669 E NetlinkEvent: NetlinkEvent::FindParam(): Parameter 'UID' not found
08-12 06:35:11.712  2404  2729 E BatteryStatsService: no controller energy info supplied
08-12 06:38:02.649   388  2669 E NetlinkEvent: NetlinkEvent::FindParam(): Parameter 'UID' not found
08-12 06:38:02.661  2404  2729 E BatteryStatsService: no controller energy info supplied
08-12 06:53:14.738  2404  3308 E NetdConnector: NDC Command {8633 firewall enable_chain dozable} took too long (280830ms)
08-12 07:00:01.714  2404  2404 D ConditionProviders.SCP: onReceive ScheduleConditionProvider.EVALUATE
08-12 07:00:01.714  2404  2404 D ConditionProviders.SCP: notifyCondition condition://android/schedule?days=6.7&start=23.30&end=10.0&exitAtAlarm=false STATE_TRUE reason=meetsSchedule
08-12 07:00:01.715  2404  2404 D ConditionProviders.SCP: notifyCondition condition://android/schedule?days=1.2.3.4.5&start=22.0&end=7.0&exitAtAlarm=false STATE_FALSE reason=!meetsSchedule
08-12 07:00:01.718  2404  2404 D ConditionProviders.SCP: Scheduling evaluate for Sun Aug 12 22:00:00 GMT+09:00 2018 (1534078800000), in +14h59m58s286ms, now=Sun Aug 12 07:00:01 GMT+09:00 2018 (1534024801714)
08-12 07:04:17.713   388  2669 E NetlinkEvent: NetlinkEvent::FindParam(): Parameter 'UID' not found
08-12 07:04:17.721  2404  2729 E BatteryStatsService: no controller energy info supplied
08-12 07:05:18.639   388  2669 E NetlinkEvent: NetlinkEvent::FindParam(): Parameter 'UID' not found
08-12 07:05:18.651  2404  2729 E BatteryStatsService: no controller energy info supplied
08-12 07:05:19.838   388  2669 E NetlinkEvent: NetlinkEvent::FindParam(): Parameter 'UID' not found
08-12 07:05:19.844  2404  2729 E BatteryStatsService: no controller energy info supplied
08-12 07:08:02.654   388  2669 E NetlinkEvent: NetlinkEvent::FindParam(): Parameter 'UID' not found
08-12 07:08:02.664  2404  2729 E BatteryStatsService: no controller energy info supplied
08-12 07:08:02.718  2404  3308 E NetdConnector: NDC Command {8635 firewall enable_chain dozable} took too long (158845ms)
08-12 07:09:19.319   388  2669 E NetlinkEvent: NetlinkEvent::FindParam(): Parameter 'UID' not found
08-12 07:09:19.324  2404  2729 E BatteryStatsService: no controller energy info supplied
08-12 07:12:19.653   388  2669 E NetlinkEvent: NetlinkEvent::FindParam(): Parameter 'UID' not found
08-12 07:12:19.657  2404  2729 E BatteryStatsService: no controller energy info supplied
08-12 07:15:21.211   388  2669 E NetlinkEvent: NetlinkEvent::FindParam(): Parameter 'UID' not found
08-12 07:15:21.216  2404  2729 E BatteryStatsService: no controller energy info supplied
08-12 07:17:43.645   388  2669 E NetlinkEvent: NetlinkEvent::FindParam(): Parameter 'UID' not found
08-12 07:17:43.658  2404  2729 E BatteryStatsService: no controller energy info supplied
08-12 07:25:54.221   388  2669 E NetlinkEvent: NetlinkEvent::FindParam(): Parameter 'UID' not found
08-12 07:25:54.228  2404  2729 E BatteryStatsService: no controller energy info supplied
08-12 07:27:26.657   388  2669 E NetlinkEvent: NetlinkEvent::FindParam(): Parameter 'UID' not found
08-12 07:27:26.672  2404  2729 E BatteryStatsService: no controller energy info supplied
08-12 07:27:26.703  2404  3308 E NetdConnector: NDC Command {8639 firewall enable_chain dozable} took too long (87830ms)
08-12 07:29:55.944   388  2669 E NetlinkEvent: NetlinkEvent::FindParam(): Parameter 'UID' not found
08-12 07:29:55.952   388  2669 E NetlinkEvent: NetlinkEvent::FindParam(): Parameter 'UID' not found
08-12 07:29:55.971  2404  2729 E BatteryStatsService: no controller energy info supplied
08-12 07:29:55.980   388  2669 E NetlinkEvent: NetlinkEvent::FindParam(): Parameter 'UID' not found
08-12 07:29:55.998  2404  2729 E BatteryStatsService: no controller energy info supplied
08-12 07:29:56.024  2404  2729 E BatteryStatsService: no controller energy info supplied
08-12 07:30:28.658   388  2669 E NetlinkEvent: NetlinkEvent::FindParam(): Parameter 'UID' not found
08-12 07:30:28.690  2404  2729 E BatteryStatsService: no controller energy info supplied
08-12 07:30:28.786   388  2669 E NetlinkEvent: NetlinkEvent::FindParam(): Parameter 'UID' not found
08-12 07:30:28.791  2404  2729 E BatteryStatsService: no controller energy info supplied
08-12 07:32:44.656   388  2669 E NetlinkEvent: NetlinkEvent::FindParam(): Parameter 'UID' not found
08-12 07:32:44.662  2404  2729 E BatteryStatsService: no controller energy info supplied
08-12 07:33:24.712   388  2669 E NetlinkEvent: NetlinkEvent::FindParam(): Parameter 'UID' not found
08-12 07:33:24.718  2404  2729 E BatteryStatsService: no controller energy info supplied
08-12 07:34:25.668   388  2669 E NetlinkEvent: NetlinkEvent::FindParam(): Parameter 'UID' not found
08-12 07:34:25.684  2404  2729 E BatteryStatsService: no controller energy info supplied
08-12 07:49:33.119  2404  4332 E BatteryStatsService: no controller energy info supplied
08-12 07:49:33.120  2404  4332 E BatteryStatsService: no controller energy info supplied
08-12 07:49:33.149  2404  4332 E BatteryStatsService: modem info is invalid: ModemActivityInfo{ mTimestamp=2566900307 mSleepTimeMs=-1752725940 mIdleTimeMs=1759120671 mTxTimeMs[]=[0, 0, 0, 0, 0] mRxTimeMs=19645 mEnergyUsed=0}
08-12 07:52:34.733  2404  3308 E NetdConnector: NDC Command {8643 firewall enable_chain dozable} took too long (176850ms)
08-12 08:02:31.679   388  2669 E NetlinkEvent: NetlinkEvent::FindParam(): Parameter 'UID' not found
08-12 08:02:31.686  2404  2729 E BatteryStatsService: no controller energy info supplied
08-12 08:02:46.683   388  2669 E NetlinkEvent: NetlinkEvent::FindParam(): Parameter 'UID' not found
08-12 08:02:46.696  2404  2729 E BatteryStatsService: no controller energy info supplied
08-12 08:08:02.711  2404  3308 E NetdConnector: NDC Command {8645 firewall enable_chain dozable} took too long (156839ms)
08-12 08:27:26.759  2404  2729 E BatteryStatsService: no controller energy info supplied
08-12 08:27:26.760  2404  2729 E BatteryStatsService: no controller energy info supplied
08-12 08:27:26.799  2404  2729 E BatteryStatsService: modem info is invalid: ModemActivityInfo{ mTimestamp=2569173954 mSleepTimeMs=-1750461822 mIdleTimeMs=1752727496 mTxTimeMs[]=[0, 0, 0, 0, 0] mRxTimeMs=7973 mEnergyUsed=0}
08-12 08:27:27.183   388  2669 E NetlinkEvent: NetlinkEvent::FindParam(): Parameter 'UID' not found
08-12 08:27:27.188  2404  2729 E BatteryStatsService: no controller energy info supplied
08-12 08:27:31.816  2404  2708 W ProcessCpuTracker: Skipping unknown process pid 4776
08-12 08:27:46.377   388  2669 E NetlinkEvent: NetlinkEvent::FindParam(): Parameter 'UID' not found
08-12 08:27:46.385  2404  2729 E BatteryStatsService: no controller energy info supplied
08-12 08:31:28.547   388  2669 E NetlinkEvent: NetlinkEvent::FindParam(): Parameter 'UID' not found
08-12 08:31:28.557  2404  2729 E BatteryStatsService: no controller energy info supplied
08-12 08:32:48.698   388  2669 E NetlinkEvent: NetlinkEvent::FindParam(): Parameter 'UID' not found
08-12 08:32:48.711  2404  2729 E BatteryStatsService: no controller energy info supplied
08-12 08:32:56.955   388  2669 E NetlinkEvent: NetlinkEvent::FindParam(): Parameter 'UID' not found
08-12 08:32:56.967  2404  2729 E BatteryStatsService: no controller energy info supplied
08-12 08:33:57.691   388  2669 E NetlinkEvent: NetlinkEvent::FindParam(): Parameter 'UID' not found
08-12 08:33:57.706  2404  2729 E BatteryStatsService: no controller energy info supplied
08-12 08:52:06.802  2404  3308 E NetdConnector: NDC Command {8653 firewall enable_chain dozable} took too long (176872ms)
08-12 09:00:49.741   388  2669 E NetlinkEvent: NetlinkEvent::FindParam(): Parameter 'UID' not found
08-12 09:00:49.747  2404  2729 E BatteryStatsService: no controller energy info supplied
08-12 09:01:50.694   388  2669 E NetlinkEvent: NetlinkEvent::FindParam(): Parameter 'UID' not found
08-12 09:01:50.706  2404  2729 E BatteryStatsService: no controller energy info supplied
08-12 09:05:47.800  2404  2708 W ProcessCpuTracker: Skipping unknown process pid 4885
08-12 09:08:02.739  2404  3308 E NetdConnector: NDC Command {8655 firewall enable_chain dozable} took too long (129814ms)
08-12 09:21:02.048   388  2669 E NetlinkEvent: NetlinkEvent::FindParam(): Parameter 'UID' not found
08-12 09:21:02.053  2404  2729 E BatteryStatsService: no controller energy info supplied
08-12 09:21:27.233   388  2669 E NetlinkEvent: NetlinkEvent::FindParam(): Parameter 'UID' not found
08-12 09:21:27.247  2404  2729 E BatteryStatsService: no controller energy info supplied
08-12 09:24:05.721  2404  2708 W ProcessCpuTracker: Skipping unknown process pid 4978
08-12 09:25:03.131   388  2669 E NetlinkEvent: NetlinkEvent::FindParam(): Parameter 'UID' not found
08-12 09:25:03.142  2404  2729 E BatteryStatsService: no controller energy info supplied
08-12 09:25:03.142   388  2669 E NetlinkEvent: NetlinkEvent::FindParam(): Parameter 'UID' not found
08-12 09:25:03.167  2404  2729 E BatteryStatsService: no controller energy info supplied
08-12 09:25:03.168   388  2669 E NetlinkEvent: NetlinkEvent::FindParam(): Parameter 'UID' not found
08-12 09:25:03.189  2404  2729 E BatteryStatsService: no controller energy info supplied
08-12 09:27:07.706   388  2669 E NetlinkEvent: NetlinkEvent::FindParam(): Parameter 'UID' not found
08-12 09:27:07.723  2404  2729 E BatteryStatsService: no controller energy info supplied
08-12 09:30:00.762   388  2669 E NetlinkEvent: NetlinkEvent::FindParam(): Parameter 'UID' not found
08-12 09:30:00.771  2404  2729 E BatteryStatsService: no controller energy info supplied
08-12 09:32:52.716   388  2669 E NetlinkEvent: NetlinkEvent::FindParam(): Parameter 'UID' not found
08-12 09:32:52.737  2404  2729 E BatteryStatsService: no controller energy info supplied
08-12 09:36:06.283   388  2669 E NetlinkEvent: NetlinkEvent::FindParam(): Parameter 'UID' not found
08-12 09:36:06.287  2404  2729 E BatteryStatsService: no controller energy info supplied
08-12 09:38:02.705   388  2669 E NetlinkEvent: NetlinkEvent::FindParam(): Parameter 'UID' not found
08-12 09:38:02.719  2404  2729 E BatteryStatsService: no controller energy info supplied
08-12 09:38:02.732  2404  3308 E NetdConnector: NDC Command {8661 firewall enable_chain dozable} took too long (111794ms)
08-12 09:40:07.229   388  2669 E NetlinkEvent: NetlinkEvent::FindParam(): Parameter 'UID' not found
08-12 09:40:07.238  2404  2729 E BatteryStatsService: no controller energy info supplied
08-12 09:40:07.242   388  2669 E NetlinkEvent: NetlinkEvent::FindParam(): Parameter 'UID' not found
08-12 09:40:07.271  2404  2729 E BatteryStatsService: no controller energy info supplied
08-12 09:40:07.312   388  2669 E NetlinkEvent: NetlinkEvent::FindParam(): Parameter 'UID' not found
08-12 09:40:07.317  2404  2729 E BatteryStatsService: no controller energy info supplied
08-12 09:42:11.716   388  2669 E NetlinkEvent: NetlinkEvent::FindParam(): Parameter 'UID' not found
08-12 09:42:11.727  2404  2729 E BatteryStatsService: no controller energy info supplied
08-12 09:59:12.723   388  2669 E NetlinkEvent: NetlinkEvent::FindParam(): Parameter 'UID' not found
08-12 09:59:12.728  2404  2729 E BatteryStatsService: no controller energy info supplied
08-12 10:00:01.717   388  2669 E NetlinkEvent: NetlinkEvent::FindParam(): Parameter 'UID' not found
08-12 10:00:01.725  2404  2729 E BatteryStatsService: no controller energy info supplied
08-12 10:00:02.160  2404  9271 E BatteryStatsService: no controller energy info supplied
08-12 10:00:02.160  2404  9271 E BatteryStatsService: no controller energy info supplied
08-12 10:00:02.192  2404  9271 E BatteryStatsService: modem info is invalid: ModemActivityInfo{ mTimestamp=2574729349 mSleepTimeMs=-1744968133 mIdleTimeMs=1750506273 mTxTimeMs[]=[0, 0, 0, 0, 0] mRxTimeMs=17254 mEnergyUsed=0}
08-12 10:00:06.885  2404  2703 I UsageStatsService: User[0] Flushing usage stats to disk
08-12 10:02:54.747  2404  2708 W ProcessCpuTracker: Skipping unknown process pid 5081
08-12 10:02:54.798  2404  3308 E NetdConnector: NDC Command {8665 firewall enable_chain dozable} took too long (167813ms)
08-12 10:23:57.772  2404  3308 E NetdConnector: NDC Command {8669 firewall enable_chain dozable} took too long (179776ms)
08-12 10:28:25.778   388  2669 E NetlinkEvent: NetlinkEvent::FindParam(): Parameter 'UID' not found
08-12 10:28:25.787  2404  2729 E BatteryStatsService: no controller energy info supplied
08-12 10:30:00.732   388  2669 E NetlinkEvent: NetlinkEvent::FindParam(): Parameter 'UID' not found
08-12 10:30:00.739  2404  2729 E BatteryStatsService: no controller energy info supplied
08-12 10:32:57.121   388  2669 E NetlinkEvent: NetlinkEvent::FindParam(): Parameter 'UID' not found
08-12 10:32:57.131  2404  2729 E BatteryStatsService: no controller energy info supplied
08-12 10:33:58.727   388  2669 E NetlinkEvent: NetlinkEvent::FindParam(): Parameter 'UID' not found
08-12 10:33:58.751  2404  2729 E BatteryStatsService: no controller energy info supplied
08-12 10:41:07.464   388  2669 E NetlinkEvent: NetlinkEvent::FindParam(): Parameter 'UID' not found
08-12 10:41:07.467  2404  2729 E BatteryStatsService: no controller energy info supplied
08-12 10:41:23.393  2404  2729 E BatteryStatsService: no controller energy info supplied
08-12 10:41:23.394  2404  2729 E BatteryStatsService: no controller energy info supplied
08-12 10:41:24.300  2404  2729 E BatteryStatsService: modem info is invalid: ModemActivityInfo{ mTimestamp=2577210588 mSleepTimeMs=-1742513310 mIdleTimeMs=1744986314 mTxTimeMs[]=[0, 0, 0, 0, 0] mRxTimeMs=8233 mEnergyUsed=0}
08-12 10:41:27.471   388  2669 E NetlinkEvent: NetlinkEvent::FindParam(): Parameter 'UID' not found
08-12 10:41:27.480  2404  2729 E BatteryStatsService: no controller energy info supplied
08-12 10:45:09.359   388  2669 E NetlinkEvent: NetlinkEvent::FindParam(): Parameter 'UID' not found
08-12 10:45:09.372   388  2669 E NetlinkEvent: NetlinkEvent::FindParam(): Parameter 'UID' not found
08-12 10:45:09.378  2404  2729 E BatteryStatsService: no controller energy info supplied
08-12 10:45:09.396   388  2669 E NetlinkEvent: NetlinkEvent::FindParam(): Parameter 'UID' not found
08-12 10:45:09.408  2404  2729 E BatteryStatsService: no controller energy info supplied
08-12 10:45:09.431  2404  2729 E BatteryStatsService: no controller energy info supplied
08-12 10:46:05.752   388  2669 E NetlinkEvent: NetlinkEvent::FindParam(): Parameter 'UID' not found
08-12 10:46:05.760  2404  2729 E BatteryStatsService: no controller energy info supplied
08-12 10:57:40.772   388  2669 E NetlinkEvent: NetlinkEvent::FindParam(): Parameter 'UID' not found
08-12 10:57:40.781  2404  2729 E BatteryStatsService: no controller energy info supplied
08-12 10:58:02.738   388  2669 E NetlinkEvent: NetlinkEvent::FindParam(): Parameter 'UID' not found
08-12 10:58:02.751  2404  2729 E BatteryStatsService: no controller energy info supplied
08-12 10:58:10.444   388  2669 E NetlinkEvent: NetlinkEvent::FindParam(): Parameter 'UID' not found
08-12 10:58:10.451  2404  2729 E BatteryStatsService: no controller energy info supplied
08-12 10:58:19.801  2404  3308 E NetdConnector: NDC Command {8675 firewall enable_chain dozable} took too long (7834ms)
08-12 11:01:11.739   388  2669 E NetlinkEvent: NetlinkEvent::FindParam(): Parameter 'UID' not found
08-12 11:01:11.749  2404  2729 E BatteryStatsService: no controller energy info supplied
08-12 11:01:12.402  2404  9273 W AlarmManager: Window length 3074457345618258602ms suspiciously long; limiting to 1 hour
08-12 11:18:55.631   388  2669 E NetlinkEvent: NetlinkEvent::FindParam(): Parameter 'UID' not found
08-12 11:18:55.636  2404  2729 E BatteryStatsService: no controller energy info supplied
08-12 11:22:56.524   388  2669 E NetlinkEvent: NetlinkEvent::FindParam(): Parameter 'UID' not found
08-12 11:22:56.537  2404  2729 E BatteryStatsService: no controller energy info supplied
08-12 11:22:56.559  2404  3308 E NetdConnector: NDC Command {8679 firewall enable_chain dozable} took too long (236436ms)
08-12 11:22:56.600   388  2669 E NetlinkEvent: NetlinkEvent::FindParam(): Parameter 'UID' not found
08-12 11:22:56.605  2404  2729 E BatteryStatsService: no controller energy info supplied
08-12 11:26:56.762   388  2669 E NetlinkEvent: NetlinkEvent::FindParam(): Parameter 'UID' not found
08-12 11:26:56.774   388  2669 E NetlinkEvent: NetlinkEvent::FindParam(): Parameter 'UID' not found
08-12 11:26:56.782  2404  2729 E BatteryStatsService: no controller energy info supplied
08-12 11:26:56.815  2404  2729 E BatteryStatsService: no controller energy info supplied
08-12 11:27:13.660   388  2669 E NetlinkEvent: NetlinkEvent::FindParam(): Parameter 'UID' not found
08-12 11:27:13.672  2404  2729 E BatteryStatsService: no controller energy info supplied
08-12 11:40:21.852   388  2669 E NetlinkEvent: NetlinkEvent::FindParam(): Parameter 'UID' not found
08-12 11:40:21.857  2404  2729 E BatteryStatsService: no controller energy info supplied
08-12 11:44:22.792   388  2669 E NetlinkEvent: NetlinkEvent::FindParam(): Parameter 'UID' not found
08-12 11:44:22.801  2404  2729 E BatteryStatsService: no controller energy info supplied
08-12 11:44:22.844  2404  3308 E NetdConnector: NDC Command {8681 firewall enable_chain dozable} took too long (235789ms)
08-12 11:55:37.614  2404  9272 E BatteryStatsService: no controller energy info supplied
08-12 11:55:37.614  2404  9272 E BatteryStatsService: no controller energy info supplied
08-12 11:55:37.644  2404  9272 E BatteryStatsService: modem info is invalid: ModemActivityInfo{ mTimestamp=2581664804 mSleepTimeMs=-1738081758 mIdleTimeMs=1742520051 mTxTimeMs[]=[0, 0, 0, 0, 0] mRxTimeMs=15924 mEnergyUsed=0}
08-12 11:56:14.772   388  2669 E NetlinkEvent: NetlinkEvent::FindParam(): Parameter 'UID' not found
08-12 11:56:14.776  2404  2729 E BatteryStatsService: no controller energy info supplied
08-12 11:56:14.828  2404  3308 E NetdConnector: NDC Command {8685 firewall enable_chain dozable} took too long (32820ms)
08-12 11:56:33.640   388  2669 E NetlinkEvent: NetlinkEvent::FindParam(): Parameter 'UID' not found
08-12 11:56:33.649  2404  2729 E BatteryStatsService: no controller energy info supplied
08-12 12:25:34.820  2404  3308 E NetdConnector: NDC Command {8689 firewall enable_chain dozable} took too long (394841ms)
08-12 12:25:34.822   388  2669 E NetlinkEvent: NetlinkEvent::FindParam(): Parameter 'UID' not found
08-12 12:25:34.832  2404  2729 E BatteryStatsService: no controller energy info supplied
08-12 12:25:56.056   388  2669 E NetlinkEvent: NetlinkEvent::FindParam(): Parameter 'UID' not found
08-12 12:25:56.072  2404  2729 E BatteryStatsService: no controller energy info supplied
08-12 12:32:58.905   388  2669 E NetlinkEvent: NetlinkEvent::FindParam(): Parameter 'UID' not found
08-12 12:32:58.963  2404  2729 E BatteryStatsService: no controller energy info supplied
08-12 12:34:00.776   388  2669 E NetlinkEvent: NetlinkEvent::FindParam(): Parameter 'UID' not found
08-12 12:34:00.783  2404  2729 E BatteryStatsService: no controller energy info supplied
08-12 12:34:01.590   388  2669 E NetlinkEvent: NetlinkEvent::FindParam(): Parameter 'UID' not found
08-12 12:34:01.595  2404  2729 E BatteryStatsService: no controller energy info supplied
08-12 12:38:01.765   388  2669 E NetlinkEvent: NetlinkEvent::FindParam(): Parameter 'UID' not found
08-12 12:38:01.772  2404  2729 E BatteryStatsService: no controller energy info supplied
08-12 12:38:02.795   388  2669 E NetlinkEvent: NetlinkEvent::FindParam(): Parameter 'UID' not found
08-12 12:38:02.800  2404  2729 E BatteryStatsService: no controller energy info supplied
08-12 12:48:02.764   388  2669 E NetlinkEvent: NetlinkEvent::FindParam(): Parameter 'UID' not found
08-12 12:48:02.785  2404  2729 E BatteryStatsService: no controller energy info supplied
08-12 12:54:56.831   388  2669 E NetlinkEvent: NetlinkEvent::FindParam(): Parameter 'UID' not found
08-12 12:54:56.843  2404  2729 E BatteryStatsService: no controller energy info supplied
08-12 12:54:56.864  2404  3308 E NetdConnector: NDC Command {8695 firewall enable_chain dozable} took too long (327830ms)
08-12 12:55:20.955   388  2669 E NetlinkEvent: NetlinkEvent::FindParam(): Parameter 'UID' not found
08-12 12:55:20.968  2404  2729 E BatteryStatsService: no controller energy info supplied
08-12 13:04:32.946   388  2669 E NetlinkEvent: NetlinkEvent::FindParam(): Parameter 'UID' not found
08-12 13:04:32.950  2404  2729 E BatteryStatsService: no controller energy info supplied
08-12 13:08:02.776   388  2669 E NetlinkEvent: NetlinkEvent::FindParam(): Parameter 'UID' not found
08-12 13:08:02.780  2404  2729 E BatteryStatsService: no controller energy info supplied
08-12 13:08:02.790  2404  3308 E NetdConnector: NDC Command {8697 firewall enable_chain dozable} took too long (207827ms)
08-12 13:08:33.845   388  2669 E NetlinkEvent: NetlinkEvent::FindParam(): Parameter 'UID' not found
08-12 13:08:33.850   388  2669 E NetlinkEvent: NetlinkEvent::FindParam(): Parameter 'UID' not found
08-12 13:08:33.852  2404  2729 E BatteryStatsService: no controller energy info supplied
08-12 13:08:33.879  2404  2729 E BatteryStatsService: no controller energy info supplied
08-12 13:08:33.884   388  2669 E NetlinkEvent: NetlinkEvent::FindParam(): Parameter 'UID' not found
08-12 13:08:33.900  2404  2729 E BatteryStatsService: no controller energy info supplied
08-12 13:18:02.780   388  2669 E NetlinkEvent: NetlinkEvent::FindParam(): Parameter 'UID' not found
08-12 13:18:02.792  2404  2729 E BatteryStatsService: no controller energy info supplied
08-12 13:19:35.878  2404  2729 E BatteryStatsService: no controller energy info supplied
08-12 13:19:35.878  2404  2729 E BatteryStatsService: no controller energy info supplied
08-12 13:19:35.908  2404  2729 E BatteryStatsService: modem info is invalid: ModemActivityInfo{ mTimestamp=2586703068 mSleepTimeMs=-1733064957 mIdleTimeMs=1738085199 mTxTimeMs[]=[0, 0, 0, 0, 0] mRxTimeMs=18024 mEnergyUsed=0}
08-12 13:19:35.918  2404  2708 W ProcessCpuTracker: Skipping unknown process pid 5491
08-12 13:19:41.016  2404  2708 W ProcessCpuTracker: Skipping unknown process pid 5501
08-12 13:24:21.826   388  2669 E NetlinkEvent: NetlinkEvent::FindParam(): Parameter 'UID' not found
08-12 13:24:21.833  2404  2729 E BatteryStatsService: no controller energy info supplied
08-12 13:24:21.842  2404  3308 E NetdConnector: NDC Command {8701 firewall enable_chain dozable} took too long (280814ms)
08-12 13:24:48.918   388  2669 E NetlinkEvent: NetlinkEvent::FindParam(): Parameter 'UID' not found
08-12 13:24:48.926  2404  2729 E BatteryStatsService: no controller energy info supplied
08-12 13:45:55.485   388  2669 E NetlinkEvent: NetlinkEvent::FindParam(): Parameter 'UID' not found
08-12 13:45:55.491  2404  2729 E BatteryStatsService: no controller energy info supplied
08-12 13:48:01.787   388  2669 E NetlinkEvent: NetlinkEvent::FindParam(): Parameter 'UID' not found
08-12 13:48:01.796  2404  2729 E BatteryStatsService: no controller energy info supplied
08-12 13:48:01.833  2404 13794 I ActivityManager: Killing 30760:com.android.printspooler/u0a76 (adj 904): empty for 1801s
08-12 13:48:01.835  2404 13794 I ActivityManager: Killing 30738:android.process.acore/u0a0 (adj 904): empty for 1802s
08-12 13:48:01.836  2404  3308 E NetdConnector: NDC Command {8703 firewall enable_chain dozable} took too long (121808ms)
08-12 13:48:01.916  2404 13793 D ActivityManager: cleanUpApplicationRecord -- 30738
08-12 13:48:01.925  2404  9272 D ActivityManager: cleanUpApplicationRecord -- 30760
08-12 13:48:06.951   388  2669 E NetlinkEvent: NetlinkEvent::FindParam(): Parameter 'UID' not found
08-12 13:48:06.959  2404  2729 E BatteryStatsService: no controller energy info supplied
08-12 13:49:56.684   388  2669 E NetlinkEvent: NetlinkEvent::FindParam(): Parameter 'UID' not found
08-12 13:49:56.702  2404  2729 E BatteryStatsService: no controller energy info supplied
08-12 13:53:49.809   388  2669 E NetlinkEvent: NetlinkEvent::FindParam(): Parameter 'UID' not found
08-12 13:53:49.818  2404  2729 E BatteryStatsService: no controller energy info supplied
08-12 13:54:20.260   388  2669 E NetlinkEvent: NetlinkEvent::FindParam(): Parameter 'UID' not found
08-12 13:54:20.269  2404  2729 E BatteryStatsService: no controller energy info supplied
08-12 14:02:18.940  2404  5624 D ConnectivityService: Returning blocked NetworkInfo to uid=10029
08-12 14:02:19.084  2404  4325 D ConnectivityService: Returning unblocked NetworkInfo to uid=10029
08-12 14:02:19.213  2404  7795 E BatteryStatsService: no controller energy info supplied
08-12 14:02:19.213  2404  7795 E BatteryStatsService: no controller energy info supplied
08-12 14:02:19.252  2404  7795 E BatteryStatsService: modem info is invalid: ModemActivityInfo{ mTimestamp=2589266404 mSleepTimeMs=-1730512575 mIdleTimeMs=1733066725 mTxTimeMs[]=[0, 0, 0, 0, 0] mRxTimeMs=9185 mEnergyUsed=0}
08-12 14:02:20.205   388  2669 E NetlinkEvent: NetlinkEvent::FindParam(): Parameter 'UID' not found
08-12 14:02:20.210  2404  2729 E BatteryStatsService: no controller energy info supplied
08-12 14:02:49.793   388  2669 E NetlinkEvent: NetlinkEvent::FindParam(): Parameter 'UID' not found
08-12 14:02:49.802  2404  2729 E BatteryStatsService: no controller energy info supplied
08-12 14:02:49.880  2404  3308 E NetdConnector: NDC Command {8707 firewall enable_chain dozable} took too long (25845ms)
08-12 14:18:55.401   388  2669 E NetlinkEvent: NetlinkEvent::FindParam(): Parameter 'UID' not found
08-12 14:18:55.405  2404  2729 E BatteryStatsService: no controller energy info supplied
08-12 14:22:56.618   388  2669 E NetlinkEvent: NetlinkEvent::FindParam(): Parameter 'UID' not found
08-12 14:22:56.618   388  2669 E NetlinkEvent: NetlinkEvent::FindParam(): Parameter 'UID' not found
08-12 14:22:56.629  2404  2729 E BatteryStatsService: no controller energy info supplied
08-12 14:22:56.661  2404  2729 E BatteryStatsService: no controller energy info supplied
08-12 14:22:56.670  2404  3308 E NetdConnector: NDC Command {8711 firewall enable_chain dozable} took too long (236632ms)
08-12 14:23:20.271   388  2669 E NetlinkEvent: NetlinkEvent::FindParam(): Parameter 'UID' not found
08-12 14:23:20.276   388  2669 E NetlinkEvent: NetlinkEvent::FindParam(): Parameter 'UID' not found
08-12 14:23:20.279  2404  2729 E BatteryStatsService: no controller energy info supplied
08-12 14:23:20.309  2404  2729 E BatteryStatsService: no controller energy info supplied
08-12 14:24:20.806   388  2669 E NetlinkEvent: NetlinkEvent::FindParam(): Parameter 'UID' not found
08-12 14:24:20.818  2404  2729 E BatteryStatsService: no controller energy info supplied
08-12 14:24:20.847  2404  3324 D ConnectivityService: reportNetworkConnectivity(119, false) by 10011
08-12 14:24:20.852   388  2669 E NetlinkEvent: NetlinkEvent::FindParam(): Parameter 'UID' not found
08-12 14:24:20.858  2404  2729 E BatteryStatsService: no controller energy info supplied
08-12 14:24:21.741  2404  3315 D ConnectivityService: NetworkAgentInfo [WIFI () - 119] validation passed
08-12 14:28:02.808   388  2669 E NetlinkEvent: NetlinkEvent::FindParam(): Parameter 'UID' not found
08-12 14:28:02.819   388  2669 E NetlinkEvent: NetlinkEvent::FindParam(): Parameter 'UID' not found
08-12 14:28:02.824  2404  2729 E BatteryStatsService: no controller energy info supplied
08-12 14:28:02.862  2404  2729 E BatteryStatsService: no controller energy info supplied
08-12 14:28:21.951   388  2669 E NetlinkEvent: NetlinkEvent::FindParam(): Parameter 'UID' not found
08-12 14:28:21.972  2404  2729 E BatteryStatsService: no controller energy info supplied
08-12 14:32:03.124   388  2669 E NetlinkEvent: NetlinkEvent::FindParam(): Parameter 'UID' not found
08-12 14:32:03.148   388  2669 E NetlinkEvent: NetlinkEvent::FindParam(): Parameter 'UID' not found
08-12 14:32:03.152  2404  2729 E BatteryStatsService: no controller energy info supplied
08-12 14:32:03.161   388  2669 E NetlinkEvent: NetlinkEvent::FindParam(): Parameter 'UID' not found
08-12 14:32:03.190  2404  2729 E BatteryStatsService: no controller energy info supplied
08-12 14:32:03.222  2404  2729 E BatteryStatsService: no controller energy info supplied
08-12 14:32:59.806   388  2669 E NetlinkEvent: NetlinkEvent::FindParam(): Parameter 'UID' not found
08-12 14:32:59.933  2404  2729 E BatteryStatsService: no controller energy info supplied
08-12 14:32:59.940   388  2669 E NetlinkEvent: NetlinkEvent::FindParam(): Parameter 'UID' not found
