08-11 09:55:18.323  2404  2729 E BatteryStatsService: modem info is invalid: ModemActivityInfo{ mTimestamp=2488045479 mSleepTimeMs=-1831234725 mIdleTimeMs=1834597158 mTxTimeMs[]=[0, 0, 0, 0, 0] mRxTimeMs=11256 mEnergyUsed=0}
08-11 10:05:07.711  2404 21101 D ConnectivityService: Returning unblocked NetworkInfo to uid=10049
08-11 10:08:02.239  2404  3308 E NetdConnector: NDC Command {8407 firewall enable_chain dozable} took too long (169834ms)
08-11 10:10:22.241   388  2669 E NetlinkEvent: NetlinkEvent::FindParam(): Parameter 'UID' not found
08-11 10:10:22.247  2404  2729 E BatteryStatsService: no controller energy info supplied
08-11 10:11:23.203   388  2669 E NetlinkEvent: NetlinkEvent::FindParam(): Parameter 'UID' not found
08-11 10:11:23.210  2404  2729 E BatteryStatsService: no controller energy info supplied
08-11 10:17:49.281  2404  2477 D ConnectivityService: Returning blocked NetworkInfo to uid=10029
08-11 10:17:49.330   388  2669 E NetlinkEvent: NetlinkEvent::FindParam(): Parameter 'UID' not found
08-11 10:17:49.336  2404  2729 E BatteryStatsService: no controller energy info supplied
08-11 10:20:28.208   388  2669 E NetlinkEvent: NetlinkEvent::FindParam(): Parameter 'UID' not found
08-11 10:20:28.219  2404  2729 E BatteryStatsService: no controller energy info supplied
08-11 10:20:31.599   388  2669 E NetlinkEvent: NetlinkEvent::FindParam(): Parameter 'UID' not found
08-11 10:20:31.614  2404  2729 E BatteryStatsService: no controller energy info supplied
08-11 10:23:30.213   388  2669 E NetlinkEvent: NetlinkEvent::FindParam(): Parameter 'UID' not found
08-11 10:23:30.229  2404  2729 E BatteryStatsService: no controller energy info supplied
08-11 10:31:18.209   388  2669 E NetlinkEvent: NetlinkEvent::FindParam(): Parameter 'UID' not found
08-11 10:31:18.225  2404  2729 E BatteryStatsService: no controller energy info supplied
08-11 10:31:18.226   388  2669 E NetlinkEvent: NetlinkEvent::FindParam(): Parameter 'UID' not found
08-11 10:31:18.258  2404  2729 E BatteryStatsService: no controller energy info supplied
08-11 10:31:18.345   388  2669 E NetlinkEvent: NetlinkEvent::FindParam(): Parameter 'UID' not found
08-11 10:31:18.353  2404  2729 E BatteryStatsService: no controller energy info supplied
08-11 10:32:38.217   388  2669 E NetlinkEvent: NetlinkEvent::FindParam(): Parameter 'UID' not found
08-11 10:32:38.336  2404  2729 E BatteryStatsService: no controller energy info supplied
08-11 10:32:38.338   388  2669 E NetlinkEvent: NetlinkEvent::FindParam(): Parameter 'UID' not found
08-11 10:32:38.394  2404  2729 E BatteryStatsService: no controller energy info supplied
08-11 10:34:15.225   388  2669 E NetlinkEvent: NetlinkEvent::FindParam(): Parameter 'UID' not found
08-11 10:34:15.254  2404  2729 E BatteryStatsService: no controller energy info supplied
08-11 10:35:34.804   388  2669 E NetlinkEvent: NetlinkEvent::FindParam(): Parameter 'UID' not found
08-11 10:35:34.809  2404  2729 E BatteryStatsService: no controller energy info supplied
08-11 10:37:20.205   388  2669 E NetlinkEvent: NetlinkEvent::FindParam(): Parameter 'UID' not found
08-11 10:37:20.217  2404  2729 E BatteryStatsService: no controller energy info supplied
08-11 10:37:20.253  2404  3308 E NetdConnector: NDC Command {8413 firewall enable_chain dozable} took too long (100848ms)
08-11 10:37:20.256   388  2669 E NetlinkEvent: NetlinkEvent::FindParam(): Parameter 'UID' not found
08-11 10:37:20.263  2404  2729 E BatteryStatsService: no controller energy info supplied
08-11 10:38:02.214   388  2669 E NetlinkEvent: NetlinkEvent::FindParam(): Parameter 'UID' not found
08-11 10:38:02.225  2404  2729 E BatteryStatsService: no controller energy info supplied
08-11 10:39:26.259   388  2669 E NetlinkEvent: NetlinkEvent::FindParam(): Parameter 'UID' not found
08-11 10:39:26.266  2404  2729 E BatteryStatsService: no controller energy info supplied
08-11 10:40:59.218   388  2669 E NetlinkEvent: NetlinkEvent::FindParam(): Parameter 'UID' not found
08-11 10:40:59.226  2404  2729 E BatteryStatsService: no controller energy info supplied
08-11 10:41:01.265   388  2669 E NetlinkEvent: NetlinkEvent::FindParam(): Parameter 'UID' not found
08-11 10:41:01.280  2404  2729 E BatteryStatsService: no controller energy info supplied
08-11 10:44:03.218   388  2669 E NetlinkEvent: NetlinkEvent::FindParam(): Parameter 'UID' not found
08-11 10:44:03.223  2404  2729 E BatteryStatsService: no controller energy info supplied
08-11 10:58:03.832   388  2669 E NetlinkEvent: NetlinkEvent::FindParam(): Parameter 'UID' not found
08-11 10:58:03.840  2404  2729 E BatteryStatsService: no controller energy info supplied
08-11 11:01:04.216   388  2669 E NetlinkEvent: NetlinkEvent::FindParam(): Parameter 'UID' not found
08-11 11:01:04.246  2404  2729 E BatteryStatsService: no controller energy info supplied
08-11 11:01:04.683  2404  4330 E BatteryStatsService: no controller energy info supplied
08-11 11:01:04.684  2404  4330 E BatteryStatsService: no controller energy info supplied
08-11 11:01:04.713  2404  4330 E BatteryStatsService: modem info is invalid: ModemActivityInfo{ mTimestamp=2491991873 mSleepTimeMs=-1827328195 mIdleTimeMs=1831260408 mTxTimeMs[]=[0, 0, 0, 0, 0] mRxTimeMs=14182 mEnergyUsed=0}
08-11 11:01:05.086  2404 13793 W AlarmManager: Window length 3074457345618258602ms suspiciously long; limiting to 1 hour
08-11 11:01:20.320  2404  3308 E NetdConnector: NDC Command {8417 firewall enable_chain dozable} took too long (10813ms)
08-11 11:08:31.275   388  2669 E NetlinkEvent: NetlinkEvent::FindParam(): Parameter 'UID' not found
08-11 11:08:31.280  2404  2729 E BatteryStatsService: no controller energy info supplied
08-11 11:16:22.241   388  2669 E NetlinkEvent: NetlinkEvent::FindParam(): Parameter 'UID' not found
08-11 11:16:22.250  2404  2729 E BatteryStatsService: no controller energy info supplied
08-11 11:18:59.250   388  2669 E NetlinkEvent: NetlinkEvent::FindParam(): Parameter 'UID' not found
08-11 11:18:59.270  2404  2729 E BatteryStatsService: no controller energy info supplied
08-11 11:28:02.231   388  2669 E NetlinkEvent: NetlinkEvent::FindParam(): Parameter 'UID' not found
08-11 11:28:02.238  2404  2729 E BatteryStatsService: no controller energy info supplied
08-11 11:28:02.279  2404  3308 E NetdConnector: NDC Command {8421 firewall enable_chain dozable} took too long (542799ms)
08-11 11:37:36.296   388  2669 E NetlinkEvent: NetlinkEvent::FindParam(): Parameter 'UID' not found
08-11 11:37:36.300  2404  2729 E BatteryStatsService: no controller energy info supplied
08-11 11:38:02.227   388  2669 E NetlinkEvent: NetlinkEvent::FindParam(): Parameter 'UID' not found
08-11 11:38:02.246  2404  2729 E BatteryStatsService: no controller energy info supplied
08-11 11:38:37.323   388  2669 E NetlinkEvent: NetlinkEvent::FindParam(): Parameter 'UID' not found
08-11 11:38:37.329  2404  2729 E BatteryStatsService: no controller energy info supplied
08-11 11:42:38.532   388  2669 E NetlinkEvent: NetlinkEvent::FindParam(): Parameter 'UID' not found
08-11 11:42:38.545   388  2669 E NetlinkEvent: NetlinkEvent::FindParam(): Parameter 'UID' not found
08-11 11:42:38.552  2404  2729 E BatteryStatsService: no controller energy info supplied
08-11 11:42:38.586  2404  2729 E BatteryStatsService: no controller energy info supplied
08-11 11:42:38.654  2404  3308 E NetdConnector: NDC Command {8423 firewall enable_chain dozable} took too long (236154ms)
08-11 11:46:24.251   388  2669 E NetlinkEvent: NetlinkEvent::FindParam(): Parameter 'UID' not found
08-11 11:46:24.265  2404  2729 E BatteryStatsService: no controller energy info supplied
08-11 12:01:25.305  2404  3308 E NetdConnector: NDC Command {8427 firewall enable_chain dozable} took too long (25808ms)
08-11 12:06:42.297   388  2669 E NetlinkEvent: NetlinkEvent::FindParam(): Parameter 'UID' not found
08-11 12:06:42.303  2404  2729 E BatteryStatsService: no controller energy info supplied
08-11 12:08:02.245   388  2669 E NetlinkEvent: NetlinkEvent::FindParam(): Parameter 'UID' not found
08-11 12:08:02.261  2404  2729 E BatteryStatsService: no controller energy info supplied
08-11 12:16:26.344  2404  2729 E BatteryStatsService: no controller energy info supplied
08-11 12:16:26.344  2404  2729 E BatteryStatsService: no controller energy info supplied
08-11 12:16:26.379  2404  2729 E BatteryStatsService: modem info is invalid: ModemActivityInfo{ mTimestamp=2496513531 mSleepTimeMs=-1822824618 mIdleTimeMs=1827331203 mTxTimeMs[]=[0, 0, 0, 0, 0] mRxTimeMs=15072 mEnergyUsed=0}
08-11 12:18:55.213   388  2669 E NetlinkEvent: NetlinkEvent::FindParam(): Parameter 'UID' not found
08-11 12:18:55.217  2404  2729 E BatteryStatsService: no controller energy info supplied
08-11 12:22:56.571   388  2669 E NetlinkEvent: NetlinkEvent::FindParam(): Parameter 'UID' not found
08-11 12:22:56.571   388  2669 E NetlinkEvent: NetlinkEvent::FindParam(): Parameter 'UID' not found
08-11 12:22:56.577  2404  2729 E BatteryStatsService: no controller energy info supplied
08-11 12:22:56.616  2404  2729 E BatteryStatsService: no controller energy info supplied
08-11 12:22:56.641  2404  3308 E NetdConnector: NDC Command {8431 firewall enable_chain dozable} took too long (237191ms)
08-11 12:28:02.246   388  2669 E NetlinkEvent: NetlinkEvent::FindParam(): Parameter 'UID' not found
08-11 12:28:02.257  2404  2729 E BatteryStatsService: no controller energy info supplied
08-11 12:32:39.524   388  2669 E NetlinkEvent: NetlinkEvent::FindParam(): Parameter 'UID' not found
08-11 12:32:39.563  2404  2729 E BatteryStatsService: no controller energy info supplied
08-11 12:34:16.255   388  2669 E NetlinkEvent: NetlinkEvent::FindParam(): Parameter 'UID' not found
08-11 12:34:16.275  2404  2729 E BatteryStatsService: no controller energy info supplied
08-11 12:34:17.204   388  2669 E NetlinkEvent: NetlinkEvent::FindParam(): Parameter 'UID' not found
08-11 12:34:17.215  2404  2729 E BatteryStatsService: no controller energy info supplied
08-11 12:35:48.244   388  2669 E NetlinkEvent: NetlinkEvent::FindParam(): Parameter 'UID' not found
08-11 12:35:48.285  2404  2729 E BatteryStatsService: no controller energy info supplied
08-11 12:35:48.340   388  2669 E NetlinkEvent: NetlinkEvent::FindParam(): Parameter 'UID' not found
08-11 12:35:48.344  2404  2729 E BatteryStatsService: no controller energy info supplied
08-11 12:35:48.362  2404  3308 E NetdConnector: NDC Command {8433 firewall enable_chain dozable} took too long (86824ms)
08-11 12:38:02.257   388  2669 E NetlinkEvent: NetlinkEvent::FindParam(): Parameter 'UID' not found
08-11 12:38:02.276  2404  2729 E BatteryStatsService: no controller energy info supplied
08-11 12:49:24.640  2404  4331 E BatteryStatsService: no controller energy info supplied
08-11 12:49:24.641  2404  4331 E BatteryStatsService: no controller energy info supplied
08-11 12:49:24.680  2404  4331 E BatteryStatsService: modem info is invalid: ModemActivityInfo{ mTimestamp=2498491830 mSleepTimeMs=-1820854111 mIdleTimeMs=1822825987 mTxTimeMs[]=[0, 0, 0, 0, 0] mRxTimeMs=6424 mEnergyUsed=0}
08-11 12:49:27.516   388  2669 E NetlinkEvent: NetlinkEvent::FindParam(): Parameter 'UID' not found
08-11 12:49:27.522  2404  2729 E BatteryStatsService: no controller energy info supplied
08-11 12:53:28.723   388  2669 E NetlinkEvent: NetlinkEvent::FindParam(): Parameter 'UID' not found
08-11 12:53:28.743  2404  2729 E BatteryStatsService: no controller energy info supplied
08-11 12:53:29.172   388  2669 E NetlinkEvent: NetlinkEvent::FindParam(): Parameter 'UID' not found
08-11 12:53:29.176  2404  2729 E BatteryStatsService: no controller energy info supplied
08-11 12:58:02.266   388  2669 E NetlinkEvent: NetlinkEvent::FindParam(): Parameter 'UID' not found
08-11 12:58:02.280  2404  2729 E BatteryStatsService: no controller energy info supplied
08-11 12:58:02.920   388  2669 E NetlinkEvent: NetlinkEvent::FindParam(): Parameter 'UID' not found
08-11 12:58:02.926  2404  2729 E BatteryStatsService: no controller energy info supplied
08-11 13:01:29.273   388  2669 E NetlinkEvent: NetlinkEvent::FindParam(): Parameter 'UID' not found
08-11 13:01:29.281  2404  2729 E BatteryStatsService: no controller energy info supplied
08-11 13:04:55.329   388  2669 E NetlinkEvent: NetlinkEvent::FindParam(): Parameter 'UID' not found
08-11 13:04:55.340  2404  2729 E BatteryStatsService: no controller energy info supplied
08-11 13:05:56.266   388  2669 E NetlinkEvent: NetlinkEvent::FindParam(): Parameter 'UID' not found
08-11 13:05:56.283  2404  2729 E BatteryStatsService: no controller energy info supplied
08-11 13:05:58.270   388  2669 E NetlinkEvent: NetlinkEvent::FindParam(): Parameter 'UID' not found
08-11 13:05:58.284  2404  2729 E BatteryStatsService: no controller energy info supplied
08-11 13:08:02.264   388  2669 E NetlinkEvent: NetlinkEvent::FindParam(): Parameter 'UID' not found
08-11 13:08:02.273  2404  2729 E BatteryStatsService: no controller energy info supplied
08-11 13:08:02.322  2404  3308 E NetdConnector: NDC Command {8439 firewall enable_chain dozable} took too long (120793ms)
08-11 13:21:03.006   388  2669 E NetlinkEvent: NetlinkEvent::FindParam(): Parameter 'UID' not found
08-11 13:21:03.010  2404  2729 E BatteryStatsService: no controller energy info supplied
08-11 13:25:04.489   388  2669 E NetlinkEvent: NetlinkEvent::FindParam(): Parameter 'UID' not found
08-11 13:25:04.497   388  2669 E NetlinkEvent: NetlinkEvent::FindParam(): Parameter 'UID' not found
08-11 13:25:04.502  2404  2729 E BatteryStatsService: no controller energy info supplied
08-11 13:25:04.526  2404  3308 E NetdConnector: NDC Command {8443 firewall enable_chain dozable} took too long (237053ms)
08-11 13:25:04.534  2404  2729 E BatteryStatsService: no controller energy info supplied
08-11 13:28:02.277   388  2669 E NetlinkEvent: NetlinkEvent::FindParam(): Parameter 'UID' not found
08-11 13:28:02.284  2404  2729 E BatteryStatsService: no controller energy info supplied
08-11 13:34:03.321   388  2669 E NetlinkEvent: NetlinkEvent::FindParam(): Parameter 'UID' not found
08-11 13:34:03.328  2404  2729 E BatteryStatsService: no controller energy info supplied
08-11 13:36:08.289   388  2669 E NetlinkEvent: NetlinkEvent::FindParam(): Parameter 'UID' not found
08-11 13:36:08.304  2404  2729 E BatteryStatsService: no controller energy info supplied
08-11 13:38:02.303  2404  3308 E NetdConnector: NDC Command {8445 firewall enable_chain dozable} took too long (108747ms)
08-11 13:51:19.562   388  2669 E NetlinkEvent: NetlinkEvent::FindParam(): Parameter 'UID' not found
08-11 13:51:19.573  2404  2729 E BatteryStatsService: no controller energy info supplied
08-11 13:58:02.279   388  2669 E NetlinkEvent: NetlinkEvent::FindParam(): Parameter 'UID' not found
08-11 13:58:02.289  2404  2729 E BatteryStatsService: no controller energy info supplied
08-11 14:03:11.328   388  2669 E NetlinkEvent: NetlinkEvent::FindParam(): Parameter 'UID' not found
08-11 14:03:11.333  2404  2729 E BatteryStatsService: no controller energy info supplied
08-11 14:06:20.302   388  2669 E NetlinkEvent: NetlinkEvent::FindParam(): Parameter 'UID' not found
08-11 14:06:20.309  2404  2729 E BatteryStatsService: no controller energy info supplied
08-11 14:08:02.363  2404  3308 E NetdConnector: NDC Command {8451 firewall enable_chain dozable} took too long (96784ms)
08-11 14:31:11.604  2404  4333 D ConnectivityService: Returning unblocked NetworkInfo to uid=10029
08-11 14:31:12.292   388  2669 E NetlinkEvent: NetlinkEvent::FindParam(): Parameter 'UID' not found
08-11 14:31:12.297  2404  2729 E BatteryStatsService: no controller energy info supplied
08-11 14:31:35.289   388  2669 E NetlinkEvent: NetlinkEvent::FindParam(): Parameter 'UID' not found
08-11 14:31:35.305  2404  2729 E BatteryStatsService: no controller energy info supplied
08-11 14:31:35.352  2404  3308 E NetdConnector: NDC Command {8455 firewall enable_chain dozable} took too long (18811ms)
08-11 14:31:36.085   388  2669 E NetlinkEvent: NetlinkEvent::FindParam(): Parameter 'UID' not found
08-11 14:31:36.101  2404  2729 E BatteryStatsService: no controller energy info supplied
08-11 14:32:20.294   388  2669 E NetlinkEvent: NetlinkEvent::FindParam(): Parameter 'UID' not found
08-11 14:32:20.307  2404  2729 E BatteryStatsService: no controller energy info supplied
08-11 14:32:20.368   388  2669 E NetlinkEvent: NetlinkEvent::FindParam(): Parameter 'UID' not found
08-11 14:32:20.372  2404  2729 E BatteryStatsService: no controller energy info supplied
08-11 14:32:40.304   388  2669 E NetlinkEvent: NetlinkEvent::FindParam(): Parameter 'UID' not found
08-11 14:32:40.557  2404  2729 E BatteryStatsService: no controller energy info supplied
08-11 14:32:40.561   388  2669 E NetlinkEvent: NetlinkEvent::FindParam(): Parameter 'UID' not found
08-11 14:32:40.613  2404  2729 E BatteryStatsService: no controller energy info supplied
08-11 14:35:13.492   388  2669 E NetlinkEvent: NetlinkEvent::FindParam(): Parameter 'UID' not found
08-11 14:35:13.501  2404  2729 E BatteryStatsService: no controller energy info supplied
08-11 14:35:14.412   388  2669 E NetlinkEvent: NetlinkEvent::FindParam(): Parameter 'UID' not found
08-11 14:35:14.434  2404  2729 E BatteryStatsService: no controller energy info supplied
08-11 14:38:02.297   388  2669 E NetlinkEvent: NetlinkEvent::FindParam(): Parameter 'UID' not found
08-11 14:38:02.312  2404  2729 E BatteryStatsService: no controller energy info supplied
08-11 14:38:02.398  2404  2729 E BatteryStatsService: no controller energy info supplied
08-11 14:38:02.398  2404  2729 E BatteryStatsService: no controller energy info supplied
08-11 14:46:36.313  2404  2729 E BatteryStatsService: modem info is invalid: ModemActivityInfo{ mTimestamp=2505009647 mSleepTimeMs=-1814361141 mIdleTimeMs=1820858492 mTxTimeMs[]=[0, 0, 0, 0, 0] mRxTimeMs=20463 mEnergyUsed=0}
08-11 14:52:10.123  2404  4330 E BatteryStatsService: no controller energy info supplied
08-11 14:52:10.124  2404  4330 E BatteryStatsService: no controller energy info supplied
08-11 14:52:10.155  2404  4330 E BatteryStatsService: modem info is invalid: ModemActivityInfo{ mTimestamp=2505857312 mSleepTimeMs=-1813517879 mIdleTimeMs=1814361750 mTxTimeMs[]=[0, 0, 0, 0, 0] mRxTimeMs=3797 mEnergyUsed=0}
08-11 14:52:13.065   388  2669 E NetlinkEvent: NetlinkEvent::FindParam(): Parameter 'UID' not found
08-11 14:52:13.069  2404  2729 E BatteryStatsService: no controller energy info supplied
08-11 14:52:44.060   388  2669 E NetlinkEvent: NetlinkEvent::FindParam(): Parameter 'UID' not found
08-11 14:52:44.074  2404  2729 E BatteryStatsService: no controller energy info supplied
08-11 14:54:01.358  2404  2703 I UsageStatsService: User[0] Rolling over usage stats
08-11 14:54:01.371  2404  2703 I UsageStatsService: User[0] Flushing usage stats to disk
08-11 14:54:01.476  2404  2703 I UsageStatsService: User[0] Rollover scheduled @ 2018-08-12 14:54:01(1534053241356)
08-11 14:54:01.476  2404  2703 I UsageStatsService: User[0] Flushing usage stats to disk
08-11 14:54:01.505  2404  2703 I UsageStatsService: User[0] Rolling over usage stats complete. Took 148 milliseconds
08-11 14:54:24.324  2404  2708 E NetdConnector: NDC Command {8461 firewall set_uid_rule dozable 10080 allow} took too long (7944ms)
08-11 14:56:24.396   388  2669 E NetlinkEvent: NetlinkEvent::FindParam(): Parameter 'UID' not found
08-11 14:56:24.410   388  2669 E NetlinkEvent: NetlinkEvent::FindParam(): Parameter 'UID' not found
08-11 14:56:24.414  2404  2729 E BatteryStatsService: no controller energy info supplied
08-11 14:56:24.448  2404  2729 E BatteryStatsService: no controller energy info supplied
08-11 15:01:22.356   388  2669 E NetlinkEvent: NetlinkEvent::FindParam(): Parameter 'UID' not found
08-11 15:01:22.361  2404  2729 E BatteryStatsService: no controller energy info supplied
08-11 15:01:37.316   388  2669 E NetlinkEvent: NetlinkEvent::FindParam(): Parameter 'UID' not found
08-11 15:01:37.323  2404  2729 E BatteryStatsService: no controller energy info supplied
08-11 15:02:23.346  2404  3293 I ActivityManager: Start proc 2184:com.google.android.partnersetup/u0a18 for service com.google.android.partnersetup/.RlzPingService
08-11 15:08:02.306  2404  2710 E NetdConnector: NDC Command {8462 firewall set_uid_rule dozable 10018 allow} took too long (338959ms)
08-11 15:19:00.360  2404  3308 E NetdConnector: NDC Command {8468 firewall enable_chain dozable} took too long (26842ms)
08-11 15:30:23.373   388  2669 E NetlinkEvent: NetlinkEvent::FindParam(): Parameter 'UID' not found
08-11 15:30:23.380  2404  2729 E BatteryStatsService: no controller energy info supplied
08-11 15:31:39.314   388  2669 E NetlinkEvent: NetlinkEvent::FindParam(): Parameter 'UID' not found
08-11 15:31:39.327  2404  2729 E BatteryStatsService: no controller energy info supplied
08-11 15:35:50.813  2404  2467 I ActivityManager: Start proc 2253:com.google.android.gms.unstable/u0a11 for service com.google.android.gms/.droidguard.DroidGuardService
08-11 15:35:51.106   388  2669 E NetlinkEvent: NetlinkEvent::FindParam(): Parameter 'UID' not found
08-11 15:35:51.112  2404  2729 E BatteryStatsService: no controller energy info supplied
08-11 15:35:54.554  2404  4284 I ActivityManager: Process com.android.vending (pid 32586) has died
08-11 15:35:54.554  2404  4284 D ActivityManager: cleanUpApplicationRecord -- 32586
08-11 15:35:54.557  2404  3786 D ConnectivityService: ConnectivityService NetworkRequestInfo binderDied(NetworkRequest [ LISTEN id=157, [ Capabilities: INTERNET&NOT_RESTRICTED&TRUSTED] ], android.os.BinderProxy@eac4499)
08-11 15:35:54.560  2404  3315 E ConnectivityService: RemoteException caught trying to send a callback msg for NetworkRequest [ LISTEN id=157, [ Capabilities: INTERNET&NOT_RESTRICTED&TRUSTED] ]
08-11 15:38:02.316   388  2669 E NetlinkEvent: NetlinkEvent::FindParam(): Parameter 'UID' not found
08-11 15:38:02.324  2404  2729 E BatteryStatsService: no controller energy info supplied
08-11 15:38:02.380  2404  3308 E NetdConnector: NDC Command {8470 firewall enable_chain dozable} took too long (126843ms)
08-11 15:39:50.626   388  2669 E NetlinkEvent: NetlinkEvent::FindParam(): Parameter 'UID' not found
08-11 15:39:50.640  2404  2729 E BatteryStatsService: no controller energy info supplied
08-11 15:43:50.325   388  2669 E NetlinkEvent: NetlinkEvent::FindParam(): Parameter 'UID' not found
08-11 15:43:50.342  2404  2729 E BatteryStatsService: no controller energy info supplied
08-11 15:55:50.405  2404  3308 E NetdConnector: NDC Command {8474 firewall enable_chain dozable} took too long (234882ms)
08-11 15:59:32.381   388  2669 E NetlinkEvent: NetlinkEvent::FindParam(): Parameter 'UID' not found
08-11 15:59:32.389  2404  2729 E BatteryStatsService: no controller energy info supplied
08-11 16:00:33.325   388  2669 E NetlinkEvent: NetlinkEvent::FindParam(): Parameter 'UID' not found
08-11 16:00:33.338  2404  2729 E BatteryStatsService: no controller energy info supplied
08-11 16:08:33.346  2404  2708 I ActivityManager: Killing 30718:com.android.musicfx/u0a22 (adj 906): empty #17
08-11 16:08:33.385  2404  7795 D ActivityManager: cleanUpApplicationRecord -- 30718
08-11 16:28:40.568   388  2669 E NetlinkEvent: NetlinkEvent::FindParam(): Parameter 'UID' not found
08-11 16:28:40.579  2404  2729 E BatteryStatsService: no controller energy info supplied
08-11 16:31:43.339   388  2669 E NetlinkEvent: NetlinkEvent::FindParam(): Parameter 'UID' not found
08-11 16:31:43.356  2404  2729 E BatteryStatsService: no controller energy info supplied
08-11 16:32:41.593   388  2669 E NetlinkEvent: NetlinkEvent::FindParam(): Parameter 'UID' not found
08-11 16:32:41.623  2404  2729 E BatteryStatsService: no controller energy info supplied
08-11 16:36:33.344   388  2669 E NetlinkEvent: NetlinkEvent::FindParam(): Parameter 'UID' not found
08-11 16:36:33.359  2404  2729 E BatteryStatsService: no controller energy info supplied
08-11 16:52:33.087   388  2669 E NetlinkEvent: NetlinkEvent::FindParam(): Parameter 'UID' not found
08-11 16:52:33.094  2404  2729 E BatteryStatsService: no controller energy info supplied
08-11 16:52:34.457  2404  4331 E BatteryStatsService: no controller energy info supplied
08-11 16:52:34.457  2404  4331 E BatteryStatsService: no controller energy info supplied
08-11 16:52:34.487  2404  4331 E BatteryStatsService: modem info is invalid: ModemActivityInfo{ mTimestamp=2513081646 mSleepTimeMs=-1806326043 mIdleTimeMs=1813525289 mTxTimeMs[]=[0, 0, 0, 0, 0] mRxTimeMs=25088 mEnergyUsed=0}
08-11 16:56:32.342   388  2669 E NetlinkEvent: NetlinkEvent::FindParam(): Parameter 'UID' not found
08-11 16:56:32.349  2404  2729 E BatteryStatsService: no controller energy info supplied
08-11 16:56:32.391  2404  3308 E NetdConnector: NDC Command {8484 firewall enable_chain dozable} took too long (234832ms)
08-11 16:56:32.900   388  2669 E NetlinkEvent: NetlinkEvent::FindParam(): Parameter 'UID' not found
08-11 16:56:32.917  2404  2729 E BatteryStatsService: no controller energy info supplied
08-11 16:57:51.345   388  2669 E NetlinkEvent: NetlinkEvent::FindParam(): Parameter 'UID' not found
08-11 16:57:51.363  2404  2729 E BatteryStatsService: no controller energy info supplied
08-11 16:57:51.399   388  2669 E NetlinkEvent: NetlinkEvent::FindParam(): Parameter 'UID' not found
08-11 16:57:51.405  2404  2729 E BatteryStatsService: no controller energy info supplied
08-11 16:57:51.431  2404  2729 E BatteryStatsService: no controller energy info supplied
08-11 16:57:51.433  2404  2729 E BatteryStatsService: no controller energy info supplied
08-11 16:58:01.739  2404  2729 E BatteryStatsService: modem info is invalid: ModemActivityInfo{ mTimestamp=2513398624 mSleepTimeMs=-1806010787 mIdleTimeMs=1806326275 mTxTimeMs[]=[0, 0, 0, 0, 0] mRxTimeMs=1489 mEnergyUsed=0}
08-11 17:00:32.346   388  2669 E NetlinkEvent: NetlinkEvent::FindParam(): Parameter 'UID' not found
08-11 17:00:32.367  2404  2729 E BatteryStatsService: no controller energy info supplied
08-11 17:18:29.014   388  2669 E NetlinkEvent: NetlinkEvent::FindParam(): Parameter 'UID' not found
08-11 17:18:29.019  2404  2729 E BatteryStatsService: no controller energy info supplied
08-11 17:20:32.371   388  2669 E NetlinkEvent: NetlinkEvent::FindParam(): Parameter 'UID' not found
08-11 17:20:32.384  2404  2729 E BatteryStatsService: no controller energy info supplied
08-11 17:20:32.463  2404  3308 E NetdConnector: NDC Command {8488 firewall enable_chain dozable} took too long (118888ms)
08-11 17:22:30.485   388  2669 E NetlinkEvent: NetlinkEvent::FindParam(): Parameter 'UID' not found
08-11 17:22:30.488   388  2669 E NetlinkEvent: NetlinkEvent::FindParam(): Parameter 'UID' not found
08-11 17:22:30.495  2404  2729 E BatteryStatsService: no controller energy info supplied
08-11 17:22:30.532  2404  2729 E BatteryStatsService: no controller energy info supplied
08-11 17:22:31.110   388  2669 E NetlinkEvent: NetlinkEvent::FindParam(): Parameter 'UID' not found
08-11 17:22:31.134  2404  2729 E BatteryStatsService: no controller energy info supplied
08-11 17:24:32.380   388  2669 E NetlinkEvent: NetlinkEvent::FindParam(): Parameter 'UID' not found
08-11 17:24:32.398  2404  2729 E BatteryStatsService: no controller energy info supplied
08-11 17:27:02.395   388  2669 E NetlinkEvent: NetlinkEvent::FindParam(): Parameter 'UID' not found
08-11 17:27:02.401  2404  2729 E BatteryStatsService: no controller energy info supplied
08-11 17:28:01.364   388  2669 E NetlinkEvent: NetlinkEvent::FindParam(): Parameter 'UID' not found
08-11 17:28:01.377  2404  2729 E BatteryStatsService: no controller energy info supplied
08-11 17:49:34.521  2404  2708 W ProcessCpuTracker: Skipping unknown process pid 2584
08-11 17:49:39.583  2404  2708 W ProcessCpuTracker: Skipping unknown process pid 2591
08-11 17:56:14.414   388  2669 E NetlinkEvent: NetlinkEvent::FindParam(): Parameter 'UID' not found
08-11 17:56:14.422  2404  2729 E BatteryStatsService: no controller energy info supplied
08-11 17:57:34.386   388  2669 E NetlinkEvent: NetlinkEvent::FindParam(): Parameter 'UID' not found
08-11 17:57:34.397  2404  2729 E BatteryStatsService: no controller energy info supplied
08-11 18:05:35.494   388  2669 E NetlinkEvent: NetlinkEvent::FindParam(): Parameter 'UID' not found
08-11 18:05:35.498  2404  2729 E BatteryStatsService: no controller energy info supplied
08-11 18:08:02.373   388  2669 E NetlinkEvent: NetlinkEvent::FindParam(): Parameter 'UID' not found
08-11 18:08:02.378  2404  2729 E BatteryStatsService: no controller energy info supplied
08-11 18:08:02.442  2404  3308 E NetdConnector: NDC Command {8496 firewall enable_chain dozable} took too long (142701ms)
08-11 18:09:34.854   388  2669 E NetlinkEvent: NetlinkEvent::FindParam(): Parameter 'UID' not found
08-11 18:09:34.870  2404  2729 E BatteryStatsService: no controller energy info supplied
08-11 18:13:34.384   388  2669 E NetlinkEvent: NetlinkEvent::FindParam(): Parameter 'UID' not found
08-11 18:13:34.398  2404  2729 E BatteryStatsService: no controller energy info supplied
08-11 18:25:28.418   388  2669 E NetlinkEvent: NetlinkEvent::FindParam(): Parameter 'UID' not found
08-11 18:25:28.423  2404  2729 E BatteryStatsService: no controller energy info supplied
08-11 18:26:30.369   388  2669 E NetlinkEvent: NetlinkEvent::FindParam(): Parameter 'UID' not found
08-11 18:26:30.385  2404  2729 E BatteryStatsService: no controller energy info supplied
08-11 18:26:31.090   388  2669 E NetlinkEvent: NetlinkEvent::FindParam(): Parameter 'UID' not found
08-11 18:26:31.095  2404  2729 E BatteryStatsService: no controller energy info supplied
08-11 18:28:02.381   388  2669 E NetlinkEvent: NetlinkEvent::FindParam(): Parameter 'UID' not found
08-11 18:28:02.389  2404  2729 E BatteryStatsService: no controller energy info supplied
08-11 18:28:02.436  2404  3308 E NetdConnector: NDC Command {8500 firewall enable_chain dozable} took too long (86793ms)
08-11 18:30:32.618   388  2669 E NetlinkEvent: NetlinkEvent::FindParam(): Parameter 'UID' not found
08-11 18:30:32.632  2404  2729 E BatteryStatsService: no controller energy info supplied
08-11 18:31:51.399   388  2669 E NetlinkEvent: NetlinkEvent::FindParam(): Parameter 'UID' not found
08-11 18:31:51.407  2404  2729 E BatteryStatsService: no controller energy info supplied
08-11 18:32:43.653   388  2669 E NetlinkEvent: NetlinkEvent::FindParam(): Parameter 'UID' not found
08-11 18:32:43.660  2404  2729 E BatteryStatsService: no controller energy info supplied
08-11 18:34:30.382   388  2669 E NetlinkEvent: NetlinkEvent::FindParam(): Parameter 'UID' not found
08-11 18:34:30.399  2404  2729 E BatteryStatsService: no controller energy info supplied
08-11 18:54:30.459  2404  3308 E NetdConnector: NDC Command {8504 firewall enable_chain dozable} took too long (111854ms)
08-11 18:54:44.403   388  2669 E NetlinkEvent: NetlinkEvent::FindParam(): Parameter 'UID' not found
08-11 18:54:44.409  2404  2729 E BatteryStatsService: no controller energy info supplied
08-11 18:55:01.384   388  2669 E NetlinkEvent: NetlinkEvent::FindParam(): Parameter 'UID' not found
08-11 18:55:01.402  2404  2729 E BatteryStatsService: no controller energy info supplied
08-11 19:07:39.869  2404 13793 E BatteryStatsService: no controller energy info supplied
08-11 19:07:39.869  2404 13793 E BatteryStatsService: no controller energy info supplied
08-11 19:07:39.902  2404 13793 E BatteryStatsService: modem info is invalid: ModemActivityInfo{ mTimestamp=2521187058 mSleepTimeMs=-1798252960 mIdleTimeMs=1806015999 mTxTimeMs[]=[0, 0, 0, 0, 0] mRxTimeMs=25395 mEnergyUsed=0}
08-11 19:07:40.138  2404 13793 W AlarmManager: Window length 3074457345618258602ms suspiciously long; limiting to 1 hour
08-11 19:08:02.451  2404  3308 E NetdConnector: NDC Command {8506 firewall enable_chain dozable} took too long (17813ms)
08-11 19:24:02.458   388  2669 E NetlinkEvent: NetlinkEvent::FindParam(): Parameter 'UID' not found
08-11 19:24:02.464  2404  2729 E BatteryStatsService: no controller energy info supplied
08-11 19:24:21.367   388  2669 E NetlinkEvent: NetlinkEvent::FindParam(): Parameter 'UID' not found
08-11 19:24:21.372  2404  2729 E BatteryStatsService: no controller energy info supplied
08-11 19:28:02.476  2404  3308 E NetdConnector: NDC Command {8510 firewall enable_chain dozable} took too long (173841ms)
08-11 19:31:55.507  2404  2729 E BatteryStatsService: no controller energy info supplied
08-11 19:31:55.507  2404  2729 E BatteryStatsService: no controller energy info supplied
08-11 19:31:55.546  2404  2729 E BatteryStatsService: modem info is invalid: ModemActivityInfo{ mTimestamp=2522642704 mSleepTimeMs=-1796802722 mIdleTimeMs=1798253941 mTxTimeMs[]=[0, 0, 0, 0, 0] mRxTimeMs=4424 mEnergyUsed=0}
08-11 19:48:55.068   388  2669 E NetlinkEvent: NetlinkEvent::FindParam(): Parameter 'UID' not found
08-11 19:48:55.072  2404  2729 E BatteryStatsService: no controller energy info supplied
08-11 19:51:56.405   388  2669 E NetlinkEvent: NetlinkEvent::FindParam(): Parameter 'UID' not found
08-11 19:51:56.413  2404  2729 E BatteryStatsService: no controller energy info supplied
08-11 19:51:56.485  2404  3308 E NetdConnector: NDC Command {8514 firewall enable_chain dozable} took too long (176866ms)
08-11 19:51:57.004   388  2669 E NetlinkEvent: NetlinkEvent::FindParam(): Parameter 'UID' not found
08-11 19:51:57.025  2404  2729 E BatteryStatsService: no controller energy info supplied
08-11 19:52:56.468   388  2669 E NetlinkEvent: NetlinkEvent::FindParam(): Parameter 'UID' not found
08-11 19:52:56.474  2404  2729 E BatteryStatsService: no controller energy info supplied
08-11 19:52:57.395   388  2669 E NetlinkEvent: NetlinkEvent::FindParam(): Parameter 'UID' not found
08-11 19:52:57.413  2404  2729 E BatteryStatsService: no controller energy info supplied
08-11 19:53:22.414   388  2669 E NetlinkEvent: NetlinkEvent::FindParam(): Parameter 'UID' not found
08-11 19:53:22.429  2404  2729 E BatteryStatsService: no controller energy info supplied
08-11 19:53:22.489   388  2669 E NetlinkEvent: NetlinkEvent::FindParam(): Parameter 'UID' not found
08-11 19:53:22.497  2404  2729 E BatteryStatsService: no controller energy info supplied
08-11 19:53:43.781   388  2669 E NetlinkEvent: NetlinkEvent::FindParam(): Parameter 'UID' not found
08-11 19:53:43.790   388  2669 E NetlinkEvent: NetlinkEvent::FindParam(): Parameter 'UID' not found
08-11 19:53:43.796  2404  2729 E BatteryStatsService: no controller energy info supplied
08-11 19:53:43.828  2404  2729 E BatteryStatsService: no controller energy info supplied
08-11 19:54:58.417   388  2669 E NetlinkEvent: NetlinkEvent::FindParam(): Parameter 'UID' not found
08-11 19:54:58.423  2404  2729 E BatteryStatsService: no controller energy info supplied
08-11 20:13:16.465  2404  3308 E NetdConnector: NDC Command {8517 firewall enable_chain dozable} took too long (176836ms)
08-11 20:22:44.440   388  2669 E NetlinkEvent: NetlinkEvent::FindParam(): Parameter 'UID' not found
08-11 20:22:44.449  2404  2729 E BatteryStatsService: no controller energy info supplied
08-11 20:23:08.687   388  2669 E NetlinkEvent: NetlinkEvent::FindParam(): Parameter 'UID' not found
08-11 20:23:08.697  2404  2729 E BatteryStatsService: no controller energy info supplied
08-11 20:25:23.476   388  2669 E NetlinkEvent: NetlinkEvent::FindParam(): Parameter 'UID' not found
08-11 20:25:23.482  2404  2729 E BatteryStatsService: no controller energy info supplied
08-11 20:28:02.426   388  2669 E NetlinkEvent: NetlinkEvent::FindParam(): Parameter 'UID' not found
08-11 20:28:02.433  2404  2729 E BatteryStatsService: no controller energy info supplied
08-11 20:28:02.475  2404  3308 E NetdConnector: NDC Command {8521 firewall enable_chain dozable} took too long (154780ms)
08-11 20:28:24.902   388  2669 E NetlinkEvent: NetlinkEvent::FindParam(): Parameter 'UID' not found
08-11 20:28:24.915  2404  2729 E BatteryStatsService: no controller energy info supplied
08-11 20:29:24.991   388  2669 E NetlinkEvent: NetlinkEvent::FindParam(): Parameter 'UID' not found
08-11 20:29:24.998   388  2669 E NetlinkEvent: NetlinkEvent::FindParam(): Parameter 'UID' not found
08-11 20:29:25.000  2404  2729 E BatteryStatsService: no controller energy info supplied
08-11 20:29:25.035  2404  2729 E BatteryStatsService: no controller energy info supplied
08-11 20:31:26.424   388  2669 E NetlinkEvent: NetlinkEvent::FindParam(): Parameter 'UID' not found
08-11 20:31:26.433  2404  2729 E BatteryStatsService: no controller energy info supplied
08-11 20:32:45.683   388  2669 E NetlinkEvent: NetlinkEvent::FindParam(): Parameter 'UID' not found
08-11 20:32:45.693  2404  2729 E BatteryStatsService: no controller energy info supplied
08-11 20:34:28.435   388  2669 E NetlinkEvent: NetlinkEvent::FindParam(): Parameter 'UID' not found
08-11 20:34:28.448  2404  2729 E BatteryStatsService: no controller energy info supplied
08-11 20:43:33.478  2404  2710 E NetdConnector: NDC Command {8522 firewall set_uid_rule dozable 10002 allow} took too long (148953ms)
08-11 20:52:09.468   388  2669 E NetlinkEvent: NetlinkEvent::FindParam(): Parameter 'UID' not found
08-11 20:52:09.474  2404  2729 E BatteryStatsService: no controller energy info supplied
08-11 20:52:09.501  2404  3308 E NetdConnector: NDC Command {8527 firewall enable_chain dozable} took too long (147869ms)
08-11 20:52:36.639   388  2669 E NetlinkEvent: NetlinkEvent::FindParam(): Parameter 'UID' not found
08-11 20:52:36.650  2404  2729 E BatteryStatsService: no controller energy info supplied
08-11 21:08:02.512  2404  3308 E NetdConnector: NDC Command {8529 firewall enable_chain dozable} took too long (160874ms)
08-11 21:17:03.007   388  2669 E NetlinkEvent: NetlinkEvent::FindParam(): Parameter 'UID' not found
08-11 21:17:03.021  2404  2729 E BatteryStatsService: no controller energy info supplied
08-11 21:18:02.446   388  2669 E NetlinkEvent: NetlinkEvent::FindParam(): Parameter 'UID' not found
08-11 21:18:02.455  2404  2729 E BatteryStatsService: no controller energy info supplied
08-11 21:21:37.502   388  2669 E NetlinkEvent: NetlinkEvent::FindParam(): Parameter 'UID' not found
08-11 21:21:37.508  2404  2729 E BatteryStatsService: no controller energy info supplied
08-11 21:22:07.980   388  2669 E NetlinkEvent: NetlinkEvent::FindParam(): Parameter 'UID' not found
08-11 21:22:07.988  2404  2729 E BatteryStatsService: no controller energy info supplied
08-11 21:22:38.853  2404  3324 E BatteryStatsService: no controller energy info supplied
08-11 21:22:38.854  2404  3324 E BatteryStatsService: no controller energy info supplied
08-11 21:22:38.882  2404  3324 E BatteryStatsService: modem info is invalid: ModemActivityInfo{ mTimestamp=2529286041 mSleepTimeMs=-1790188284 mIdleTimeMs=1796807404 mTxTimeMs[]=[0, 0, 0, 0, 0] mRxTimeMs=24222 mEnergyUsed=0}
08-11 21:22:39.476   388  2669 E NetlinkEvent: NetlinkEvent::FindParam(): Parameter 'UID' not found
08-11 21:22:39.482  2404  2729 E BatteryStatsService: no controller energy info supplied
08-11 21:24:34.455   388  2669 E NetlinkEvent: NetlinkEvent::FindParam(): Parameter 'UID' not found
08-11 21:24:34.466  2404  2729 E BatteryStatsService: no controller energy info supplied
08-11 21:24:34.526  2404  3308 E NetdConnector: NDC Command {8533 firewall enable_chain dozable} took too long (110859ms)
08-11 21:24:35.289   388  2669 E NetlinkEvent: NetlinkEvent::FindParam(): Parameter 'UID' not found
08-11 21:24:35.308  2404  2729 E BatteryStatsService: no controller energy info supplied
08-11 21:26:40.788   388  2669 E NetlinkEvent: NetlinkEvent::FindParam(): Parameter 'UID' not found
08-11 21:26:40.804  2404  2729 E BatteryStatsService: no controller energy info supplied
08-11 21:26:40.821   388  2669 E NetlinkEvent: NetlinkEvent::FindParam(): Parameter 'UID' not found
08-11 21:26:40.846  2404  2729 E BatteryStatsService: no controller energy info supplied
08-11 21:28:02.441   388  2669 E NetlinkEvent: NetlinkEvent::FindParam(): Parameter 'UID' not found
08-11 21:28:02.450  2404  2729 E BatteryStatsService: no controller energy info supplied
08-11 21:48:02.476  2404  2708 W ProcessCpuTracker: Skipping unknown process pid 3153
08-11 21:48:54.469   388  2669 E NetlinkEvent: NetlinkEvent::FindParam(): Parameter 'UID' not found
08-11 21:48:54.486  2404  2729 E BatteryStatsService: no controller energy info supplied
08-11 21:50:01.452   388  2669 E NetlinkEvent: NetlinkEvent::FindParam(): Parameter 'UID' not found
08-11 21:50:01.464  2404  2729 E BatteryStatsService: no controller energy info supplied
08-11 21:50:01.491  2404  3308 E NetdConnector: NDC Command {8537 firewall enable_chain dozable} took too long (61834ms)
08-11 21:51:08.303   388  2669 E NetlinkEvent: NetlinkEvent::FindParam(): Parameter 'UID' not found
08-11 21:51:08.315   388  2669 E NetlinkEvent: NetlinkEvent::FindParam(): Parameter 'UID' not found
08-11 21:51:08.317  2404  2729 E BatteryStatsService: no controller energy info supplied
08-11 21:51:08.360  2404  2729 E BatteryStatsService: no controller energy info supplied
08-11 21:51:08.361   388  2669 E NetlinkEvent: NetlinkEvent::FindParam(): Parameter 'UID' not found
08-11 21:51:08.387  2404  2729 E BatteryStatsService: no controller energy info supplied
08-11 21:52:09.454   388  2669 E NetlinkEvent: NetlinkEvent::FindParam(): Parameter 'UID' not found
08-11 21:52:09.460  2404  2729 E BatteryStatsService: no controller energy info supplied
08-11 21:52:09.505  2404  4327 D ConnectivityService: reportNetworkConnectivity(119, false) by 10011
08-11 21:52:09.511   388  2669 E NetlinkEvent: NetlinkEvent::FindParam(): Parameter 'UID' not found
08-11 21:52:09.517  2404  2729 E BatteryStatsService: no controller energy info supplied
08-11 21:52:11.417  2404  3315 D ConnectivityService: NetworkAgentInfo [WIFI () - 119] validation passed
08-11 21:53:11.451   388  2669 E NetlinkEvent: NetlinkEvent::FindParam(): Parameter 'UID' not found
08-11 21:53:11.457  2404  2729 E BatteryStatsService: no controller energy info supplied
08-11 21:56:10.267   388  2669 E NetlinkEvent: NetlinkEvent::FindParam(): Parameter 'UID' not found
08-11 21:56:10.278   388  2669 E NetlinkEvent: NetlinkEvent::FindParam(): Parameter 'UID' not found
08-11 21:56:10.282  2404  2729 E BatteryStatsService: no controller energy info supplied
08-11 21:56:10.309  2404  2729 E BatteryStatsService: no controller energy info supplied
08-11 21:56:11.493   388  2669 E NetlinkEvent: NetlinkEvent::FindParam(): Parameter 'UID' not found
08-11 21:56:11.507  2404  2729 E BatteryStatsService: no controller energy info supplied
08-11 21:58:02.451   388  2669 E NetlinkEvent: NetlinkEvent::FindParam(): Parameter 'UID' not found
08-11 21:58:02.460  2404  2729 E BatteryStatsService: no controller energy info supplied
08-11 22:00:00.496  2404  2404 D ConditionProviders.SCP: onReceive ScheduleConditionProvider.EVALUATE
08-11 22:00:00.496  2404  2404 D ConditionProviders.SCP: notifyCondition condition://android/schedule?days=6.7&start=23.30&end=10.0&exitAtAlarm=false STATE_FALSE reason=!meetsSchedule
08-11 22:00:00.496  2404  2404 D ConditionProviders.SCP: notifyCondition condition://android/schedule?days=1.2.3.4.5&start=22.0&end=7.0&exitAtAlarm=false STATE_FALSE reason=!meetsSchedule
08-11 22:00:00.497  2404  2404 D ConditionProviders.SCP: Scheduling evaluate for Sat Aug 11 23:30:00 GMT+09:00 2018 (1533997800000), in +1h29m59s504ms, now=Sat Aug 11 22:00:00 GMT+09:00 2018 (1533992400496)
08-11 22:00:00.546  2404  2729 E BatteryStatsService: no controller energy info supplied
08-11 22:00:00.549  2404  2729 E BatteryStatsService: no controller energy info supplied
08-11 22:00:00.577  2404  2729 E BatteryStatsService: modem info is invalid: ModemActivityInfo{ mTimestamp=2531527736 mSleepTimeMs=-1787954982 mIdleTimeMs=1790189805 mTxTimeMs[]=[0, 0, 0, 0, 0] mRxTimeMs=6870 mEnergyUsed=0}
08-11 22:06:57.518  2404  3308 E NetdConnector: NDC Command {8539 firewall enable_chain dozable} took too long (171833ms)
08-11 22:21:12.501   388  2669 E NetlinkEvent: NetlinkEvent::FindParam(): Parameter 'UID' not found
08-11 22:21:12.505  2404  2729 E BatteryStatsService: no controller energy info supplied
08-11 22:21:12.530  2404  3308 E NetdConnector: NDC Command {8543 firewall enable_chain dozable} took too long (62797ms)
08-11 22:23:09.470   388  2669 E NetlinkEvent: NetlinkEvent::FindParam(): Parameter 'UID' not found
08-11 22:23:09.485  2404  2729 E BatteryStatsService: no controller energy info supplied
08-11 22:32:46.731   388  2669 E NetlinkEvent: NetlinkEvent::FindParam(): Parameter 'UID' not found
08-11 22:32:46.758  2404  2729 E BatteryStatsService: no controller energy info supplied
08-11 22:35:16.473   388  2669 E NetlinkEvent: NetlinkEvent::FindParam(): Parameter 'UID' not found
08-11 22:35:16.482  2404  2729 E BatteryStatsService: no controller energy info supplied
08-11 22:35:17.269   388  2669 E NetlinkEvent: NetlinkEvent::FindParam(): Parameter 'UID' not found
08-11 22:35:17.273  2404  2729 E BatteryStatsService: no controller energy info supplied
08-11 22:38:02.462   388  2669 E NetlinkEvent: NetlinkEvent::FindParam(): Parameter 'UID' not found
08-11 22:38:02.470  2404  2729 E BatteryStatsService: no controller energy info supplied
08-11 22:38:02.515  2404  3308 E NetdConnector: NDC Command {8545 firewall enable_chain dozable} took too long (160825ms)
08-11 22:38:18.757   388  2669 E NetlinkEvent: NetlinkEvent::FindParam(): Parameter 'UID' not found
08-11 22:38:18.772  2404  2729 E BatteryStatsService: no controller energy info supplied
08-11 22:39:18.479   388  2669 E NetlinkEvent: NetlinkEvent::FindParam(): Parameter 'UID' not found
08-11 22:39:18.490  2404  2729 E BatteryStatsService: no controller energy info supplied
08-11 22:39:18.512   388  2669 E NetlinkEvent: NetlinkEvent::FindParam(): Parameter 'UID' not found
08-11 22:39:18.520  2404  2729 E BatteryStatsService: no controller energy info supplied
08-11 22:41:20.474   388  2669 E NetlinkEvent: NetlinkEvent::FindParam(): Parameter 'UID' not found
08-11 22:41:20.485  2404  2729 E BatteryStatsService: no controller energy info supplied
08-11 22:50:14.523   388  2669 E NetlinkEvent: NetlinkEvent::FindParam(): Parameter 'UID' not found
08-11 22:50:14.531  2404  2729 E BatteryStatsService: no controller energy info supplied
08-11 22:51:16.478   388  2669 E NetlinkEvent: NetlinkEvent::FindParam(): Parameter 'UID' not found
08-11 22:51:16.490  2404  2729 E BatteryStatsService: no controller energy info supplied
08-11 22:51:21.618   388  2669 E NetlinkEvent: NetlinkEvent::FindParam(): Parameter 'UID' not found
08-11 22:51:21.628  2404  2729 E BatteryStatsService: no controller energy info supplied
08-11 22:54:18.493   388  2669 E NetlinkEvent: NetlinkEvent::FindParam(): Parameter 'UID' not found
08-11 22:54:18.510  2404  2729 E BatteryStatsService: no controller energy info supplied
08-11 22:54:18.561  2404  3308 E NetdConnector: NDC Command {8549 firewall enable_chain dozable} took too long (176827ms)
08-11 22:57:20.497   388  2669 E NetlinkEvent: NetlinkEvent::FindParam(): Parameter 'UID' not found
08-11 22:57:20.510  2404  2729 E BatteryStatsService: no controller energy info supplied
08-11 22:58:01.472   388  2669 E NetlinkEvent: NetlinkEvent::FindParam(): Parameter 'UID' not found
08-11 22:58:01.481  2404  2729 E BatteryStatsService: no controller energy info supplied
08-11 23:06:22.546  2404  5624 W AlarmManager: Window length 1152921504606846975ms suspiciously long; limiting to 1 hour
08-11 23:06:25.059  2404  2708 I ProcessStatsService: Prepared write state in 11ms
08-11 23:08:02.527  2404  3308 E NetdConnector: NDC Command {8551 firewall enable_chain dozable} took too long (94822ms)
08-11 23:19:16.553   388  2669 E NetlinkEvent: NetlinkEvent::FindParam(): Parameter 'UID' not found
08-11 23:19:16.563  2404  2729 E BatteryStatsService: no controller energy info supplied
08-11 23:28:02.483   388  2669 E NetlinkEvent: NetlinkEvent::FindParam(): Parameter 'UID' not found
08-11 23:28:02.490  2404  2729 E BatteryStatsService: no controller energy info supplied
08-11 23:30:01.604  2404  2404 D ConditionProviders.SCP: onReceive ScheduleConditionProvider.EVALUATE
08-11 23:30:01.605  2404  2404 D ConditionProviders.SCP: notifyCondition condition://android/schedule?days=6.7&start=23.30&end=10.0&exitAtAlarm=false STATE_TRUE reason=meetsSchedule
08-11 23:30:01.605  2404  2404 D ConditionProviders.SCP: notifyCondition condition://android/schedule?days=1.2.3.4.5&start=22.0&end=7.0&exitAtAlarm=false STATE_FALSE reason=!meetsSchedule
08-11 23:30:01.607  2404  2404 D ConditionProviders.SCP: Scheduling evaluate for Sun Aug 12 07:00:00 GMT+09:00 2018 (1534024800000), in +7h29m58s396ms, now=Sat Aug 11 23:30:01 GMT+09:00 2018 (1533997801604)
08-11 23:30:01.645  2404  2404 V BackupManagerService: Scheduling immediate backup pass
08-11 23:30:01.647  2404  2404 W BackupManagerService: Backup pass but e=false p=true
08-11 23:30:01.920  2404 11160 E BatteryStatsService: no controller energy info supplied
08-11 23:30:01.920  2404 11160 E BatteryStatsService: no controller energy info supplied
08-11 23:30:01.949  2404 11160 E BatteryStatsService: modem info is invalid: ModemActivityInfo{ mTimestamp=2536929107 mSleepTimeMs=-1782574169 mIdleTimeMs=1787958622 mTxTimeMs[]=[0, 0, 0, 0, 0] mRxTimeMs=16920 mEnergyUsed=0}
08-11 23:30:02.485   388  2669 E NetlinkEvent: NetlinkEvent::FindParam(): Parameter 'UID' not found
08-11 23:30:02.492  2404  2729 E BatteryStatsService: no controller energy info supplied
08-11 23:32:12.491   388  2669 E NetlinkEvent: NetlinkEvent::FindParam(): Parameter 'UID' not found
08-11 23:32:12.502  2404  2729 E BatteryStatsService: no controller energy info supplied
08-11 23:32:12.574  2404  3308 E NetdConnector: NDC Command {8555 firewall enable_chain dozable} took too long (125793ms)
08-11 23:32:13.245   388  2669 E NetlinkEvent: NetlinkEvent::FindParam(): Parameter 'UID' not found
08-11 23:32:13.264  2404  2729 E BatteryStatsService: no controller energy info supplied
