--------- beginning of system
10-16 14:53:41.577   271  3306 D vold    : Starting trim of /data
10-16 14:53:41.592  2264  2264 I chatty  : uid=1000 system_server expire 91 lines
10-16 14:53:41.671  2264  3307 I chatty  : uid=1000(system) NetdConnector expire 1 line
10-16 14:53:41.906  2264  3300 I chatty  : uid=1000(system) InputDispatcher expire 1 line
10-16 14:53:42.845   271  3306 I vold    : Trimmed 5681451008 bytes on /data in 1267ms
10-16 14:53:42.846  2264  3304 I chatty  : uid=1000(system) VoldConnector expire 1 line
10-16 14:53:42.864  2264  2740 I chatty  : uid=1000(system) PowerManagerSer expire 1 line
10-16 14:53:43.045  2264  2264 I chatty  : uid=1000 system_server expire 100 lines
10-16 14:53:43.237  2264  2391 I chatty  : uid=1000(system) ActivityManager expire 25 lines
10-16 14:53:43.258  2264  3303 I chatty  : uid=1000(system) MountService expire 8 lines
10-16 14:53:43.259   271   277 D vold    : e4crypt_unlock_user_key 0 serial=0 token_present=0
10-16 14:53:43.260  2264  3305 I chatty  : uid=1000(system) CryptdConnector expire 4 lines
10-16 14:53:43.265  2264  3304 I chatty  : uid=1000(system) VoldConnector expire 12 lines
10-16 14:53:43.270  2264  2714 I chatty  : uid=1000(system) android.fg expire 1 line
10-16 14:53:43.285   271   276 V vold    : Waiting for FUSE to spin up...
10-16 14:53:43.335   271   276 V vold    : Waiting for FUSE to spin up...
10-16 14:53:43.677  3372  3372 V FingerprintManager: FingerprintManagerService was null
10-16 14:53:43.865  2264  2392 I chatty  : uid=1000(system) android.ui expire 2 lines
10-16 14:53:44.063  2264  2395 I chatty  : uid=1000(system) batterystats-sy expire 2 lines
10-16 14:53:44.492  2264  3327 I chatty  : uid=1000(system) Binder:2264_3 expire 6 lines
10-16 14:53:44.802  2264  2390 I chatty  : uid=1000(system) android.bg expire 7 lines
10-16 14:53:45.057  2264  3831 I chatty  : uid=1000(system) uteStateMachine expire 1 line
10-16 14:53:45.063  3781  3781 W ContextImpl: Calling a method in the system process without a qualified user: android.app.ContextImpl.sendBroadcast:877 android.content.ContextWrapper.sendBroadcast:421 com.quicinc.cne.CNEService.CNEServiceApp.broadcastCNEStarted:103 com.quicinc.cne.CNEService.CNEServiceApp.startCne:123 com.quicinc.cne.CNEService.CNEServiceApp.onCreate:94 
10-16 14:53:45.074  2264  3833 I chatty  : uid=1000(system) CallAudioModeSt expire 1 line
10-16 14:53:45.123  2264  3837 I chatty  : uid=1000(system) AsyncQueryWorke expire 1 line
10-16 14:53:45.358  2264  3324 I chatty  : uid=1000(system) onProviders.ECP expire 2 lines
10-16 14:53:45.587  2264  3806 I chatty  : uid=1000(system) Binder:2264_5 expire 6 lines
10-16 14:53:45.736  3752  3752 E ActivityThread: Failed to find provider info for com.google.android.gsf.gservices
10-16 14:53:45.737  3752  3752 E ActivityThread: Failed to find provider info for com.google.android.gsf.gservices
10-16 14:53:45.752  3752  3752 E ActivityThread: Failed to find provider info for com.google.android.gsf.gservices
10-16 14:53:45.753  3752  3752 E ActivityThread: Failed to find provider info for com.google.android.gsf.gservices
10-16 14:53:45.755  3752  3752 E ActivityThread: Failed to find provider info for com.google.android.gsf.gservices
10-16 14:53:45.779  3752  3752 E ActivityThread: Failed to find provider info for com.google.android.gsf.gservices
10-16 14:53:45.860  2264  3318 I chatty  : uid=1000(system) ConnectivitySer expire 5 lines
10-16 14:53:45.927  3372  3372 I StatusBar: isKeyguardShowing() called before startKeyguard(), returning true
10-16 14:53:45.928  3789  3959 E ActivityThread: Failed to find provider info for com.android.contacts
10-16 14:53:45.932  3372  3372 W StatusBar: isKeyguardSecure() called before startKeyguard(), returning false
10-16 14:53:45.932  3372  3372 W StatusBar: java.lang.Throwable
10-16 14:53:45.932  3372  3372 W StatusBar: 	at com.android.systemui.statusbar.BaseStatusBar.isKeyguardSecure(BaseStatusBar.java:2663)
10-16 14:53:45.932  3372  3372 W StatusBar: 	at com.android.systemui.statusbar.BaseStatusBar.isCameraAllowedByAdmin(BaseStatusBar.java:2686)
10-16 14:53:45.932  3372  3372 W StatusBar: 	at com.android.systemui.statusbar.phone.KeyguardBottomAreaView.updateCameraVisibility(KeyguardBottomAreaView.java:315)
10-16 14:53:45.932  3372  3372 W StatusBar: 	at com.android.systemui.statusbar.phone.KeyguardBottomAreaView.setPhoneStatusBar(KeyguardBottomAreaView.java:278)
10-16 14:53:45.932  3372  3372 W StatusBar: 	at com.android.systemui.statusbar.phone.PhoneStatusBar.makeStatusBarView(PhoneStatusBar.java:960)
10-16 14:53:45.932  3372  3372 W StatusBar: 	at com.android.systemui.statusbar.phone.PhoneStatusBar.addStatusBarWindow(PhoneStatusBar.java:3538)
10-16 14:53:45.932  3372  3372 W StatusBar: 	at com.android.systemui.statusbar.phone.PhoneStatusBar.createAndAddWindows(PhoneStatusBar.java:3534)
10-16 14:53:45.932  3372  3372 W StatusBar: 	at com.android.systemui.statusbar.BaseStatusBar.start(BaseStatusBar.java:770)
10-16 14:53:45.932  3372  3372 W StatusBar: 	at com.android.systemui.statusbar.phone.PhoneStatusBar.start(PhoneStatusBar.java:707)
10-16 14:53:45.932  3372  3372 W StatusBar: 	at com.android.systemui.statusbar.SystemBars.createStatusBarFromConfig(SystemBars.java:106)
10-16 14:53:45.932  3372  3372 W StatusBar: 	at com.android.systemui.statusbar.SystemBars.onNoService(SystemBars.java:58)
10-16 14:53:45.932  3372  3372 W StatusBar: 	at com.android.systemui.statusbar.ServiceMonitor.startService(ServiceMonitor.java:230)
10-16 14:53:45.932  3372  3372 W StatusBar: 	at com.android.systemui.statusbar.ServiceMonitor.-wrap5(ServiceMonitor.java)
10-16 14:53:45.932  3372  3372 W StatusBar: 	at com.android.systemui.statusbar.ServiceMonitor$1.handleMessage(ServiceMonitor.java:73)
10-16 14:53:45.932  3372  3372 W StatusBar: 	at android.os.Handler.dispatchMessage(Handler.java:102)
10-16 14:53:45.932  3372  3372 W StatusBar: 	at android.os.Looper.loop(Looper.java:154)
10-16 14:53:45.932  3372  3372 W StatusBar: 	at android.app.ActivityThread.main(ActivityThread.java:6121)
10-16 14:53:45.932  3372  3372 W StatusBar: 	at java.lang.reflect.Method.invoke(Native Method)
10-16 14:53:45.932  3372  3372 W StatusBar: 	at com.android.internal.os.ZygoteInit$MethodAndArgsCaller.run(ZygoteInit.java:889)
10-16 14:53:45.932  3372  3372 W StatusBar: 	at com.android.internal.os.ZygoteInit.main(ZygoteInit.java:779)
10-16 14:53:45.934  3372  3372 I StatusBar: isKeyguardShowing() called before startKeyguard(), returning true
10-16 14:53:45.935  3372  3372 W StatusBar: isKeyguardSecure() called before startKeyguard(), returning false
10-16 14:53:45.935  3372  3372 W StatusBar: java.lang.Throwable
10-16 14:53:45.935  3372  3372 W StatusBar: 	at com.android.systemui.statusbar.BaseStatusBar.isKeyguardSecure(BaseStatusBar.java:2663)
10-16 14:53:45.935  3372  3372 W StatusBar: 	at com.android.systemui.statusbar.BaseStatusBar.isCameraAllowedByAdmin(BaseStatusBar.java:2686)
10-16 14:53:45.935  3372  3372 W StatusBar: 	at com.android.systemui.statusbar.phone.KeyguardBottomAreaView.updateCameraVisibility(KeyguardBottomAreaView.java:315)
10-16 14:53:45.935  3372  3372 W StatusBar: 	at com.android.systemui.statusbar.phone.KeyguardBottomAreaView.setUserSetupComplete(KeyguardBottomAreaView.java:287)
10-16 14:53:45.935  3372  3372 W StatusBar: 	at com.android.systemui.statusbar.phone.PhoneStatusBar.makeStatusBarView(PhoneStatusBar.java:961)
10-16 14:53:45.935  3372  3372 W StatusBar: 	at com.android.systemui.statusbar.phone.PhoneStatusBar.addStatusBarWindow(PhoneStatusBar.java:3538)
10-16 14:53:45.935  3372  3372 W StatusBar: 	at com.android.systemui.statusbar.phone.PhoneStatusBar.createAndAddWindows(PhoneStatusBar.java:3534)
10-16 14:53:45.935  3372  3372 W StatusBar: 	at com.android.systemui.statusbar.BaseStatusBar.start(BaseStatusBar.java:770)
10-16 14:53:45.935  3372  3372 W StatusBar: 	at com.android.systemui.statusbar.phone.PhoneStatusBar.start(PhoneStatusBar.java:707)
10-16 14:53:45.935  3372  3372 W StatusBar: 	at com.android.systemui.statusbar.SystemBars.createStatusBarFromConfig(SystemBars.java:106)
10-16 14:53:45.935  3372  3372 W StatusBar: 	at com.android.systemui.statusbar.SystemBars.onNoService(SystemBars.java:58)
10-16 14:53:45.935  3372  3372 W StatusBar: 	at com.android.systemui.statusbar.ServiceMonitor.startService(ServiceMonitor.java:230)
10-16 14:53:45.935  3372  3372 W StatusBar: 	at com.android.systemui.statusbar.ServiceMonitor.-wrap5(ServiceMonitor.java)
10-16 14:53:45.935  3372  3372 W StatusBar: 	at com.android.systemui.statusbar.ServiceMonitor$1.handleMessage(ServiceMonitor.java:73)
10-16 14:53:45.935  3372  3372 W StatusBar: 	at android.os.Handler.dispatchMessage(Handler.java:102)
10-16 14:53:45.935  3372  3372 W StatusBar: 	at android.os.Looper.loop(Looper.java:154)
10-16 14:53:45.935  3372  3372 W StatusBar: 	at android.app.ActivityThread.main(ActivityThread.java:6121)
10-16 14:53:45.935  3372  3372 W StatusBar: 	at java.lang.reflect.Method.invoke(Native Method)
10-16 14:53:45.935  3372  3372 W StatusBar: 	at com.android.internal.os.ZygoteInit$MethodAndArgsCaller.run(ZygoteInit.java:889)
10-16 14:53:45.935  3372  3372 W StatusBar: 	at com.android.internal.os.ZygoteInit.main(ZygoteInit.java:779)
10-16 14:53:45.971  3752  3752 E ActivityThread: Failed to find provider info for com.google.android.gsf.gservices
10-16 14:53:46.094  3372  3840 E ActivityThread: Failed to find provider info for com.android.contacts
10-16 14:53:46.095  3372  3372 I StatusBar: isKeyguardShowing() called before startKeyguard(), returning true
10-16 14:53:46.097  3372  3372 W StatusBar: isKeyguardSecure() called before startKeyguard(), returning false
10-16 14:53:46.097  3372  3372 W StatusBar: java.lang.Throwable
10-16 14:53:46.097  3372  3372 W StatusBar: 	at com.android.systemui.statusbar.BaseStatusBar.isKeyguardSecure(BaseStatusBar.java:2663)
10-16 14:53:46.097  3372  3372 W StatusBar: 	at com.android.systemui.statusbar.BaseStatusBar.isCameraAllowedByAdmin(BaseStatusBar.java:2686)
10-16 14:53:46.097  3372  3372 W StatusBar: 	at com.android.systemui.statusbar.phone.KeyguardBottomAreaView.updateCameraVisibility(KeyguardBottomAreaView.java:315)
10-16 14:53:46.097  3372  3372 W StatusBar: 	at com.android.systemui.statusbar.phone.KeyguardBottomAreaView.setUserSetupComplete(KeyguardBottomAreaView.java:287)
10-16 14:53:46.097  3372  3372 W StatusBar: 	at com.android.systemui.statusbar.phone.PhoneStatusBar$1.onChange(PhoneStatusBar.java:458)
10-16 14:53:46.097  3372  3372 W StatusBar: 	at com.android.systemui.statusbar.phone.PhoneStatusBar.resetUserSetupObserver(PhoneStatusBar.java:3785)
10-16 14:53:46.097  3372  3372 W StatusBar: 	at com.android.systemui.statusbar.phone.PhoneStatusBar.makeStatusBarView(PhoneStatusBar.java:1067)
10-16 14:53:46.097  3372  3372 W StatusBar: 	at com.android.systemui.statusbar.phone.PhoneStatusBar.addStatusBarWindow(PhoneStatusBar.java:3538)
10-16 14:53:46.097  3372  3372 W StatusBar: 	at com.android.systemui.statusbar.phone.PhoneStatusBar.createAndAddWindows(PhoneStatusBar.java:3534)
10-16 14:53:46.097  3372  3372 W StatusBar: 	at com.android.systemui.statusbar.BaseStatusBar.start(BaseStatusBar.java:770)
10-16 14:53:46.097  3372  3372 W StatusBar: 	at com.android.systemui.statusbar.phone.PhoneStatusBar.start(PhoneStatusBar.java:707)
10-16 14:53:46.097  3372  3372 W StatusBar: 	at com.android.systemui.statusbar.SystemBars.createStatusBarFromConfig(SystemBars.java:106)
10-16 14:53:46.097  3372  3372 W StatusBar: 	at com.android.systemui.statusbar.SystemBars.onNoService(SystemBars.java:58)
10-16 14:53:46.097  3372  3372 W StatusBar: 	at com.android.systemui.statusbar.ServiceMonitor.startService(ServiceMonitor.java:230)
10-16 14:53:46.097  3372  3372 W StatusBar: 	at com.android.systemui.statusbar.ServiceMonitor.-wrap5(ServiceMonitor.java)
10-16 14:53:46.097  3372  3372 W StatusBar: 	at com.android.systemui.statusbar.ServiceMonitor$1.handleMessage(ServiceMonitor.java:73)
10-16 14:53:46.097  3372  3372 W StatusBar: 	at android.os.Handler.dispatchMessage(Handler.java:102)
10-16 14:53:46.097  3372  3372 W StatusBar: 	at android.os.Looper.loop(Looper.java:154)
10-16 14:53:46.097  3372  3372 W StatusBar: 	at android.app.ActivityThread.main(ActivityThread.java:6121)
10-16 14:53:46.097  3372  3372 W StatusBar: 	at java.lang.reflect.Method.invoke(Native Method)
10-16 14:53:46.097  3372  3372 W StatusBar: 	at com.android.internal.os.ZygoteInit$MethodAndArgsCaller.run(ZygoteInit.java:889)
10-16 14:53:46.097  3372  3372 W StatusBar: 	at com.android.internal.os.ZygoteInit.main(ZygoteInit.java:779)
10-16 14:53:46.200  3752  3752 E ActivityThread: Failed to find provider info for com.google.android.gsf.gservices
10-16 14:53:46.211  3752  3752 E ActivityThread: Failed to find provider info for com.google.android.gsf.gservices
10-16 14:53:46.248  3752  3752 E ActivityThread: Failed to find provider info for com.google.android.gsf.gservices
10-16 14:53:46.251  3752  3752 E ActivityThread: Failed to find provider info for com.google.android.gsf.gservices
10-16 14:53:46.318  3752  3752 E ActivityThread: Failed to find provider info for com.google.android.gsf.gservices
10-16 14:53:46.410  3752  4034 E ActivityThread: Failed to find provider info for com.google.android.gsf.gservices
10-16 14:53:46.412  3752  4034 E ActivityThread: Failed to find provider info for com.google.android.gsf.gservices
10-16 14:53:46.421  3752  4034 E ActivityThread: Failed to find provider info for com.google.android.gsf.gservices
10-16 14:53:46.423  3752  4034 E ActivityThread: Failed to find provider info for com.google.android.gsf.gservices
10-16 14:53:46.435  3752  4034 E ActivityThread: Failed to find provider info for com.google.android.gsf.gservices
10-16 14:53:46.437  3752  4034 E ActivityThread: Failed to find provider info for com.google.android.gsf.gservices
10-16 14:53:46.446  3752  4034 E ActivityThread: Failed to find provider info for com.google.android.gsf.gservices
10-16 14:53:46.449  3752  4034 E ActivityThread: Failed to find provider info for com.google.android.gsf.gservices
10-16 14:53:46.454  3752  4034 E ActivityThread: Failed to find provider info for com.google.android.gsf.gservices
10-16 14:53:46.456  3752  4034 E ActivityThread: Failed to find provider info for com.google.android.gsf.gservices
10-16 14:53:46.466  3752  4034 E ActivityThread: Failed to find provider info for com.google.android.gsf.gservices
10-16 14:53:46.468  3752  4034 E ActivityThread: Failed to find provider info for com.google.android.gsf.gservices
10-16 14:53:46.475  3752  4034 E ActivityThread: Failed to find provider info for com.google.android.gsf.gservices
10-16 14:53:46.477  3752  4034 E ActivityThread: Failed to find provider info for com.google.android.gsf.gservices
10-16 14:53:46.489  3752  4034 E ActivityThread: Failed to find provider info for com.google.android.gsf.gservices
10-16 14:53:46.495  3752  4034 E ActivityThread: Failed to find provider info for com.google.android.gsf.gservices
10-16 14:53:46.499  3752  4034 E ActivityThread: Failed to find provider info for com.google.android.gsf.gservices
10-16 14:53:46.500  3752  4034 E ActivityThread: Failed to find provider info for com.google.android.gsf.gservices
10-16 14:53:46.583  3752  4034 E ActivityThread: Failed to find provider info for com.google.android.gsf.gservices
10-16 14:53:46.586  3752  4034 E ActivityThread: Failed to find provider info for com.google.android.gsf.gservices
10-16 14:53:46.598  2264  2302 I chatty  : uid=1000(system) Binder:2264_1 expire 6 lines
10-16 14:53:46.598   271   277 D VoldCryptCmdListener: cryptfs getpw
10-16 14:53:46.601   271   277 D VoldCryptCmdListener: cryptfs clearpw
10-16 14:53:46.602  3752  4034 E ActivityThread: Failed to find provider info for com.google.android.gsf.gservices
10-16 14:53:46.605  3752  4034 E ActivityThread: Failed to find provider info for com.google.android.gsf.gservices
10-16 14:53:46.633  3752  4034 E ActivityThread: Failed to find provider info for com.google.android.gsf.gservices
10-16 14:53:46.635  3752  4034 E ActivityThread: Failed to find provider info for com.google.android.gsf.gservices
10-16 14:53:46.635  2264  3313 I chatty  : uid=1000(system) WifiService expire 1 line
10-16 14:53:46.648  3752  4034 E ActivityThread: Failed to find provider info for com.google.android.gsf.gservices
10-16 14:53:46.651  3752  4034 E ActivityThread: Failed to find provider info for com.google.android.gsf.gservices
10-16 14:53:46.656  3752  4034 E ActivityThread: Failed to find provider info for com.google.android.gsf.gservices
10-16 14:53:46.659  3752  4034 E ActivityThread: Failed to find provider info for com.google.android.gsf.gservices
10-16 14:53:46.674  3752  4034 E ActivityThread: Failed to find provider info for com.google.android.gsf.gservices
10-16 14:53:46.677  3752  4034 E ActivityThread: Failed to find provider info for com.google.android.gsf.gservices
10-16 14:53:46.687  3752  4034 E ActivityThread: Failed to find provider info for com.google.android.gsf.gservices
10-16 14:53:46.693  3752  4034 E ActivityThread: Failed to find provider info for com.google.android.gsf.gservices
10-16 14:53:46.853  2264  3813 I chatty  : uid=1000(system) Binder:2264_7 expire 3 lines
10-16 14:53:47.077  3372  3372 V KeyguardStatusView: refresh statusview showing:true
10-16 14:53:47.114  2264  3731 I chatty  : uid=1000(system) Binder:2264_4 expire 4 lines
10-16 14:53:47.166  3372  3372 V KeyguardDisplayManager: show
10-16 14:53:47.786  2264  3812 I chatty  : uid=1000(system) Binder:2264_6 expire 6 lines
10-16 14:53:47.950  3789  3789 D MccTable: updateMccMncConfiguration mccmnc='' fromServiceState=false
10-16 14:53:48.450  2264  2719 I chatty  : uid=1000(system) android.display expire 8 lines
10-16 14:53:48.482   271   277 D vold    : e4crypt_prepare_user_storage for volume null, user 0, serial 0, flags 2
10-16 14:53:48.483   271   277 D vold    : Preparing: /data/system_ce/0
10-16 14:53:48.483   271   277 D vold    : Preparing: /data/misc_ce/0
10-16 14:53:48.483   271   277 D vold    : Preparing: /data/media/0
10-16 14:53:48.483   271   277 D vold    : Preparing: /data/data
10-16 14:53:49.965  2264  2716 I chatty  : uid=1000(system) android.io expire 1 line
10-16 14:53:49.969   271   276 D vold    : Linking /storage/emulated/0 to /mnt/user/0/primary
10-16 14:53:50.231  4221  4221 W ContextImpl: Calling a method in the system process without a qualified user: android.app.ContextImpl.startService:1357 android.content.ContextWrapper.startService:613 android.content.ContextWrapper.startService:613 com.densowave.startup.receiver.StartupReceiver.onReceive:37 android.app.ActivityThread.handleReceiver:3041 
10-16 14:53:50.933  2264  2391 I chatty  : uid=1000(system) ActivityManager expire 10 lines
10-16 14:53:51.014  2264  2390 I chatty  : uid=1000(system) android.bg expire 3 lines
10-16 14:53:51.060  2264  3327 I chatty  : uid=1000(system) Binder:2264_3 expire 10 lines
10-16 14:53:51.099  4221  4250 W ContextImpl: Calling a method in the system process without a qualified user: android.app.ContextImpl.sendBroadcast:877 android.content.ContextWrapper.sendBroadcast:421 com.densowave.startup.util.ExecApp.doExecuteStartupSettins:88 com.densowave.startup.util.ExecApp.executeStartupSettins:63 com.densowave.startup.util.Startup.executeStartupSettins:216 
10-16 14:53:51.171  2264  3731 I chatty  : uid=1000(system) Binder:2264_4 expire 10 lines
10-16 14:53:51.253  2264  3326 I chatty  : uid=1000 system_server expire 1 line
10-16 14:53:51.379  2264  3812 I chatty  : uid=1000(system) Binder:2264_6 expire 8 lines
10-16 14:53:51.990  2264  2264 I chatty  : uid=1000 system_server expire 18 lines
10-16 14:53:52.336  2264  4234 I chatty  : uid=1000(system) backup expire 1 line
10-16 14:53:52.970  2264  4407 I chatty  : uid=1000(system) Binder:2264_D expire 12 lines
10-16 14:53:53.570  4282  4282 W KeyphraseEnrollmentInfo: No Enrollment application supports the given keyphrase/locale
10-16 14:53:53.705  2264  4445 I chatty  : uid=1000(system) Binder:2264_F expire 5 lines
10-16 14:53:53.722  4383  4383 W ContextImpl: Calling a method in the system process without a qualified user: android.app.ContextImpl.startActivity:767 android.content.ContextWrapper.startActivity:356 android.content.ContextWrapper.startActivity:356 com.densowave.startupsettings.util.HomeApp.dispHomeApp:81 com.densowave.startupsettings.receiver.StartupSettingsReceiver.onReceive:44 
10-16 14:53:53.723  4383  4383 W ContextImpl: Calling a method in the system process without a qualified user: android.app.ContextImpl.startActivity:779 android.app.ContextImpl.startActivity:768 android.content.ContextWrapper.startActivity:356 android.content.ContextWrapper.startActivity:356 com.densowave.startupsettings.util.HomeApp.dispHomeApp:81 
10-16 14:53:53.734  2264  3806 I chatty  : uid=1000(system) Binder:2264_5 expire 9 lines
10-16 14:53:54.066  4383  4383 W ContextImpl: Calling a method in the system process without a qualified user: android.app.ContextImpl.startService:1357 android.content.ContextWrapper.startService:613 com.densowave.startupsettings.MainActivity.onCreate:82 android.app.Activity.performCreate:6723 android.app.Instrumentation.callActivityOnCreate:1119 
10-16 14:53:54.229  2264  3314 I chatty  : uid=1000(system) WifiStateMachin expire 1 line
10-16 14:53:54.229  2264  3318 I chatty  : uid=1000(system) ConnectivitySer expire 8 lines
10-16 14:53:54.680  4383  4647 W ContextImpl: Calling a method in the system process without a qualified user: android.app.ContextImpl.sendBroadcast:877 android.content.ContextWrapper.sendBroadcast:421 android.content.ContextWrapper.sendBroadcast:421 com.densowave.startupsettings.util.BhtSettings.sendIntentDwSetupComp:1002 com.densowave.startupsettings.util.BhtSettings.doBhtSettingsStatus:653 
10-16 14:53:54.788  4383  4647 W ContextImpl: Calling a method in the system process without a qualified user: android.app.ContextImpl.sendBroadcast:877 android.content.ContextWrapper.sendBroadcast:421 android.content.ContextWrapper.sendBroadcast:421 com.densowave.startupsettings.util.BhtSettings.sendIntentComp:1166 com.densowave.startupsettings.util.BhtSettings.doBhtSettingsStatus:695 
10-16 14:53:54.844  2264  4395 I chatty  : uid=1000(system) Binder:2264_9 expire 11 lines
10-16 14:53:54.852  4383  4647 W ContextImpl: Calling a method in the system process without a qualified user: android.app.ContextImpl.startActivity:767 android.content.ContextWrapper.startActivity:356 android.content.ContextWrapper.startActivity:356 com.densowave.startupsettings.util.HomeApp.dispHomeApp:81 com.densowave.startupsettings.util.BhtSettings.unsettingHomeApp:577 
10-16 14:53:54.852  4383  4647 W ContextImpl: Calling a method in the system process without a qualified user: android.app.ContextImpl.startActivity:779 android.app.ContextImpl.startActivity:768 android.content.ContextWrapper.startActivity:356 android.content.ContextWrapper.startActivity:356 com.densowave.startupsettings.util.HomeApp.dispHomeApp:81 
10-16 14:53:54.855  2264  4403 I chatty  : uid=1000(system) Binder:2264_C expire 9 lines
10-16 14:53:55.569  2264  2395 I chatty  : uid=1000(system) batterystats-sy expire 1 line
10-16 14:53:56.033  2264  3324 I chatty  : uid=1000(system) onProviders.ECP expire 1 line
10-16 14:53:59.048  2264  4895 I chatty  : uid=1000 system_server expire 4 lines
10-16 14:53:59.333  2264  2302 I chatty  : uid=1000(system) Binder:2264_1 expire 10 lines
10-16 14:53:59.373  2264  2305 I chatty  : uid=1000(system) Binder:2264_2 expire 10 lines
10-16 14:54:00.419  2264  2740 I chatty  : uid=1000(system) PowerManagerSer expire 4 lines
10-16 14:54:01.115  2264  2719 I chatty  : uid=1000(system) android.display expire 1 line
10-16 14:54:01.319  2264  2714 I chatty  : uid=1000(system) android.fg expire 1 line
10-16 14:54:01.635  2264  4396 I chatty  : uid=1000(system) Binder:2264_A expire 6 lines
10-16 14:54:01.779  5070  5070 W ContextImpl: Calling a method in the system process without a qualified user: android.app.ContextImpl.startService:1357 android.content.ContextWrapper.startService:613 android.content.ContextWrapper.startService:613 com.qualcomm.qti.qs.QSBroadcastReceiver.onReceive:22 android.app.ActivityThread.handleReceiver:3041 
10-16 14:54:01.871  5070  5070 W ContextImpl: Calling a method in the system process without a qualified user: android.app.ContextImpl.sendBroadcast:877 android.content.ContextWrapper.sendBroadcast:421 com.qualcomm.qti.qs.tiles.AudioProfileTile.handleUpdateState:82 com.qualcomm.qti.qs.tiles.AudioProfileTile.<init>:37 com.qualcomm.qti.qs.QSService.createTile:60 
10-16 14:54:01.913  5070  5070 W ContextImpl: Calling a method in the system process without a qualified user: android.app.ContextImpl.sendBroadcast:877 android.content.ContextWrapper.sendBroadcast:421 com.qualcomm.qti.qs.tiles.ApnTile.handleUpdateState:94 com.qualcomm.qti.qs.QSService.onStartCommand:108 android.app.ActivityThread.handleServiceArgs:3327 
10-16 14:54:01.926  5070  5070 W ContextImpl: Calling a method in the system process without a qualified user: android.app.ContextImpl.sendBroadcast:877 android.content.ContextWrapper.sendBroadcast:421 com.qualcomm.qti.qs.tiles.DataTile.handleUpdateState:77 com.qualcomm.qti.qs.QSService.onStartCommand:108 android.app.ActivityThread.handleServiceArgs:3327 
10-16 14:54:01.936  5070  5070 W ContextImpl: Calling a method in the system process without a qualified user: android.app.ContextImpl.sendBroadcast:877 android.content.ContextWrapper.sendBroadcast:421 com.qualcomm.qti.qs.tiles.DdsTile.handleUpdateState:102 com.qualcomm.qti.qs.QSService.onStartCommand:108 android.app.ActivityThread.handleServiceArgs:3327 
10-16 14:54:01.947  5070  5070 W ContextImpl: Calling a method in the system process without a qualified user: android.app.ContextImpl.sendBroadcast:877 android.content.ContextWrapper.sendBroadcast:421 com.qualcomm.qti.qs.tiles.RoamingTile.handleUpdateState:75 com.qualcomm.qti.qs.QSService.onStartCommand:108 android.app.ActivityThread.handleServiceArgs:3327 
10-16 14:54:01.956  5070  5070 W ContextImpl: Calling a method in the system process without a qualified user: android.app.ContextImpl.sendBroadcast:877 android.content.ContextWrapper.sendBroadcast:421 com.qualcomm.qti.qs.tiles.AudioProfileTile.handleUpdateState:82 com.qualcomm.qti.qs.QSService.onStartCommand:108 android.app.ActivityThread.handleServiceArgs:3327 
10-16 14:54:01.963  5085  5085 W ContextImpl: Calling a method in the system process without a qualified user: android.app.ContextImpl.startService:1357 android.content.ContextWrapper.startService:613 android.content.ContextWrapper.startService:613 com.densowave.scansettings.receiver.BootReceiver.onReceive:45 android.app.ActivityThread.handleReceiver:3041 
10-16 14:54:01.972  5070  5070 W ContextImpl: Calling a method in the system process without a qualified user: android.app.ContextImpl.sendBroadcast:877 android.content.ContextWrapper.sendBroadcast:421 com.qualcomm.qti.qs.tiles.AudioProfileTile.handleUpdateState:82 com.qualcomm.qti.qs.tiles.AudioProfileTile$1.onReceive:30 android.app.LoadedApk$ReceiverDispatcher$Args.run:1122 
10-16 14:54:01.982  2264  3813 I chatty  : uid=1000(system) Binder:2264_7 expire 8 lines
10-16 14:54:01.996  5085  5085 W ContextImpl: Calling a method in the system process without a qualified user: android.app.ContextImpl.bindService:1421 android.content.ContextWrapper.bindService:636 com.densowave.bhtsdk.barcode.BarcodeManager.<init>:44 com.densowave.bhtsdk.barcode.BarcodeManager.create:96 com.densowave.scansettings.service.ScanService.onStartCommand:108 
10-16 14:54:02.014  2264  4394 I chatty  : uid=1000(system) Binder:2264_8 expire 6 lines
10-16 14:54:02.271  2264  4400 I chatty  : uid=1000(system) Binder:2264_B expire 7 lines
10-16 14:54:03.304  2264  2264 I chatty  : uid=1000 system_server expire 10 lines
10-16 14:54:10.579  2264  2393 I chatty  : uid=1000(system) ActivityManager expire 1 line
10-16 14:54:11.179  5641  5641 D ActivityThread: Loading provider com.google.android.gm.sapi: com.google.android.gm.sapi.SapiUiProvider
10-16 14:54:22.511  4315  4315 W ContextImpl: Calling a method in the system process without a qualified user: android.app.ContextImpl.startService:1357 android.content.ContextWrapper.startService:613 android.content.ContextWrapper.startService:613 com.qti.launcherunreadservice.BootCompletReceiver.onReceive:41 android.app.ActivityThread.handleReceiver:3041 
10-16 14:54:22.571  4315  4315 W ContextImpl: Calling a method in the system process without a qualified user: android.app.ContextImpl.sendBroadcast:877 android.content.ContextWrapper.sendBroadcast:421 com.qti.launcherunreadservice.LauncherUnreadService.sendUnreadChangedBroadcast:310 com.qti.launcherunreadservice.LauncherUnreadService.onStartCommand:167 android.app.ActivityThread.handleServiceArgs:3327 
10-16 14:54:22.604  4315  4315 W ContextImpl: Calling a method in the system process without a qualified user: android.app.ContextImpl.sendBroadcast:877 android.content.ContextWrapper.sendBroadcast:421 com.qti.launcherunreadservice.LauncherUnreadService.sendUnreadChangedBroadcast:310 com.qti.launcherunreadservice.LauncherUnreadService.onStartCommand:168 android.app.ActivityThread.handleServiceArgs:3327 
10-16 14:54:22.636  4315  4315 E ActivityThread: Failed to find provider info for com.android.email.provider
10-16 14:54:22.636  4315  4315 W ContextImpl: Calling a method in the system process without a qualified user: android.app.ContextImpl.sendBroadcast:877 android.content.ContextWrapper.sendBroadcast:421 com.qti.launcherunreadservice.LauncherUnreadService.sendUnreadChangedBroadcast:310 com.qti.launcherunreadservice.LauncherUnreadService.onStartCommand:169 android.app.ActivityThread.handleServiceArgs:3327 
10-16 14:54:22.719  6299  6299 W ContextImpl: Calling a method in the system process without a qualified user: android.app.ContextImpl.startService:1357 android.content.ContextWrapper.startService:613 android.content.ContextWrapper.startService:613 com.qualcomm.cabl.CABLReceiver.onReceive:30 android.app.ActivityThread.handleReceiver:3041 
10-16 14:54:22.748  2264  4395 I chatty  : uid=1000(system) Binder:2264_9 expire 4 lines
10-16 14:54:22.875  2264  4407 I chatty  : uid=1000(system) Binder:2264_D expire 3 lines
10-16 14:54:23.028  2264  2302 I chatty  : uid=1000(system) Binder:2264_1 expire 2 lines
10-16 14:54:23.197  6382  6382 W ContextImpl: Calling a method in the system process without a qualified user: android.app.ContextImpl.startService:1357 android.content.ContextWrapper.startService:613 android.content.ContextWrapper.startService:613 com.qualcomm.qti.appnetaccess.AppNetAccessReceiver.onReceive:24 android.app.ActivityThread.handleReceiver:3041 
10-16 14:54:23.311  6407  6407 W ContextImpl: Calling a method in the system process without a qualified user: android.app.ContextImpl.startService:1357 android.content.ContextWrapper.startService:613 com.qualcomm.qcrilhook.QcRilHook.<init>:102 com.qualcomm.qti.modemtestmode.MbnAppGlobals.onCreate:32 android.app.Instrumentation.callApplicationOnCreate:1025 
10-16 14:54:23.314  6407  6407 W ContextImpl: Calling a method in the system process without a qualified user: android.app.ContextImpl.bindService:1421 android.content.ContextWrapper.bindService:636 com.qualcomm.qcrilhook.QcRilHook.<init>:104 com.qualcomm.qti.modemtestmode.MbnAppGlobals.onCreate:32 android.app.Instrumentation.callApplicationOnCreate:1025 
10-16 14:54:23.328  6407  6407 W ContextImpl: Calling a method in the system process without a qualified user: android.app.ContextImpl.startService:1357 android.content.ContextWrapper.startService:613 android.content.ContextWrapper.startService:613 com.qualcomm.qti.modemtestmode.DefaultReceiver.onReceive:36 android.app.ActivityThread.handleReceiver:3041 
10-16 14:54:23.337  6407  6407 W ContextImpl: Calling a method in the system process without a qualified user: android.app.ContextImpl.bindService:1421 android.content.ContextWrapper.bindService:636 com.qualcomm.qti.modemtestmode.MbnSystemService.onCreate:101 android.app.ActivityThread.handleCreateService:3192 android.app.ActivityThread.-wrap5:-1 
10-16 14:54:23.369  3781  3781 W ContextImpl: Calling a method in the system process without a qualified user: android.app.ContextImpl.startService:1357 android.content.ContextWrapper.startService:613 android.content.ContextWrapper.startService:613 com.qualcomm.qti.tetherservice.TetherReceiver.onReceive:32 android.app.ActivityThread.handleReceiver:3041 
10-16 14:54:23.418  6348  6348 W ContextImpl: Calling a method in the system process without a qualified user: android.app.ContextImpl.startService:1357 android.content.ContextWrapper.startService:613 android.content.ContextWrapper.startService:613 com.qualcomm.simcontacts.SimStateReceiver.sendPhoneBoot:74 com.qualcomm.simcontacts.SimStateReceiver.onReceive:55 
10-16 14:54:23.457  6299  6299 W ContextImpl: Calling a method in the system process without a qualified user: android.app.ContextImpl.startService:1357 android.content.ContextWrapper.startService:613 android.content.ContextWrapper.startService:613 com.qualcomm.svi.SVIReceiver.onReceive:30 android.app.ActivityThread.handleReceiver:3041 
10-16 14:54:23.488  2264  2391 I chatty  : uid=1000(system) ActivityManager expire 4 lines
10-16 14:54:23.738  6464  6464 W ContextImpl: Calling a method in the system process without a qualified user: android.app.ContextImpl.startService:1357 android.content.ContextWrapper.startService:613 android.content.ContextWrapper.startService:613 com.densowave.device_management_system.Broadcast.BootReceiver.onReceive:30 android.app.ActivityThread.handleReceiver:3041 
10-16 14:54:23.855  6464  6464 W FileUtils: Failed to chmod(/storage/emulated/0/data/com.densowave.device_management_system/databases/denso86.db): android.system.ErrnoException: chmod failed: EPERM (Operation not permitted)
10-16 14:54:23.931  6480  6480 W ContextImpl: Calling a method in the system process without a qualified user: android.app.ContextImpl.startService:1357 android.content.ContextWrapper.startService:613 android.content.ContextWrapper.startService:613 com.densowave.logmanager.util.AppUtil.startLogService:368 com.densowave.logmanager.BootReceiver.onReceive:78 
10-16 14:54:24.450  6348  6348 W ContextImpl: Calling a method in the system process without a qualified user: android.app.ContextImpl.startService:1357 android.content.ContextWrapper.startService:613 android.content.ContextWrapper.startService:613 com.qualcomm.simcontacts.SimStateReceiver.sendSimState:83 com.qualcomm.simcontacts.SimStateReceiver.onReceive:53 
10-16 14:54:24.705  6348  6348 W ContextImpl: Calling a method in the system process without a qualified user: android.app.ContextImpl.startService:1357 android.content.ContextWrapper.startService:613 android.content.ContextWrapper.startService:613 com.qualcomm.simcontacts.SimStateReceiver.sendSimState:83 com.qualcomm.simcontacts.SimStateReceiver.onReceive:53 
10-16 14:54:24.811  2264  4413 I chatty  : uid=1000(system) Binder:2264_E expire 1 line
10-16 14:54:25.123  2264  2305 I chatty  : uid=1000(system) Binder:2264_2 expire 10 lines
10-16 14:54:26.285  6577  6577 W ContextImpl: Calling a method in the system process without a qualified user: android.app.ContextImpl.startActivity:767 android.content.ContextWrapper.startActivity:356 android.content.ContextWrapper.startActivity:356 com.densowave.bhtshell.receiver.StartupReceiver.onReceive:-1 android.app.ActivityThread.handleReceiver:3041 
10-16 14:54:26.286  6577  6577 W ContextImpl: Calling a method in the system process without a qualified user: android.app.ContextImpl.startActivity:779 android.app.ContextImpl.startActivity:768 android.content.ContextWrapper.startActivity:356 android.content.ContextWrapper.startActivity:356 com.densowave.bhtshell.receiver.StartupReceiver.onReceive:-1 
10-16 14:54:26.511  2264  4395 I chatty  : uid=1000(system) Binder:2264_9 expire 10 lines
10-16 14:54:26.522  6611  6611 W ContextImpl: Calling a method in the system process without a qualified user: android.app.ContextImpl.startActivity:767 android.content.ContextWrapper.startActivity:356 android.content.ContextWrapper.startActivity:356 com.densowave.touchtriggerservice.StartupReceiver.onReceive:28 android.app.ActivityThread.handleReceiver:3041 
10-16 14:54:26.523  6611  6611 W ContextImpl: Calling a method in the system process without a qualified user: android.app.ContextImpl.startActivity:779 android.app.ContextImpl.startActivity:768 android.content.ContextWrapper.startActivity:356 android.content.ContextWrapper.startActivity:356 com.densowave.touchtriggerservice.StartupReceiver.onReceive:28 
10-16 14:54:26.524  2264  3731 I chatty  : uid=1000(system) Binder:2264_4 expire 8 lines
10-16 14:54:26.584  2264  2391 I chatty  : uid=1000(system) ActivityManager expire 12 lines
10-16 14:54:26.631  2264  3806 I chatty  : uid=1000(system) Binder:2264_5 expire 10 lines
10-16 14:54:26.688  2264  2302 I chatty  : uid=1000(system) Binder:2264_1 expire 4 lines
10-16 14:54:26.739  2264  3812 I chatty  : uid=1000(system) Binder:2264_6 expire 10 lines
10-16 14:54:26.760  2264  4396 I chatty  : uid=1000(system) Binder:2264_A expire 5 lines
10-16 14:54:26.811  2264  4413 I chatty  : uid=1000(system) Binder:2264_E expire 5 lines
10-16 14:54:26.911  2264  3813 I chatty  : uid=1000(system) Binder:2264_7 expire 7 lines
10-16 14:54:26.932  2264  4394 I chatty  : uid=1000(system) Binder:2264_8 expire 10 lines
10-16 14:54:27.319  2264  3327 I chatty  : uid=1000(system) Binder:2264_3 expire 6 lines
10-16 14:54:27.346  2264  4407 I chatty  : uid=1000(system) Binder:2264_D expire 13 lines
10-16 14:54:27.473  2264  4403 I chatty  : uid=1000(system) Binder:2264_C expire 8 lines
10-16 14:54:27.480  2264  3318 I chatty  : uid=1000(system) ConnectivitySer expire 4 lines
10-16 14:54:27.572  2264  4445 I chatty  : uid=1000(system) Binder:2264_F expire 7 lines
10-16 14:54:29.266  6800  6800 D ActivityThread: Loading provider com.google.android.gm.sapi: com.google.android.gm.sapi.SapiUiProvider
10-16 14:54:29.550  2264  4400 I chatty  : uid=1000(system) Binder:2264_B expire 8 lines
10-16 14:54:32.189  2264  3301 I chatty  : uid=1000(system) InputReader expire 1 line
10-16 14:54:32.222  2264  2740 I chatty  : uid=1000(system) PowerManagerSer expire 4 lines
10-16 14:54:32.231  2264  2719 I chatty  : uid=1000(system) android.display expire 1 line
10-16 14:54:32.586  2264  2714 I chatty  : uid=1000(system) android.fg expire 1 line
10-16 14:54:33.784  3372  3372 V KeyguardDisplayManager: hide
10-16 14:54:34.965  3789  3789 W ViewRootImpl[]: Dropping event due to root view being removed: MotionEvent { action=ACTION_UP, actionButton=0, id[0]=0, x[0]=206.0, y[0]=313.211, toolType[0]=TOOL_TYPE_FINGER, buttonState=0, metaState=0, flags=0x0, edgeFlags=0x0, pointerCount=1, historySize=0, eventTime=86487, downTime=86443, deviceId=9, source=0xd002 }
10-16 14:54:47.976  2264  2941 I chatty  : uid=1000(system) PackageManager expire 34 lines
10-16 14:55:00.012  2264  2264 I chatty  : uid=1000 system_server expire 8 lines
10-16 14:55:04.652  7290  7290 W ContextImpl: Calling a method in the system process without a qualified user: android.app.ContextImpl.startService:1357 android.content.ContextWrapper.startService:613 android.content.ContextWrapper.startService:613 com.android.keychain.KeyChainBroadcastReceiver.onReceive:12 android.app.ActivityThread.handleReceiver:3041 
10-16 14:55:04.917  2264  2390 I chatty  : uid=1000(system) android.bg expire 2 lines
10-16 14:55:06.146  6382  6382 W ContextImpl: Calling a method in the system process without a qualified user: android.app.ContextImpl.startService:1357 android.content.ContextWrapper.startService:613 android.content.ContextWrapper.startService:613 com.qualcomm.qti.appnetaccess.AppNetAccessReceiver.onReceive:24 android.app.ActivityThread.handleReceiver:3041 
10-16 14:55:06.707  2264  2941 I chatty  : uid=1000(system) PackageManager expire 3 lines
10-16 14:55:09.119  2264  3294 I chatty  : uid=1000(system) AlarmManager expire 1 line
10-16 14:55:09.431  2264  2395 I chatty  : uid=1000(system) batterystats-sy expire 5 lines
10-16 15:14:48.891  2264  3300 I chatty  : uid=1000(system) InputDispatcher expire 2 lines
10-16 15:14:53.072  8733  8747 E ActivityThread: Failed to find provider info for com.qti.smq.qualcommFeedback.provider
10-16 15:14:56.409  8733  8747 E ActivityThread: Failed to find provider info for com.qti.smq.qualcommFeedback.provider
10-16 15:18:29.868  2264  2305 I chatty  : uid=1000(system) Binder:2264_2 expire 14 lines
10-16 15:23:16.699  2264  4403 I chatty  : uid=1000(system) Binder:2264_C expire 10 lines
10-16 15:23:16.869  2264  2302 I chatty  : uid=1000(system) Binder:2264_1 expire 10 lines
10-16 15:23:17.050  2264  2395 I chatty  : uid=1000(system) batterystats-sy expire 21 lines
10-16 15:23:17.097  2264  3304 I chatty  : uid=1000(system) VoldConnector expire 2 lines
10-16 15:23:17.268  2264  4407 I chatty  : uid=1000(system) Binder:2264_D expire 10 lines
10-16 15:23:29.113  2264  2391 I chatty  : uid=1000(system) ActivityManager expire 6 lines
10-16 15:23:29.217  2264  2390 I chatty  : uid=1000(system) android.bg expire 3 lines
10-16 15:23:35.842  2264  4396 I chatty  : uid=1000(system) Binder:2264_A expire 6 lines
10-16 15:23:38.706  2264  4400 I chatty  : uid=1000(system) Binder:2264_B expire 10 lines
10-16 15:23:38.752  2264  3806 I chatty  : uid=1000(system) Binder:2264_5 expire 8 lines
10-16 15:24:14.346  2264  4445 I chatty  : uid=1000(system) Binder:2264_F expire 7 lines
10-16 15:24:14.438  2264  3812 I chatty  : uid=1000(system) Binder:2264_6 expire 13 lines
10-16 15:24:48.064  2264  2264 I chatty  : uid=1000 system_server expire 11 lines
10-16 15:25:17.861  2264  3294 I chatty  : uid=1000(system) AlarmManager expire 3 lines
10-16 15:25:18.008  2264  4394 I chatty  : uid=1000(system) Binder:2264_8 expire 7 lines
10-16 15:25:18.048  2264  3731 I chatty  : uid=1000(system) Binder:2264_4 expire 11 lines
10-16 15:26:47.786  2264  4395 I chatty  : uid=1000(system) Binder:2264_9 expire 3 lines
10-16 15:26:47.787  2264  3318 I chatty  : uid=1000(system) ConnectivitySer expire 5 lines
10-16 15:26:47.788  2264  4413 I chatty  : uid=1000(system) Binder:2264_E expire 9 lines
10-16 15:26:47.812  2264  3813 I chatty  : uid=1000(system) Binder:2264_7 expire 6 lines
10-16 15:50:22.459  2264  3327 I chatty  : uid=1000(system) Binder:2264_3 expire 7 lines
10-16 16:04:00.136  2264  3303 I chatty  : uid=1000(system) MountService expire 1 line
10-16 16:04:00.138   271   276 E vold    : Failed to open /proc/9793: No such file or directory
10-16 16:05:42.029  2264  2305 I chatty  : uid=1000(system) Binder:2264_2 expire 4 lines
10-16 16:08:17.642  2264  3300 I chatty  : uid=1000(system) InputDispatcher expire 4 lines
10-16 16:08:39.727  2264  2302 I chatty  : uid=1000(system) Binder:2264_1 expire 3 lines
10-16 16:12:12.358  2264  2395 I chatty  : uid=1000(system) batterystats-sy expire 3 lines
10-16 16:15:23.048  2264  2264 I chatty  : uid=1000 system_server expire 1 line
10-16 16:15:45.086  2264  2941 I chatty  : uid=1000(system) PackageManager expire 10 lines
10-16 16:15:48.520  2264  4413 I chatty  : uid=1000(system) Binder:2264_E expire 3 lines
10-16 16:15:48.599  2264  3327 I chatty  : uid=1000(system) Binder:2264_3 expire 10 lines
10-16 16:15:48.933  2264  4445 I chatty  : uid=1000(system) Binder:2264_F expire 12 lines
10-16 16:15:49.196  2264  4394 I chatty  : uid=1000(system) Binder:2264_8 expire 8 lines
10-16 16:15:49.208  2264  3813 I chatty  : uid=1000(system) Binder:2264_7 expire 11 lines
10-16 16:15:51.448  2264  4395 I chatty  : uid=1000(system) Binder:2264_9 expire 14 lines
10-16 16:15:54.628  2264  3812 I chatty  : uid=1000(system) Binder:2264_6 expire 11 lines
10-16 16:15:55.214  2264  3731 I chatty  : uid=1000(system) Binder:2264_4 expire 15 lines
10-16 16:15:58.786  2264  4407 I chatty  : uid=1000(system) Binder:2264_D expire 5 lines
10-16 16:15:58.920  2264  3806 I chatty  : uid=1000(system) Binder:2264_5 expire 8 lines
10-16 16:16:03.371  2264  4400 I chatty  : uid=1000(system) Binder:2264_B expire 8 lines
10-16 16:16:03.390  2264  2391 I chatty  : uid=1000(system) ActivityManager expire 5 lines
10-16 16:16:03.440  2264  2302 I chatty  : uid=1000(system) Binder:2264_1 expire 6 lines
10-16 16:16:06.351  8733 14342 E ActivityThread: Failed to find provider info for com.qti.smq.qualcommFeedback.provider
10-16 16:16:09.600  2264  2305 I chatty  : uid=1000(system) Binder:2264_2 expire 6 lines
10-16 16:16:27.055  8733 14342 E ActivityThread: Failed to find provider info for com.qti.smq.qualcommFeedback.provider
10-16 16:16:33.082  2264  2264 I chatty  : uid=1000 system_server expire 14 lines
10-16 16:16:33.372  2264  2395 I chatty  : uid=1000(system) batterystats-sy expire 12 lines
10-16 16:16:33.710  2264  4403 I chatty  : uid=1000(system) Binder:2264_C expire 10 lines
10-16 16:16:35.532  2264  4396 I chatty  : uid=1000(system) Binder:2264_A expire 3 lines
10-16 16:16:40.301  8733 14666 E ActivityThread: Failed to find provider info for com.qti.smq.qualcommFeedback.provider
10-16 16:18:37.438  8733 15038 E ActivityThread: Failed to find provider info for com.qti.smq.qualcommFeedback.provider
10-16 16:18:59.389  2264  2390 I chatty  : uid=1000(system) android.bg expire 1 line
10-16 16:19:42.414  2264  3300 I chatty  : uid=1000(system) InputDispatcher expire 1 line
10-16 16:19:47.971  2264  3318 I chatty  : uid=1000(system) ConnectivitySer expire 6 lines
10-16 16:19:55.878 11776 11776 V FingerprintManager: FingerprintManagerService was null
10-16 16:19:58.202  2264  2264 I chatty  : uid=1000 system_server expire 13 lines
10-16 16:20:24.562  2264  4445 I chatty  : uid=1000(system) Binder:2264_F expire 4 lines
10-16 16:20:51.000  2264  3813 I chatty  : uid=1000(system) Binder:2264_7 expire 4 lines
10-16 16:21:25.583  2264  4395 I chatty  : uid=1000(system) Binder:2264_9 expire 1 line
10-16 16:22:01.590 16097 16097 D ActivityThread: Loading provider com.google.android.gm.sapi: com.google.android.gm.sapi.SapiUiProvider
10-16 16:22:19.928  2264  2395 I chatty  : uid=1000(system) batterystats-sy expire 6 lines
10-16 16:22:19.942  2264  2264 I chatty  : uid=1000 system_server expire 3 lines
10-16 16:23:08.476  2264  2725 I chatty  : uid=1000(system) CpuTracker expire 1 line
10-16 16:23:17.069  2264  2395 I chatty  : uid=1000(system) batterystats-sy expire 3 lines
10-16 16:23:20.457  2264  2264 I chatty  : uid=1000 system_server expire 13 lines
10-16 16:23:33.501  2264  2391 I chatty  : uid=1000(system) ActivityManager expire 17 lines
10-16 16:23:33.542  2264  2941 I chatty  : uid=1000(system) PackageManager expire 34 lines
10-16 16:23:33.590  2264  3731 I chatty  : uid=1000(system) Binder:2264_4 expire 1 line
10-16 16:23:33.590  2264  2302 I chatty  : uid=1000(system) Binder:2264_1 expire 4 lines
10-16 16:23:33.590  2264  2305 I chatty  : uid=1000(system) Binder:2264_2 expire 6 lines
10-16 16:23:33.592  2264  3318 I chatty  : uid=1000(system) ConnectivitySer expire 5 lines
10-16 16:23:34.585 16641 16641 W ContextImpl: Calling a method in the system process without a qualified user: android.app.ContextImpl.startService:1357 android.content.ContextWrapper.startService:613 android.content.ContextWrapper.startService:613 com.android.keychain.KeyChainBroadcastReceiver.onReceive:12 android.app.ActivityThread.handleReceiver:3041 
10-16 16:23:34.602  2264  4396 I chatty  : uid=1000(system) Binder:2264_A expire 3 lines
10-16 16:23:34.909  6382  6382 W ContextImpl: Calling a method in the system process without a qualified user: android.app.ContextImpl.startService:1357 android.content.ContextWrapper.startService:613 android.content.ContextWrapper.startService:613 com.qualcomm.qti.appnetaccess.AppNetAccessReceiver.onReceive:24 android.app.ActivityThread.handleReceiver:3041 
10-16 16:23:36.906  2264  4413 I chatty  : uid=1000(system) Binder:2264_E expire 3 lines
10-16 16:23:48.959 16641 16641 W ContextImpl: Calling a method in the system process without a qualified user: android.app.ContextImpl.startService:1357 android.content.ContextWrapper.startService:613 android.content.ContextWrapper.startService:613 com.android.keychain.KeyChainBroadcastReceiver.onReceive:12 android.app.ActivityThread.handleReceiver:3041 
10-16 16:23:49.195  2264  2264 I chatty  : uid=1000 system_server expire 14 lines
10-16 16:23:49.376  6382  6382 W ContextImpl: Calling a method in the system process without a qualified user: android.app.ContextImpl.startService:1357 android.content.ContextWrapper.startService:613 android.content.ContextWrapper.startService:613 com.qualcomm.qti.appnetaccess.AppNetAccessReceiver.onReceive:24 android.app.ActivityThread.handleReceiver:3041 
10-16 16:24:00.872  2264  4395 I chatty  : uid=1000(system) Binder:2264_9 expire 3 lines
10-16 16:24:00.982  2264  4400 I chatty  : uid=1000(system) Binder:2264_B expire 4 lines
10-16 16:24:10.963  2264  3806 I chatty  : uid=1000(system) Binder:2264_5 expire 4 lines
10-16 16:24:14.201  2264  2941 I chatty  : uid=1000(system) PackageManager expire 14 lines
10-16 16:24:20.112  2264  2391 I chatty  : uid=1000(system) ActivityManager expire 10 lines
10-16 16:24:20.851 16641 16641 W ContextImpl: Calling a method in the system process without a qualified user: android.app.ContextImpl.startService:1357 android.content.ContextWrapper.startService:613 android.content.ContextWrapper.startService:613 com.android.keychain.KeyChainBroadcastReceiver.onReceive:12 android.app.ActivityThread.handleReceiver:3041 
10-16 16:24:21.050  2264  2264 I chatty  : uid=1000 system_server expire 28 lines
